 racermate

 Timestamp is 5294a367 (Tue Nov 26 08:34:31 2013)

 Preferred load address is 10000000

 Start         Length     Name                   Class
 0001:00000000 00031e8bH .text                   CODE
 0001:00031e90 00001b65H .text$x                 CODE
 0001:00033a00 00000368H .text$yc                CODE
 0001:00033d70 0000018aH .text$yd                CODE
 0002:00000000 000002f4H .idata$5                DATA
 0002:000002f4 00000004H .CRT$XCA                DATA
 0002:000002f8 00000028H .CRT$XCU                DATA
 0002:00000320 00000004H .CRT$XCZ                DATA
 0002:00000324 00000004H .CRT$XIA                DATA
 0002:00000328 00000004H .CRT$XIAA               DATA
 0002:0000032c 00000004H .CRT$XIC                DATA
 0002:00000330 00000004H .CRT$XIZ                DATA
 0002:00000338 00004950H .rdata                  DATA
 0002:00004c88 00000facH .rdata$r                DATA
 0002:00005c40 000001d4H .rdata$sxdata           DATA
 0002:00005e14 00000004H .rtc$IAA                DATA
 0002:00005e18 00000004H .rtc$IZZ                DATA
 0002:00005e1c 00000004H .rtc$TAA                DATA
 0002:00005e20 00000004H .rtc$TZZ                DATA
 0002:00005e28 00001ff0H .xdata$x                DATA
 0002:00007e18 0000008cH .idata$2                DATA
 0002:00007ea4 00000014H .idata$3                DATA
 0002:00007eb8 000002f4H .idata$4                DATA
 0002:000081ac 00000e88H .idata$6                DATA
 0002:00009040 0000316bH .edata                  DATA
 0003:00000000 00002380H .data                   DATA
 0003:00002380 00026c78H .bss                    DATA

  Address         Publics by Value              Rva+Base       Lib:Object

 0000:00000000       __except_list              00000000     <absolute>
 0000:00000075       ___safe_se_handler_count   00000075     <absolute>
 0000:00009876       __ldused                   00009876     <absolute>
 0000:00009876       __fltused                  00009876     <absolute>
 0000:00000000       ___ImageBase               10000000     <linker-defined>
 0001:00000000       ??1bad_alloc@std@@UAE@XZ   10001000 f i tlib:formula.obj
 0001:00000010       ??_Ebad_alloc@std@@UAEPAXI@Z 10001010 f i  CIL library: CIL module
 0001:00000010       ??_Gbad_alloc@std@@UAEPAXI@Z 10001010 f i tlib:formula.obj
 0001:00000040       ??0logic_error@std@@QAE@ABV?$basic_string@DU?$char_traits@D@std@@V?$allocator@D@2@@1@@Z 10001040 f i tlib:formula.obj
 0001:000000a0       ?what@logic_error@std@@UBEPBDXZ 100010a0 f i tlib:formula.obj
 0001:000000b0       ??_Glogic_error@std@@UAEPAXI@Z 100010b0 f i tlib:formula.obj
 0001:000000b0       ??_Elength_error@std@@UAEPAXI@Z 100010b0 f i  CIL library: CIL module
 0001:000000b0       ??_Elogic_error@std@@UAEPAXI@Z 100010b0 f i  CIL library: CIL module
 0001:000000b0       ??_Glength_error@std@@UAEPAXI@Z 100010b0 f i tlib:formula.obj
 0001:000000e0       ??1length_error@std@@UAE@XZ 100010e0 f i tlib:formula.obj
 0001:00000100       ?set_ftp@Formula@@QAEXM@Z  10001100 f i tlib:formula.obj
 0001:00000110       ?get_ftp@Formula@@QAEMXZ   10001110 f i tlib:formula.obj
 0001:00000120       ?get_x_np@Formula@@QAEMXZ  10001120 f i tlib:formula.obj
 0001:00000130       ?get_x_tss@Formula@@QAEMXZ 10001130 f i tlib:formula.obj
 0001:00000140       ?get_x_if@Formula@@QAEMXZ  10001140 f i tlib:formula.obj
 0001:00000150       ?get_avg_watts@Formula@@QAEMXZ 10001150 f i tlib:formula.obj
 0001:00000160       ??0Formula@@QAE@ABV0@@Z    10001160 f i tlib:formula.obj
 0001:00000220       ??4Formula@@QAEAAV0@ABV0@@Z 10001220 f i tlib:formula.obj
 0001:000002e0       ??_FFormula@@QAEXXZ        100012e0 f i tlib:formula.obj
 0001:000002f0       ??_EFormula@@UAEPAXI@Z     100012f0 f i tlib:formula.obj
 0001:00000350       ??0Formula@@QAE@M@Z        10001350 f   tlib:formula.obj
 0001:00000440       ??1Formula@@UAE@XZ         10001440 f   tlib:formula.obj
 0001:000004f0       ?reset@Formula@@QAEXXZ     100014f0 f   tlib:formula.obj
 0001:00000580       ?calc@Formula@@QAEXKM@Z    10001580 f   tlib:formula.obj
 0001:000007e0       ??0?$deque@UFORMULA_PAIR@@V?$allocator@UFORMULA_PAIR@@@std@@@std@@QAE@ABV01@@Z 100017e0 f i tlib:formula.obj
 0001:000008c0       ??1?$deque@UFORMULA_PAIR@@V?$allocator@UFORMULA_PAIR@@@std@@@std@@QAE@XZ 100018c0 f i tlib:formula.obj
 0001:000008c0       ??1?$deque@NV?$allocator@N@std@@@std@@QAE@XZ 100018c0 f i tlib:velotron.obj
 0001:000008e0       ??4?$deque@UFORMULA_PAIR@@V?$allocator@UFORMULA_PAIR@@@std@@@std@@QAEAAV01@ABV01@@Z 100018e0 f i tlib:formula.obj
 0001:00000a50       ?push_back@?$deque@UFORMULA_PAIR@@V?$allocator@UFORMULA_PAIR@@@std@@@std@@QAEXABUFORMULA_PAIR@@@Z 10001a50 f i tlib:formula.obj
 0001:00000ad0       ?pop_back@?$deque@NV?$allocator@N@std@@@std@@QAEXXZ 10001ad0 f i tlib:velotron.obj
 0001:00000ad0       ?pop_back@?$deque@UFORMULA_PAIR@@V?$allocator@UFORMULA_PAIR@@@std@@@std@@QAEXXZ 10001ad0 f i tlib:formula.obj
 0001:00000af0       ?begin@?$deque@NV?$allocator@N@std@@@std@@QAE?AV?$_Deque_iterator@NV?$allocator@N@std@@$00@2@XZ 10001af0 f i tlib:velotron.obj
 0001:00000af0       ?begin@?$deque@UFORMULA_PAIR@@V?$allocator@UFORMULA_PAIR@@@std@@@std@@QAE?AV?$_Deque_iterator@UFORMULA_PAIR@@V?$allocator@UFORMULA_PAIR@@@std@@$00@2@XZ 10001af0 f i tlib:formula.obj
 0001:00000af0       ?begin@?$deque@UFORMULA_PAIR@@V?$allocator@UFORMULA_PAIR@@@std@@@std@@QBE?AV?$_Deque_const_iterator@UFORMULA_PAIR@@V?$allocator@UFORMULA_PAIR@@@std@@$00@2@XZ 10001af0 f i tlib:formula.obj
 0001:00000af0       ?begin@?$deque@NV?$allocator@N@std@@@std@@QBE?AV?$_Deque_const_iterator@NV?$allocator@N@std@@$00@2@XZ 10001af0 f i tlib:velotron.obj
 0001:00000b20       ?end@?$deque@NV?$allocator@N@std@@@std@@QAE?AV?$_Deque_iterator@NV?$allocator@N@std@@$00@2@XZ 10001b20 f i tlib:velotron.obj
 0001:00000b20       ?end@?$deque@UFORMULA_PAIR@@V?$allocator@UFORMULA_PAIR@@@std@@@std@@QAE?AV?$_Deque_iterator@UFORMULA_PAIR@@V?$allocator@UFORMULA_PAIR@@@std@@$00@2@XZ 10001b20 f i tlib:formula.obj
 0001:00000b20       ?end@?$deque@UFORMULA_PAIR@@V?$allocator@UFORMULA_PAIR@@@std@@@std@@QBE?AV?$_Deque_const_iterator@UFORMULA_PAIR@@V?$allocator@UFORMULA_PAIR@@@std@@$00@2@XZ 10001b20 f i tlib:formula.obj
 0001:00000b20       ?end@?$deque@NV?$allocator@N@std@@@std@@QBE?AV?$_Deque_const_iterator@NV?$allocator@N@std@@$00@2@XZ 10001b20 f i tlib:velotron.obj
 0001:00000b50       ?erase@?$deque@UFORMULA_PAIR@@V?$allocator@UFORMULA_PAIR@@@std@@@std@@QAE?AV?$_Deque_iterator@UFORMULA_PAIR@@V?$allocator@UFORMULA_PAIR@@@std@@$00@2@V?$_Deque_const_iterator@UFORMULA_PAIR@@V?$allocator@UFORMULA_PAIR@@@std@@$00@2@0@Z 10001b50 f i tlib:formula.obj
 0001:00000d50       ?_Growmap@?$deque@NV?$allocator@N@std@@@std@@IAEXI@Z 10001d50 f i tlib:velotron.obj
 0001:00000d50       ?_Growmap@?$deque@UFORMULA_PAIR@@V?$allocator@UFORMULA_PAIR@@@std@@@std@@IAEXI@Z 10001d50 f i tlib:formula.obj
 0001:00000eb0       ?_Tidy@?$deque@UFORMULA_PAIR@@V?$allocator@UFORMULA_PAIR@@@std@@@std@@IAEXXZ 10001eb0 f i tlib:formula.obj
 0001:00000eb0       ?_Tidy@?$deque@NV?$allocator@N@std@@@std@@IAEXXZ 10001eb0 f i tlib:velotron.obj
 0001:00000f20       ?_Xlen@?$deque@UTCRF@@V?$allocator@UTCRF@@@std@@@std@@KAXXZ 10001f20 f i glib:crf.obj
 0001:00000f20       ?_Xlen@?$deque@UFORMULA_PAIR@@V?$allocator@UFORMULA_PAIR@@@std@@@std@@KAXXZ 10001f20 f i tlib:formula.obj
 0001:00000f20       ?_Xlen@?$deque@NV?$allocator@N@std@@@std@@KAXXZ 10001f20 f i tlib:velotron.obj
 0001:00000f90       ??0length_error@std@@QAE@ABV01@@Z 10001f90 f i tlib:formula.obj
 0001:00000fb0       ??0logic_error@std@@QAE@ABV01@@Z 10001fb0 f i tlib:formula.obj
 0001:00001020       ??$_Pow_int@M@@YAMMH@Z     10002020 f i tlib:formula.obj
 0001:00001060       ??$insert@V?$_Deque_const_iterator@UFORMULA_PAIR@@V?$allocator@UFORMULA_PAIR@@@std@@$00@std@@@?$deque@UFORMULA_PAIR@@V?$allocator@UFORMULA_PAIR@@@std@@@std@@QAEXV?$_Deque_const_iterator@UFORMULA_PAIR@@V?$allocator@UFORMULA_PAIR@@@std@@$00@1@00@Z 10002060 f i tlib:formula.obj
 0001:000010a0       ??$copy@V?$_Deque_const_iterator@UFORMULA_PAIR@@V?$allocator@UFORMULA_PAIR@@@std@@$00@std@@V?$_Deque_iterator@UFORMULA_PAIR@@V?$allocator@UFORMULA_PAIR@@@std@@$00@2@@std@@YA?AV?$_Deque_iterator@UFORMULA_PAIR@@V?$allocator@UFORMULA_PAIR@@@std@@$00@0@V?$_Deque_const_iterator@UFORMULA_PAIR@@V?$allocator@UFORMULA_PAIR@@@std@@$00@0@0V10@@Z 100020a0 f i tlib:formula.obj
 0001:00001110       ??$copy_backward@V?$_Deque_iterator@UFORMULA_PAIR@@V?$allocator@UFORMULA_PAIR@@@std@@$00@std@@V12@@std@@YA?AV?$_Deque_iterator@UFORMULA_PAIR@@V?$allocator@UFORMULA_PAIR@@@std@@$00@0@V10@00@Z 10002110 f i tlib:formula.obj
 0001:00001180       ??$copy@V?$_Deque_iterator@UFORMULA_PAIR@@V?$allocator@UFORMULA_PAIR@@@std@@$00@std@@V12@@std@@YA?AV?$_Deque_iterator@UFORMULA_PAIR@@V?$allocator@UFORMULA_PAIR@@@std@@$00@0@V10@00@Z 10002180 f i tlib:formula.obj
 0001:000011f0       ??$_Allocate@PAN@std@@YAPAPANIPAPAN@Z 100021f0 f i tlib:velotron.obj
 0001:000011f0       ??$_Allocate@PAUFORMULA_PAIR@@@std@@YAPAPAUFORMULA_PAIR@@IPAPAU1@@Z 100021f0 f i tlib:formula.obj
 0001:00001250       ??0bad_alloc@std@@QAE@ABV01@@Z 10002250 f i tlib:formula.obj
 0001:00001270       ??$_Insert@V?$_Deque_const_iterator@UFORMULA_PAIR@@V?$allocator@UFORMULA_PAIR@@@std@@$00@std@@@?$deque@UFORMULA_PAIR@@V?$allocator@UFORMULA_PAIR@@@std@@@std@@QAEXV?$_Deque_const_iterator@UFORMULA_PAIR@@V?$allocator@UFORMULA_PAIR@@@std@@$00@1@00Uinput_iterator_tag@1@@Z 10002270 f i tlib:formula.obj
 0001:00001480       ??$_Copy_opt@V?$_Deque_const_iterator@UFORMULA_PAIR@@V?$allocator@UFORMULA_PAIR@@@std@@$0A@@std@@V?$_Deque_iterator@UFORMULA_PAIR@@V?$allocator@UFORMULA_PAIR@@@std@@$00@2@@std@@YA?AV?$_Deque_iterator@UFORMULA_PAIR@@V?$allocator@UFORMULA_PAIR@@@std@@$00@0@V?$_Deque_const_iterator@UFORMULA_PAIR@@V?$allocator@UFORMULA_PAIR@@@std@@$0A@@0@0V10@Urandom_access_iterator_tag@0@U_Nonscalar_ptr_iterator_tag@0@U_Range_checked_iterator_tag@0@@Z 10002480 f i tlib:formula.obj
 0001:00001510       ??$_Copy_backward_opt@V?$_Deque_iterator@UFORMULA_PAIR@@V?$allocator@UFORMULA_PAIR@@@std@@$0A@@std@@V?$_Deque_iterator@UFORMULA_PAIR@@V?$allocator@UFORMULA_PAIR@@@std@@$00@2@@std@@YA?AV?$_Deque_iterator@UFORMULA_PAIR@@V?$allocator@UFORMULA_PAIR@@@std@@$00@0@V?$_Deque_iterator@UFORMULA_PAIR@@V?$allocator@UFORMULA_PAIR@@@std@@$0A@@0@0V10@Urandom_access_iterator_tag@0@U_Nonscalar_ptr_iterator_tag@0@U_Range_checked_iterator_tag@0@@Z 10002510 f i tlib:formula.obj
 0001:000015a0       ??$_Copy_opt@V?$_Deque_iterator@UFORMULA_PAIR@@V?$allocator@UFORMULA_PAIR@@@std@@$0A@@std@@V?$_Deque_iterator@UFORMULA_PAIR@@V?$allocator@UFORMULA_PAIR@@@std@@$00@2@@std@@YA?AV?$_Deque_iterator@UFORMULA_PAIR@@V?$allocator@UFORMULA_PAIR@@@std@@$00@0@V?$_Deque_iterator@UFORMULA_PAIR@@V?$allocator@UFORMULA_PAIR@@@std@@$0A@@0@0V10@Urandom_access_iterator_tag@0@U_Nonscalar_ptr_iterator_tag@0@U_Range_checked_iterator_tag@0@@Z 100025a0 f i tlib:formula.obj
 0001:00001630       ?push_front@?$deque@UFORMULA_PAIR@@V?$allocator@UFORMULA_PAIR@@@std@@@std@@QAEXABUFORMULA_PAIR@@@Z 10002630 f i tlib:formula.obj
 0001:000016b0       ?_Reverse@?$deque@UFORMULA_PAIR@@V?$allocator@UFORMULA_PAIR@@@std@@@std@@QAEXII@Z 100026b0 f i tlib:formula.obj
 0001:000017f0       ??$_Copy_opt@V?$_Deque_const_iterator@UFORMULA_PAIR@@V?$allocator@UFORMULA_PAIR@@@std@@$0A@@std@@V?$_Deque_iterator@UFORMULA_PAIR@@V?$allocator@UFORMULA_PAIR@@@std@@$0A@@2@Uforward_iterator_tag@2@@std@@YA?AV?$_Deque_iterator@UFORMULA_PAIR@@V?$allocator@UFORMULA_PAIR@@@std@@$0A@@0@V?$_Deque_const_iterator@UFORMULA_PAIR@@V?$allocator@UFORMULA_PAIR@@@std@@$0A@@0@0V10@Uforward_iterator_tag@0@U_Nonscalar_ptr_iterator_tag@0@U_Range_checked_iterator_tag@0@@Z 100027f0 f i tlib:formula.obj
 0001:00001850       ??$_Copy_backward_opt@V?$_Deque_iterator@UFORMULA_PAIR@@V?$allocator@UFORMULA_PAIR@@@std@@$0A@@std@@V12@Uforward_iterator_tag@2@@std@@YA?AV?$_Deque_iterator@UFORMULA_PAIR@@V?$allocator@UFORMULA_PAIR@@@std@@$0A@@0@V10@00Uforward_iterator_tag@0@U_Nonscalar_ptr_iterator_tag@0@U_Range_checked_iterator_tag@0@@Z 10002850 f i tlib:formula.obj
 0001:000018b0       ??$_Copy_opt@V?$_Deque_iterator@UFORMULA_PAIR@@V?$allocator@UFORMULA_PAIR@@@std@@$0A@@std@@V12@Uforward_iterator_tag@2@@std@@YA?AV?$_Deque_iterator@UFORMULA_PAIR@@V?$allocator@UFORMULA_PAIR@@@std@@$0A@@0@V10@00Uforward_iterator_tag@0@U_Nonscalar_ptr_iterator_tag@0@U_Range_checked_iterator_tag@0@@Z 100028b0 f i tlib:formula.obj
 0001:00001910       ??D?$_Deque_const_iterator@NV?$allocator@N@std@@$0A@@std@@QBEABNXZ 10002910 f i tlib:velotron.obj
 0001:00001910       ??D?$_Deque_const_iterator@NV?$allocator@N@std@@$00@std@@QBEABNXZ 10002910 f i tlib:velotron.obj
 0001:00001910       ??D?$_Deque_const_iterator@UFORMULA_PAIR@@V?$allocator@UFORMULA_PAIR@@@std@@$00@std@@QBEABUFORMULA_PAIR@@XZ 10002910 f i tlib:formula.obj
 0001:00001910       ??D?$_Deque_const_iterator@UFORMULA_PAIR@@V?$allocator@UFORMULA_PAIR@@@std@@$0A@@std@@QBEABUFORMULA_PAIR@@XZ 10002910 f i tlib:formula.obj
 0001:000019a0       ??0Monarch@@QAE@ABV0@@Z    100029a0 f i tlib:monarch.obj
 0001:00001a70       ??4Monarch@@QAEAAV0@ABV0@@Z 10002a70 f i tlib:monarch.obj
 0001:00001b30       ??_FMonarch@@QAEXXZ        10002b30 f i tlib:monarch.obj
 0001:00001b50       ??_EMonarch@@UAEPAXI@Z     10002b50 f i tlib:monarch.obj
 0001:00001bb0       ??0Monarch@@QAE@N@Z        10002bb0 f   tlib:monarch.obj
 0001:00001c60       ??1Monarch@@UAE@XZ         10002c60 f   tlib:monarch.obj
 0001:00001c70       ?set_dropped_weight@Monarch@@QAEXN@Z 10002c70 f   tlib:monarch.obj
 0001:00001c90       ??4SDIRS@@QAEAAV0@ABV0@@Z  10002c90 f i tlib:physics.obj
 0001:00001cb0       ?get_str@fatalError@@QAEPBDXZ 10002cb0 f i tlib:physics.obj
 0001:00001cc0       ?get_filename@fatalError@@QAEPBDXZ 10002cc0 f i tlib:physics.obj
 0001:00001cd0       ??0fatalError@@QAE@ABV0@@Z 10002cd0 f i tlib:physics.obj
 0001:00001d00       ??_EfatalError@@UAEPAXI@Z  10002d00 f i tlib:physics.obj
 0001:00001d60       ?getFullName@Person@@QAEPADXZ 10002d60 f i tlib:physics.obj
 0001:00001df0       ?get_xb_dob@Person@@QAEPADXZ 10002df0 f i tlib:physics.obj
 0001:00001e20       ?get_physics_mode_x@dataSource@@UAE?AW4MODE@Physics@@XZ 10002e20 f i tlib:datasource.obj
 0001:00001e20       ?getfnamesize@Person@@QAEHXZ 10002e20 f i tlib:physics.obj
 0001:00001e20       ?getlnamesize@Person@@QAEHXZ 10002e20 f i tlib:physics.obj
 0001:00001e30       ?getDOB@Person@@QAEPADXZ   10002e30 f i tlib:physics.obj
 0001:00001e40       ?getAge@Person@@QAENXZ     10002e40 f i tlib:physics.obj
 0001:00001e50       ?getpounds@Person@@QAEMXZ  10002e50 f i tlib:physics.obj
 0001:00001e70       ?getkgs@Person@@QAENXZ     10002e70 f i tlib:physics.obj
 0001:00001e80       ?get_firstname@Person@@QAEPBDXZ 10002e80 f i tlib:physics.obj
 0001:00001e80       ?getfname@Person@@QAEPBDXZ 10002e80 f i tlib:physics.obj
 0001:00001e90       ?getmname@Person@@QAEPADXZ 10002e90 f i tlib:physics.obj
 0001:00001ea0       ?getcm@Person@@QAEMXZ      10002ea0 f i tlib:physics.obj
 0001:00001eb0       ?getbmo@Person@@QAEHXZ     10002eb0 f i tlib:physics.obj
 0001:00001ec0       ?getbday@Person@@QAEHXZ    10002ec0 f i tlib:physics.obj
 0001:00001ed0       ?getbyear@Person@@QAEHXZ   10002ed0 f i tlib:physics.obj
 0001:00001ee0       ?getphone@Person@@QAEPADXZ 10002ee0 f i tlib:physics.obj
 0001:00001ef0       ?getaddress@Person@@QAEPADXZ 10002ef0 f i tlib:physics.obj
 0001:00001f00       ?getcity@Person@@QAEPBDXZ  10002f00 f i tlib:physics.obj
 0001:00001f20       ?getstate@Person@@QAEPBDXZ 10002f20 f i tlib:physics.obj
 0001:00001f40       ?getcountry@Person@@QAEPBDXZ 10002f40 f i tlib:physics.obj
 0001:00001f60       ?getzip@Person@@QAEPBDXZ   10002f60 f i tlib:physics.obj
 0001:00001f80       ?getemail@Person@@QAEPBDXZ 10002f80 f i tlib:physics.obj
 0001:00001fa0       ?getecontact@Person@@QAEPADXZ 10002fa0 f i tlib:physics.obj
 0001:00001fb0       ?getephone@Person@@QAEPADXZ 10002fb0 f i tlib:physics.obj
 0001:00001fc0       ?getsex@Person@@QAEDXZ     10002fc0 f i tlib:physics.obj
 0001:00001fd0       ?getsexString@Person@@QAEPBDXZ 10002fd0 f i tlib:physics.obj
 0001:00001ff0       ?getInitials@Person@@QAEPADXZ 10002ff0 f i tlib:physics.obj
 0001:00002000       ?getName2@Person@@QAEPADXZ 10003000 f i tlib:physics.obj
 0001:00002010       ?getmi@Person@@QAEPADXZ    10003010 f i tlib:physics.obj
 0001:00002020       ?getName@Person@@QAEPADXZ  10003020 f i tlib:physics.obj
 0001:000020c0       ?getInches@Person@@QAEMXZ  100030c0 f i tlib:physics.obj
 0001:000020e0       ?getlname@Person@@QAEPBDXZ 100030e0 f i tlib:physics.obj
 0001:000020e0       ?get_lastname@Person@@QAEPBDXZ 100030e0 f i tlib:physics.obj
 0001:000020f0       ?setDOB@Person@@QAEXPBD@Z  100030f0 f i tlib:physics.obj
 0001:00002120       ?setpounds@Person@@QAEXN@Z 10003120 f i tlib:physics.obj
 0001:00002130       ?setkgs@Person@@QAEXN@Z    10003130 f i tlib:physics.obj
 0001:00002140       ?setlname@Person@@QAEXPAD@Z 10003140 f i tlib:physics.obj
 0001:00002150       ?setfname@Person@@QAEXPAD@Z 10003150 f i tlib:physics.obj
 0001:00002160       ?setmname@Person@@QAEXPAD@Z 10003160 f i tlib:physics.obj
 0001:000021a0       ?setcm@Person@@QAEXM@Z     100031a0 f i tlib:physics.obj
 0001:000021a0       ?set_lower_hr@Decoder@@UAEXM@Z 100031a0 f i tlib:decoder.obj
 0001:000021b0       ?setInches@Person@@QAEXM@Z 100031b0 f i tlib:physics.obj
 0001:000021d0       ?setbmo@Person@@QAEXH@Z    100031d0 f i tlib:physics.obj
 0001:000021e0       ?setbday@Person@@QAEXH@Z   100031e0 f i tlib:physics.obj
 0001:000021f0       ?setbyear@Person@@QAEXH@Z  100031f0 f i tlib:physics.obj
 0001:00002200       ?setphone@Person@@QAEXPAD@Z 10003200 f i tlib:physics.obj
 0001:00002220       ?setaddress@Person@@QAEXPAD@Z 10003220 f i tlib:physics.obj
 0001:00002240       ?setsex@Person@@QAEXD@Z    10003240 f i tlib:physics.obj
 0001:00002250       ?setcity@Person@@QAEXPAD@Z 10003250 f i tlib:physics.obj
 0001:00002260       ?setstate@Person@@QAEXPAD@Z 10003260 f i tlib:physics.obj
 0001:00002270       ?setzip@Person@@QAEXPAD@Z  10003270 f i tlib:physics.obj
 0001:00002280       ?setemail@Person@@QAEXPAD@Z 10003280 f i tlib:physics.obj
 0001:00002290       ?setecontact@Person@@QAEXPAD@Z 10003290 f i tlib:physics.obj
 0001:000022b0       ?setephone@Person@@QAEXPAD@Z 100032b0 f i tlib:physics.obj
 0001:000022d0       ??0Person@@QAE@ABV0@@Z     100032d0 f i tlib:physics.obj
 0001:00002470       ??4Person@@QAEAAV0@ABV0@@Z 10003470 f i tlib:physics.obj
 0001:000026b0       ??_EPerson@@UAEPAXI@Z      100036b0 f i tlib:physics.obj
 0001:00002710       ??0PERSON_DATA@@QAE@ABU0@@Z 10003710 f i tlib:physics.obj
 0001:00002870       ??1PERSON_DATA@@QAE@XZ     10003870 f i tlib:physics.obj
 0001:00002940       ??4PERSON_DATA@@QAEAAU0@ABU0@@Z 10003940 f i tlib:physics.obj
 0001:00002a30       ?setDis@CRF@@QAEX_N@Z      10003a30 f i tlib:physics.obj
 0001:00002a40       ?getDis@CRF@@QAE_NXZ       10003a40 f i tlib:physics.obj
 0001:00002a50       ??_FCRF@@QAEXXZ            10003a50 f i tlib:physics.obj
 0001:00002a60       ?inc_factor@Physics@@QAEXXZ 10003a60 f i tlib:physics.obj
 0001:00002ac0       ?dec_factor@Physics@@QAEXXZ 10003ac0 f i tlib:physics.obj
 0001:00002b10       ?get_measured_ergo_watts@Physics@@QAENXZ 10003b10 f i tlib:physics.obj
 0001:00002b10       ?getfval@LPFilter@@QAENXZ  10003b10 f i tlib:physics.obj
 0001:00002b20       ?is_paused@Physics@@QAE_NXZ 10003b20 f i tlib:physics.obj
 0001:00002b30       ?set_paused@Physics@@QAEX_N@Z 10003b30 f i tlib:physics.obj
 0001:00002b40       ?getWindPowerConstant@Physics@@QAENXZ 10003b40 f i tlib:physics.obj
 0001:00002b50       ?getWindForceConstant@Physics@@QAENXZ 10003b50 f i tlib:physics.obj
 0001:00002b60       ?get_watts_factor@Physics@@QAENXZ 10003b60 f i tlib:physics.obj
 0001:00002b70       ?setwgif@Physics@@QAEX_N@Z 10003b70 f i tlib:physics.obj
 0001:00002b80       ?setflip@Physics@@QAEX_N@Z 10003b80 f i tlib:physics.obj
 0001:00002b90       ?setifgain@Physics@@QAEXN@Z 10003b90 f i tlib:physics.obj
 0001:00002ba0       ?set_watts_factor@Physics@@QAEXN@Z 10003ba0 f i tlib:physics.obj
 0001:00002c00       ?getGrade@Physics@@QAENXZ  10003c00 f i tlib:physics.obj
 0001:00002c10       ??0Physics@@QAE@ABV0@@Z    10003c10 f i tlib:physics.obj
 0001:000033f0       ??4Physics@@QAEAAV0@ABV0@@Z 100043f0 f i tlib:physics.obj
 0001:00003bd0       ??_EPhysics@@UAEPAXI@Z     10004bd0 f i tlib:physics.obj
 0001:00003c30       ??0Physics@@QAE@PAVBike@@NN@Z 10004c30 f   tlib:physics.obj
 0001:000047c0       ??1Physics@@UAE@XZ         100057c0 f   tlib:physics.obj
 0001:00004820       ?setDistance@Physics@@QAEXN@Z 10005820 f   tlib:physics.obj
 0001:00004850       ?setmiles@Physics@@QAEXN@Z 10005850 f   tlib:physics.obj
 0001:00004880       ?map@Physics@@AAEHNNNNPAN0@Z 10005880 f   tlib:physics.obj
 0001:000048e0       ?updatePicCurrent@Physics@@QAEXXZ 100058e0 f   tlib:physics.obj
 0001:00004930       ?computeMass@Physics@@QAEXXZ 10005930 f   tlib:physics.obj
 0001:00004950       ?run@Physics@@QAEXXZ       10005950 f   tlib:physics.obj
 0001:00004a90       ?computeAcceleration@Physics@@QAEHXZ 10005a90 f   tlib:physics.obj
 0001:00004d90       ?gradeUp@Physics@@QAEXXZ   10005d90 f   tlib:physics.obj
 0001:00004dc0       ?gradeDown@Physics@@QAEXXZ 10005dc0 f   tlib:physics.obj
 0001:00004df0       ?getTableCurrent3@Physics@@AAENNN@Z 10005df0 f   tlib:physics.obj
 0001:000054f0       ?reset@Physics@@QAEXXZ     100064f0 f   tlib:physics.obj
 0001:00005680       ?resetIntegrators@Physics@@QAEXXZ 10006680 f   tlib:physics.obj
 0001:00005720       ?pause@Physics@@QAEXXZ     10006720 f   tlib:physics.obj
 0001:00005740       ?resume@Physics@@QAEXXZ    10006740 f   tlib:physics.obj
 0001:00005760       ?adjustCurrent@Physics@@AAEXXZ 10006760 f   tlib:physics.obj
 0001:00005820       ?ergoDegauss@Physics@@AAEXXZ 10006820 f   tlib:physics.obj
 0001:000058b0       ?windDegauss@Physics@@AAEXXZ 100068b0 f   tlib:physics.obj
 0001:00005980       ?manualLoadControl@Physics@@AAEXXZ 10006980 f   tlib:physics.obj
 0001:00005c20       ?cleanup@Physics@@AAEXXZ   10006c20 f   tlib:physics.obj
 0001:00005d50       ?lowCurrent@Physics@@AAENNN@Z 10006d50 f   tlib:physics.obj
 0001:00005f20       ?getAcceleration@Physics@@QAENXZ 10006f20 f   tlib:physics.obj
 0001:00005f30       ?getRPM@Physics@@QAENXZ    10006f30 f   tlib:physics.obj
 0001:00005f40       ?getMPH@Physics@@QAENXZ    10006f40 f   tlib:physics.obj
 0001:00005f50       ?getWatts@Physics@@QAENXZ  10006f50 f   tlib:physics.obj
 0001:00005f60       ?getConstantWatts@Physics@@QAEMXZ 10006f60 f   tlib:physics.obj
 0001:00005f70       ?getDisplayedWatts@Physics@@QAENXZ 10006f70 f   tlib:physics.obj
 0001:00005f80       ?getPicCurrent@Physics@@QAENXZ 10006f80 f   tlib:physics.obj
 0001:00005f90       ?runWindLoad@Physics@@AAEXXZ 10006f90 f   tlib:physics.obj
 0001:000064a0       ?runConstantCurrent@Physics@@AAEXXZ 100074a0 f   tlib:physics.obj
 0001:00006540       ?setMode@Physics@@QAEXW4MODE@1@@Z 10007540 f   tlib:physics.obj
 0001:00006550       ?setConstantCurrent@Physics@@QAEXM@Z 10007550 f   tlib:physics.obj
 0001:00006570       ?writeState@Physics@@QAEXPAU_iobuf@@@Z 10007570 f   tlib:physics.obj
 0001:000066c0       ?readState@Physics@@QAEXPAU_iobuf@@@Z 100076c0 f   tlib:physics.obj
 0001:00006820       ?setConstantWatts@Physics@@QAEXM@Z 10007820 f   tlib:physics.obj
 0001:00006840       ?crowbarRPM@Physics@@QAEXXZ 10007840 f   tlib:physics.obj
 0001:00006860       ?set_weight_lbs@Physics@@QAEXN@Z 10007860 f   tlib:physics.obj
 0001:00006890       ?getTableWatts@Physics@@AAENNN@Z 10007890 f   tlib:physics.obj
 0001:00006a70       ?set_grade@Physics@@QAEXM@Z 10007a70 f   tlib:physics.obj
 0001:00006a90       ?set_constant_force@Physics@@QAEXN@Z 10007a90 f   tlib:physics.obj
 0001:00006bd0       ?run_constant_force@Physics@@AAEXXZ 10007bd0 f   tlib:physics.obj
 0001:00006ea0       ??A?$vector@V?$basic_string@DU?$char_traits@D@std@@V?$allocator@D@2@@std@@V?$allocator@V?$basic_string@DU?$char_traits@D@std@@V?$allocator@D@2@@std@@@2@@std@@QAEAAV?$basic_string@DU?$char_traits@D@std@@V?$allocator@D@2@@1@I@Z 10007ea0 f i tlib:physics.obj
 0001:00006ee0       ??1?$_Vector_val@PBVUSBDeviceLibusb@@V?$allocator@PBVUSBDeviceLibusb@@@std@@@std@@QAE@XZ 10007ee0 f i ant_lib:usb_device_handle_libusb.obj
 0001:00006ee0       ??1?$_Vector_val@UNode@RMP@@V?$allocator@UNode@RMP@@@std@@@std@@QAE@XZ 10007ee0 f i tlib:rmp.obj
 0001:00006ee0       ??1?$_Vector_val@PBVUSBDeviceSI@@V?$allocator@PBVUSBDeviceSI@@@std@@@std@@QAE@XZ 10007ee0 f i ant_lib:usb_device_handle_si.obj
 0001:00006ee0       ??1?$_Vector_val@PAPBVUSBDeviceSI@@V?$allocator@PAPBVUSBDeviceSI@@@std@@@std@@QAE@XZ 10007ee0 f i ant_lib:usb_device_handle_win.obj
 0001:00006ee0       ??1?$_Vector_val@PAPBVUSBDevice@@V?$allocator@PAPBVUSBDevice@@@std@@@std@@QAE@XZ 10007ee0 f i ant_lib:dsi_serial_generic.obj
 0001:00006ee0       ??1?$_Vector_val@V?$basic_string@DU?$char_traits@D@std@@V?$allocator@D@2@@std@@V?$allocator@V?$basic_string@DU?$char_traits@D@std@@V?$allocator@D@2@@std@@@2@@std@@QAE@XZ 10007ee0 f i tlib:physics.obj
 0001:00006ee0       ??1?$_Vector_val@PAPBVUSBDeviceLibusb@@V?$allocator@PAPBVUSBDeviceLibusb@@@std@@@std@@QAE@XZ 10007ee0 f i ant_lib:usb_device_handle_win.obj
 0001:00006ee0       ??1?$_Vector_val@UGEARINFO@@V?$allocator@UGEARINFO@@@std@@@std@@QAE@XZ 10007ee0 f i tlib:rtd.obj
 0001:00006ee0       ??1?$_Deque_val@DV?$allocator@D@std@@@std@@QAE@XZ 10007ee0 f i ant_lib:usb_device_handle_si.obj
 0001:00006ee0       ??1?$_Vector_val@UFPOINT@@V?$allocator@UFPOINT@@@std@@@std@@QAE@XZ 10007ee0 f i tlib:performance.obj
 0001:00006ee0       ??1?$_Vector_val@MV?$allocator@M@std@@@std@@QAE@XZ 10007ee0 f i tlib:rtd.obj
 0001:00006ee0       ??1?$_Vector_val@USEC@@V?$allocator@USEC@@@std@@@std@@QAE@XZ 10007ee0 f i tlib:rtd.obj
 0001:00006ef0       ?_Tidy@?$vector@V?$basic_string@DU?$char_traits@D@std@@V?$allocator@D@2@@std@@V?$allocator@V?$basic_string@DU?$char_traits@D@std@@V?$allocator@D@2@@std@@@2@@std@@IAEXXZ 10007ef0 f i tlib:physics.obj
 0001:00006f40       ?_Destroy@?$vector@V?$basic_string@DU?$char_traits@D@std@@V?$allocator@D@2@@std@@V?$allocator@V?$basic_string@DU?$char_traits@D@std@@V?$allocator@D@2@@std@@@2@@std@@IAEXPAV?$basic_string@DU?$char_traits@D@std@@V?$allocator@D@2@@2@0@Z 10007f40 f i tlib:physics.obj
 0001:00006f70       ??$_Allocate@V?$basic_string@DU?$char_traits@D@std@@V?$allocator@D@2@@std@@@std@@YAPAV?$basic_string@DU?$char_traits@D@std@@V?$allocator@D@2@@0@IPAV10@@Z 10007f70 f i tlib:physics.obj
 0001:00006fe0       ??0Bike@@QAE@HPAUPARAMS@0@@Z 10007fe0 f   tlib:bike.obj
 0001:00007290       ??_EBike@@UAEPAXI@Z        10008290 f i  CIL library: CIL module
 0001:00007290       ??_GBike@@UAEPAXI@Z        10008290 f i tlib:bike.obj
 0001:000072f0       ??1Bike@@UAE@XZ            100082f0 f   tlib:bike.obj
 0001:00007340       ?frontUp@Bike@@QAEXXZ      10008340 f   tlib:bike.obj
 0001:000073a0       ?rearUp@Bike@@QAEXXZ       100083a0 f   tlib:bike.obj
 0001:00007400       ?frontDown@Bike@@QAEXXZ    10008400 f   tlib:bike.obj
 0001:00007450       ?rearDown@Bike@@QAEXXZ     10008450 f   tlib:bike.obj
 0001:000074a0       ?setupVirtualGearInches@Bike@@AAEXXZ 100084a0 f   tlib:bike.obj
 0001:000077b0       ?run@Bike@@QAEHXZ          100087b0 f   tlib:bike.obj
 0001:000078b0       ?upkeydown@Bike@@QAEXXZ    100088b0 f   tlib:bike.obj
 0001:000078f0       ?upkeyup@Bike@@QAEHXZ      100088f0 f   tlib:bike.obj
 0001:00007930       ?downkeyup@Bike@@QAEHXZ    10008930 f   tlib:bike.obj
 0001:00007970       ?downkeydown@Bike@@QAEXXZ  10008970 f   tlib:bike.obj
 0001:000079b0       ?set_gear@Bike@@QAEXHH@Z   100089b0 f   tlib:bike.obj
 0001:00007a50       ??0RESULT@@QAE@XZ          10008a50 f i tlib:datasource.obj
 0001:00007c50       ??0RIDER_DATA@@QAE@XZ      10008c50 f i tlib:datasource.obj
 0001:00007ce0       ??1RIDER_DATA@@QAE@XZ      10008ce0 f i tlib:datasource.obj
 0001:00007cf0       ??0PERSON_DATA@@QAE@XZ     10008cf0 f i tlib:datasource.obj
 0001:00007dc0       ??_FfastTimer@@QAEXXZ      10008dc0 f i tlib:datasource.obj
 0001:00007e10       ?get_curval@sMav@@QAEMXZ   10008e10 f i tlib:datasource.obj
 0001:00007e20       ??4sMav@@QAEAAV0@ABV0@@Z   10008e20 f i tlib:datasource.obj
 0001:00007e40       ?get_calibration_x@dataSource@@UAEHXZ 10008e40 f i tlib:datasource.obj
 0001:00007e40       ?getvidbase@dataSource@@UAEPADXZ 10008e40 f i tlib:datasource.obj
 0001:00007e40       ?getvidfile@dataSource@@UAEPADXZ 10008e40 f i tlib:datasource.obj
 0001:00007e40       ?packetsAvailable@dataSource@@UAEHXZ 10008e40 f i tlib:datasource.obj
 0001:00007e40       ?get_x_status_bits@dataSource@@UAEHXZ 10008e40 f i tlib:datasource.obj
 0001:00007e40       ?get_x_accum_tdc@dataSource@@UAEHXZ 10008e40 f i tlib:datasource.obj
 0001:00007e40       ?get_physics_x@dataSource@@UAEPAVPhysics@@XZ 10008e40 f i tlib:datasource.obj
 0001:00007e40       ?get_perf_file_name_x@dataSource@@UAEPBDXZ 10008e40 f i tlib:datasource.obj
 0001:00007e40       ?getFirstName@dataSource@@UAEPADXZ 10008e40 f i tlib:datasource.obj
 0001:00007e40       ?getLastName@dataSource@@UAEPADXZ 10008e40 f i tlib:datasource.obj
 0001:00007e50       ?get_result@dataSource@@UAE?AURESULT@@XZ 10008e50 f i tlib:datasource.obj
 0001:00007e70       ?get_gear_indices_x@dataSource@@UAE?AUGEARPAIR@Bike@@XZ 10008e70 f i tlib:datasource.obj
 0001:00007e70       ?get_gear_pair@dataSource@@UAE?AUGEARPAIR@Bike@@XZ 10008e70 f i tlib:datasource.obj
 0001:00007e70       ?get_gear_indices@Decoder@@UAE?AUGEARPAIR@Bike@@XZ 10008e70 f i tlib:decoder.obj
 0001:00007e70       ?get_gear_pair@Decoder@@UAE?AUGEARPAIR@Bike@@XZ 10008e70 f i tlib:decoder.obj
 0001:00007e90       ?set_x_wind@dataSource@@UAEXM@Z 10008e90 f i tlib:datasource.obj
 0001:00007eb0       ?get_control_byte_x@dataSource@@UAEEXZ 10008eb0 f i tlib:datasource.obj
 0001:00007eb0       ?get_computrainer_mode_x@dataSource@@UAEEXZ 10008eb0 f i tlib:datasource.obj
 0001:00007ec0       ?out_of_data@dataSource@@UAE_NXZ 10008ec0 f i tlib:datasource.obj
 0001:00007ec0       ?getControlByte@dataSource@@UAEEXZ 10008ec0 f i tlib:datasource.obj
 0001:00007ec0       ?start_cal@dataSource@@UAEEXZ 10008ec0 f i tlib:datasource.obj
 0001:00007ec0       ?is_perf@dataSource@@UAE_NXZ 10008ec0 f i tlib:datasource.obj
 0001:00007ec0       ?get_physics_pause@Decoder@@UAE_NXZ 10008ec0 f i tlib:decoder.obj
 0001:00007ec0       ?is_realtime@dataSource@@UAE_NXZ 10008ec0 f i tlib:datasource.obj
 0001:00007ed0       ?set_hr_bounds@dataSource@@UAEXHH_N@Z 10008ed0 f i tlib:datasource.obj
 0001:00007ee0       ?get_accum_keys@dataSource@@UAEHXZ 10008ee0 f i tlib:datasource.obj
 0001:00007ee0       ?get_keys@dataSource@@UAEHXZ 10008ee0 f i tlib:datasource.obj
 0001:00007ef0       ?finish@Performance@@UAEXXZ 10008ef0 f i tlib:performance.obj
 0001:00007ef0       ?integrate@Decoder@@UAEXXZ 10008ef0 f i tlib:decoder.obj
 0001:00007ef0       ?finish@dataSource@@UAEXXZ 10008ef0 f i tlib:datasource.obj
 0001:00007ef0       ?clear_averages@dataSource@@UAEXXZ 10008ef0 f i tlib:datasource.obj
 0001:00007ef0       ?start@dataSource@@UAEXXZ  10008ef0 f i tlib:datasource.obj
 0001:00007ef0       ?gradeDown@Decoder@@UAEXXZ 10008ef0 f i tlib:decoder.obj
 0001:00007ef0       ?makelogpacket@RTD@@MAEXXZ 10008ef0 f i tlib:velotron.obj
 0001:00007ef0       ?dec_speed@Decoder@@UAEXXZ 10008ef0 f i tlib:decoder.obj
 0001:00007ef0       ?gradeDown@dataSource@@UAEXXZ 10008ef0 f i tlib:datasource.obj
 0001:00007ef0       ?pause@RTD@@UAEXXZ         10008ef0 f i tlib:rtd.obj
 0001:00007ef0       ?logData@Physics@@AAEXXZ   10008ef0 f i tlib:physics.obj
 0001:00007ef0       ?update@Decoder@@UAEXXZ    10008ef0 f i tlib:decoder.obj
 0001:00007ef0       ?reset@dataSource@@UAEXXZ  10008ef0 f i tlib:datasource.obj
 0001:00007ef0       ?gradeUp@Decoder@@UAEXXZ   10008ef0 f i tlib:decoder.obj
 0001:00007ef0       ?gradeUp@dataSource@@UAEXXZ 10008ef0 f i tlib:datasource.obj
 0001:00007ef0       ?inc_speed@Decoder@@UAEXXZ 10008ef0 f i tlib:decoder.obj
 0001:00007ef0       ?flush@dataSource@@UAEXXZ  10008ef0 f i tlib:datasource.obj
 0001:00007ef0       ?startCal_x@dataSource@@UAEXXZ 10008ef0 f i tlib:datasource.obj
 0001:00007ef0       ?destroy@Person@@IAEXXZ    10008ef0 f i glib:person.obj
 0001:00007ef0       ??3@YAXPAX0@Z              10008ef0 f i tlib:formula.obj
 0001:00007ef0       ?test@dataSource@@UAEXXZ   10008ef0 f i tlib:datasource.obj
 0001:00007ef0       ?finish@Simulator@@UAEXXZ  10008ef0 f i tlib:simulator.obj
 0001:00007f00       ?getRecord@dataSource@@UAEHH@Z 10008f00 f i tlib:datasource.obj
 0001:00007f00       ?seek@dataSource@@UAEHJ@Z  10008f00 f i tlib:datasource.obj
 0001:00007f00       ?myexport@dataSource@@UAEHPAD@Z 10008f00 f i tlib:datasource.obj
 0001:00007f00       ?getPreviousRecord@dataSource@@UAEHK@Z 10008f00 f i tlib:datasource.obj
 0001:00007f10       ?get_nRecords@dataSource@@UAEHXZ 10008f10 f i tlib:datasource.obj
 0001:00007f20       ?getOffset@dataSource@@UAEJXZ 10008f20 f i tlib:datasource.obj
 0001:00007f30       ?remap@dataSource@@UAEXUtagRECT@@MM@Z 10008f30 f i tlib:datasource.obj
 0001:00007f40       ?setTimeout@dataSource@@UAEXK@Z 10008f40 f i tlib:datasource.obj
 0001:00007f40       ?end_cal@dataSource@@UAEXE@Z 10008f40 f i tlib:datasource.obj
 0001:00007f40       ?emergencyStop@dataSource@@UAEXH@Z 10008f40 f i tlib:datasource.obj
 0001:00007f40       ?setkgs@dataSource@@UAEXM@Z 10008f40 f i tlib:datasource.obj
 0001:00007f40       ?setShutDownDelay@dataSource@@UAEXK@Z 10008f40 f i tlib:datasource.obj
 0001:00007f40       ?set_performance_file_name_x@dataSource@@UAEXPBD@Z 10008f40 f i tlib:datasource.obj
 0001:00007f40       ?setConstantWatts@dataSource@@UAEXM@Z 10008f40 f i tlib:datasource.obj
 0001:00007f40       ?set_physics_pause@Decoder@@UAEX_N@Z 10008f40 f i tlib:decoder.obj
 0001:00007f40       ?setPhysicsMode@dataSource@@UAEXH@Z 10008f40 f i tlib:datasource.obj
 0001:00007f40       ?set_grade@dataSource@@UAEXM@Z 10008f40 f i tlib:datasource.obj
 0001:00007f40       ?setConstantCurrent@dataSource@@UAEXM@Z 10008f40 f i tlib:datasource.obj
 0001:00007f40       ?keydown@dataSource@@UAEXI@Z 10008f40 f i tlib:datasource.obj
 0001:00007f40       ?update@Decoder@@UAEXM@Z   10008f40 f i tlib:decoder.obj
 0001:00007f40       ?set_manual_mph@dataSource@@UAEXM@Z 10008f40 f i tlib:datasource.obj
 0001:00007f40       ?set_manual_mph@Decoder@@UAEXM@Z 10008f40 f i tlib:decoder.obj
 0001:00007f50       ?addcourse@dataSource@@UAEHPBD@Z 10008f50 f i tlib:datasource.obj
 0001:00007f50       ?GetDevicePID@DSISerial@@UAEHAAG@Z 10008f50 f i ant_lib:dsi_serial.obj
 0001:00007f50       ?read@dataSource@@UAEHH@Z  10008f50 f i tlib:datasource.obj
 0001:00007f50       ?updateHardware@dataSource@@UAEH_N@Z 10008f50 f i tlib:datasource.obj
 0001:00007f50       ?jumpmiles@dataSource@@UAEHM@Z 10008f50 f i tlib:datasource.obj
 0001:00007f50       ?GetDeviceVID@DSISerial@@UAEHAAG@Z 10008f50 f i ant_lib:dsi_serial.obj
 0001:00007f50       ?set_constant_force_x@dataSource@@UAEHM@Z 10008f50 f i tlib:datasource.obj
 0001:00007f50       ?save@RTD@@MAEPAD_N@Z      10008f50 f i tlib:velotron.obj
 0001:00007f60       ?pause@dataSource@@UAEXXZ  10008f60 f i tlib:datasource.obj
 0001:00007f70       ?resume@dataSource@@UAEXXZ 10008f70 f i tlib:datasource.obj
 0001:00007f80       ?getGrade@dataSource@@UAENXZ 10008f80 f i tlib:datasource.obj
 0001:00007f80       ?getWatts@dataSource@@UAENXZ 10008f80 f i tlib:datasource.obj
 0001:00007f80       ?getConstantWatts@dataSource@@UAEMXZ 10008f80 f i tlib:datasource.obj
 0001:00007f80       ?getTotalMiles@dataSource@@UAENXZ 10008f80 f i tlib:datasource.obj
 0001:00007f80       ?get_measured_ergo_watts@Decoder@@UAENXZ 10008f80 f i tlib:decoder.obj
 0001:00007f80       ?get_start_miles@dataSource@@UAEMXZ 10008f80 f i tlib:datasource.obj
 0001:00007f90       ?set_draft_wind@dataSource@@UAEXM@Z 10008f90 f i tlib:datasource.obj
 0001:00007fa0       ?get_draft_wind@dataSource@@UAEMXZ 10008fa0 f i tlib:datasource.obj
 0001:00007fc0       ?get_wind@dataSource@@UAEMXZ 10008fc0 f i tlib:datasource.obj
 0001:00007fe0       ?save@dataSource@@UAEPAD_N0@Z 10008fe0 f i tlib:datasource.obj
 0001:00007ff0       ??0dataSource@@QAE@AAVRIDER_DATA@@PAVCourse@@PAVBike@@W4LoggingType@@@Z 10008ff0 f   tlib:datasource.obj
 0001:000080c0       ??_GdataSource@@UAEPAXI@Z  100090c0 f i tlib:datasource.obj
 0001:000080c0       ??_EdataSource@@UAEPAXI@Z  100090c0 f i  CIL library: CIL module
 0001:000080e0       ??4RIDER_DATA@@QAEAAV0@ABV0@@Z 100090e0 f i tlib:datasource.obj
 0001:00008170       ??1dataSource@@UAE@XZ      10009170 f   tlib:datasource.obj
 0001:00008250       ?reset_averages@dataSource@@UAEXXZ 10009250 f   tlib:datasource.obj
 0001:00008260       ?set_export@dataSource@@QAEXPBD@Z 10009260 f   tlib:datasource.obj
 0001:000082a0       ?init@dataSource@@AAEXXZ   100092a0 f   tlib:datasource.obj
 0001:000084e0       ?set_x_ftp@dataSource@@QAEHM@Z 100094e0 f   tlib:datasource.obj
 0001:00008520       ?set_logging_x@dataSource@@QAEXW4LoggingType@@@Z 10009520 f   tlib:datasource.obj
 0001:00008530       ?set_drag_factor@dataSource@@QAEXM@Z 10009530 f   tlib:datasource.obj
 0001:00008560       ?set_weight_lbs@Decoder@@UAEXN@Z 10009560 f i tlib:decoder.obj
 0001:00008580       ?set_weight_kgs@Decoder@@UAEXN@Z 10009580 f i tlib:decoder.obj
 0001:000085a0       ?set_upper_hr@Decoder@@UAEXM@Z 100095a0 f i tlib:decoder.obj
 0001:000085b0       ?decode@Decoder@@UAEHPAEK@Z 100095b0 f i tlib:decoder.obj
 0001:000085c0       ?setDistance@Decoder@@UAEXM@Z 100095c0 f i tlib:decoder.obj
 0001:000085f0       ??0Decoder@@QAE@HPAVCourse@@AAVRIDER_DATA@@H@Z 100095f0 f   tlib:decoder.obj
 0001:00008b00       ??_EDecoder@@UAEPAXI@Z     10009b00 f i  CIL library: CIL module
 0001:00008b00       ??_GDecoder@@UAEPAXI@Z     10009b00 f i tlib:decoder.obj
 0001:00008b20       ??1Decoder@@UAE@XZ         10009b20 f   tlib:decoder.obj
 0001:00008c20       ?computePP@Decoder@@IAEXXZ 10009c20 f   tlib:decoder.obj
 0001:00008c80       ?reset_averages@Decoder@@QAEXXZ 10009c80 f   tlib:decoder.obj
 0001:00008da0       ?reset@Decoder@@UAEXXZ     10009da0 f   tlib:decoder.obj
 0001:00008fd0       ?fill_in_mma@Decoder@@QAEXXZ 10009fd0 f   tlib:decoder.obj
 0001:000091d0       ?set_minmax@Decoder@@MAEXXZ 1000a1d0 f   tlib:decoder.obj
 0001:00009310       ?set_watts_factor@Decoder@@UAEXM@Z 1000a310 f   tlib:decoder.obj
 0001:00009320       ?peaks_and_averages@Decoder@@MAEXXZ 1000a320 f   tlib:decoder.obj
 0001:00009aa0       ?compute_armed_rpm@Decoder@@IAEXXZ 1000aaa0 f   tlib:decoder.obj
 0001:00009b50       ?seed_avgs@Decoder@@QAEXXZ 1000ab50 f   tlib:decoder.obj
 0001:00009bb0       ?iround@@YAHN@Z            1000abb0 f i tlib:ss.obj
 0001:00009be0       ??0SS@@QAE@XZ              1000abe0 f   tlib:ss.obj
 0001:00009f80       ??1SS@@QAE@XZ              1000af80 f   tlib:ss.obj
 0001:0000a0a0       ??_GsMav@@QAEPAXI@Z        1000b0a0 f i tlib:ss.obj
 0001:0000a0f0       ?run@SS@@QAEMNNNPAUMETADATA@@@Z 1000b0f0 f   tlib:ss.obj
 0001:0000a490       ?load@SS@@AAEXN@Z          1000b490 f   tlib:ss.obj
 0001:0000a920       ?filter@SS@@AAEXXZ         1000b920 f   tlib:ss.obj
 0001:0000b1e0       ?reset@SS@@QAEXXZ          1000c1e0 f   tlib:ss.obj
 0001:0000b570       ?do_ten_hz_filter@SS@@QAEXPAUMETADATA@@_N11@Z 1000c570 f   tlib:ss.obj
 0001:0000be60       ??0Heartrate@@QAE@ABV0@@Z  1000ce60 f i tlib:velotron.obj
 0001:0000c080       ??4Heartrate@@QAEAAV0@ABV0@@Z 1000d080 f i tlib:velotron.obj
 0001:0000c290       ?is_realtime@RTD@@UAE_NXZ  1000d290 f i tlib:velotron.obj
 0001:0000c2a0       ?get_physics_mode_x@Computrainer@@UAE?AW4MODE@Physics@@XZ 1000d2a0 f i tlib:computrainer.obj
 0001:0000c2a0       ?get_physics_mode@Velotron@@UAE?AW4MODE@Physics@@XZ 1000d2a0 f i tlib:velotron.obj
 0001:0000c2b0       ?get_calibration@Velotron@@UAEHXZ 1000d2b0 f i tlib:velotron.obj
 0001:0000c2c0       ?setTimeout@Velotron@@UAEXK@Z 1000d2c0 f i tlib:velotron.obj
 0001:0000c2d0       ?getGrade@Velotron@@UAENXZ 1000d2d0 f i tlib:velotron.obj
 0001:0000c2e0       ??0Velotron@@QAE@PBDAAVRIDER_DATA@@PAVCourse@@PAVBike@@W4LoggingType@@@Z 1000d2e0 f   tlib:velotron.obj
 0001:0000c3d0       ??_GVelotron@@UAEPAXI@Z    1000d3d0 f i tlib:velotron.obj
 0001:0000c3d0       ??_EVelotron@@UAEPAXI@Z    1000d3d0 f i  CIL library: CIL module
 0001:0000c3f0       ??1Velotron@@UAE@XZ        1000d3f0 f   tlib:velotron.obj
 0001:0000c450       ?getNextRecord@Velotron@@UAEHXZ 1000d450 f   tlib:velotron.obj
 0001:0000c630       ?packetsAvailable@Velotron@@EAEHXZ 1000d630 f   tlib:velotron.obj
 0001:0000c820       ?updateHardware@Velotron@@UAEH_N@Z 1000d820 f   tlib:velotron.obj
 0001:0000c900       ?startCal@Velotron@@UAEXXZ 1000d900 f   tlib:velotron.obj
 0001:0000c980       ?start_cal@Velotron@@UAEEXZ 1000d980 f   tlib:velotron.obj
 0001:0000ca00       ?end_cal@Velotron@@UAEXE@Z 1000da00 f   tlib:velotron.obj
 0001:0000ca30       ?emergencyStop@Velotron@@UAEXH@Z 1000da30 f   tlib:velotron.obj
 0001:0000ca50       ?gradeUp@Velotron@@UAEXXZ  1000da50 f   tlib:velotron.obj
 0001:0000caa0       ?gradeDown@Velotron@@UAEXXZ 1000daa0 f   tlib:velotron.obj
 0001:0000caf0       ?set_draft_wind@Velotron@@UAEXM@Z 1000daf0 f   tlib:velotron.obj
 0001:0000cb10       ?set_wind@Velotron@@UAEXM@Z 1000db10 f   tlib:velotron.obj
 0001:0000cb40       ?destroy@Velotron@@AAEXXZ  1000db40 f   tlib:velotron.obj
 0001:0000cc40       ?pause@Velotron@@UAEXXZ    1000dc40 f   tlib:velotron.obj
 0001:0000cc70       ?resume@Velotron@@UAEXXZ   1000dc70 f   tlib:velotron.obj
 0001:0000cca0       ?reset@Velotron@@UAEXXZ    1000dca0 f   tlib:velotron.obj
 0001:0000cdd0       ?setPicCurrent@Velotron@@AAEXG@Z 1000ddd0 f   tlib:velotron.obj
 0001:0000ce40       ?start@Velotron@@UAEXXZ    1000de40 f   tlib:velotron.obj
 0001:0000cea0       ?init@Velotron@@AAEXXZ     1000dea0 f   tlib:velotron.obj
 0001:0000d430       ?setConstantCurrent@Velotron@@UAEXM@Z 1000e430 f   tlib:velotron.obj
 0001:0000d450       ?setConstantWatts@Velotron@@UAEXM@Z 1000e450 f   tlib:velotron.obj
 0001:0000d490       ?getConstantWatts@Velotron@@UAEMXZ 1000e490 f   tlib:velotron.obj
 0001:0000d490       ?getWatts@Velotron@@UAENXZ 1000e490 f   tlib:velotron.obj
 0001:0000d4a0       ?flush@Velotron@@UAEXXZ    1000e4a0 f   tlib:velotron.obj
 0001:0000d4b0       ?get_keys@Velotron@@UAEHXZ 1000e4b0 f   tlib:velotron.obj
 0001:0000d4b0       ?get_keys@Computrainer@@UAEHXZ 1000e4b0 f   tlib:computrainer.obj
 0001:0000d4e0       ?get_accum_keys@Velotron@@UAEHXZ 1000e4e0 f   tlib:velotron.obj
 0001:0000d510       ?get_gear_pair@Velotron@@UAE?AUGEARPAIR@Bike@@XZ 1000e510 f   tlib:velotron.obj
 0001:0000d530       ?get_gear_indices@Velotron@@UAE?AUGEARPAIR@Bike@@XZ 1000e530 f   tlib:velotron.obj
 0001:0000d550       ?set_grade@Velotron@@UAEXM@Z 1000e550 f   tlib:velotron.obj
 0001:0000d580       ?setkgs@Velotron@@UAEXM@Z  1000e580 f   tlib:velotron.obj
 0001:0000d5e0       ?set_constant_force@Velotron@@UAEHM@Z 1000e5e0 f   tlib:velotron.obj
 0001:0000d610       ?get_physics_x@Velotron@@UAEPAVPhysics@@XZ 1000e610 f   tlib:velotron.obj
 0001:0000d620       ??0?$deque@NV?$allocator@N@std@@@std@@QAE@ABV01@@Z 1000e620 f i tlib:velotron.obj
 0001:0000d700       ??4?$deque@NV?$allocator@N@std@@@std@@QAEAAV01@ABV01@@Z 1000e700 f i tlib:velotron.obj
 0001:0000d870       ??1?$_Deque_val@NV?$allocator@N@std@@@std@@QAE@XZ 1000e870 f i tlib:velotron.obj
 0001:0000d870       ??1?$_Deque_val@UFORMULA_PAIR@@V?$allocator@UFORMULA_PAIR@@@std@@@std@@QAE@XZ 1000e870 f i tlib:formula.obj
 0001:0000d880       ?erase@?$deque@NV?$allocator@N@std@@@std@@QAE?AV?$_Deque_iterator@NV?$allocator@N@std@@$00@2@V?$_Deque_const_iterator@NV?$allocator@N@std@@$00@2@0@Z 1000e880 f i tlib:velotron.obj
 0001:0000da80       ??H?$_Deque_const_iterator@NV?$allocator@N@std@@$00@std@@QBE?AV01@H@Z 1000ea80 f i tlib:velotron.obj
 0001:0000da80       ??H?$_Deque_const_iterator@UFORMULA_PAIR@@V?$allocator@UFORMULA_PAIR@@@std@@$00@std@@QBE?AV01@H@Z 1000ea80 f i tlib:formula.obj
 0001:0000dac0       ?pop_front@?$deque@UFORMULA_PAIR@@V?$allocator@UFORMULA_PAIR@@@std@@@std@@QAEXXZ 1000eac0 f i tlib:formula.obj
 0001:0000dac0       ?pop_front@?$deque@NV?$allocator@N@std@@@std@@QAEXXZ 1000eac0 f i tlib:velotron.obj
 0001:0000daf0       ??Y?$_Deque_const_iterator@UFORMULA_PAIR@@V?$allocator@UFORMULA_PAIR@@@std@@$00@std@@QAEAAV01@H@Z 1000eaf0 f i tlib:formula.obj
 0001:0000daf0       ??Y?$_Deque_const_iterator@NV?$allocator@N@std@@$00@std@@QAEAAV01@H@Z 1000eaf0 f i tlib:velotron.obj
 0001:0000db50       ??$insert@V?$_Deque_const_iterator@NV?$allocator@N@std@@$00@std@@@?$deque@NV?$allocator@N@std@@@std@@QAEXV?$_Deque_const_iterator@NV?$allocator@N@std@@$00@1@00@Z 1000eb50 f i tlib:velotron.obj
 0001:0000db90       ??$copy@V?$_Deque_const_iterator@NV?$allocator@N@std@@$00@std@@V?$_Deque_iterator@NV?$allocator@N@std@@$00@2@@std@@YA?AV?$_Deque_iterator@NV?$allocator@N@std@@$00@0@V?$_Deque_const_iterator@NV?$allocator@N@std@@$00@0@0V10@@Z 1000eb90 f i tlib:velotron.obj
 0001:0000dc00       ??$copy_backward@V?$_Deque_iterator@NV?$allocator@N@std@@$00@std@@V12@@std@@YA?AV?$_Deque_iterator@NV?$allocator@N@std@@$00@0@V10@00@Z 1000ec00 f i tlib:velotron.obj
 0001:0000dc70       ??$copy@V?$_Deque_iterator@NV?$allocator@N@std@@$00@std@@V12@@std@@YA?AV?$_Deque_iterator@NV?$allocator@N@std@@$00@0@V10@00@Z 1000ec70 f i tlib:velotron.obj
 0001:0000dce0       ??$_Insert@V?$_Deque_const_iterator@NV?$allocator@N@std@@$00@std@@@?$deque@NV?$allocator@N@std@@@std@@QAEXV?$_Deque_const_iterator@NV?$allocator@N@std@@$00@1@00Uinput_iterator_tag@1@@Z 1000ece0 f i tlib:velotron.obj
 0001:0000dee0       ??$_Copy_opt@V?$_Deque_const_iterator@NV?$allocator@N@std@@$0A@@std@@V?$_Deque_iterator@NV?$allocator@N@std@@$00@2@@std@@YA?AV?$_Deque_iterator@NV?$allocator@N@std@@$00@0@V?$_Deque_const_iterator@NV?$allocator@N@std@@$0A@@0@0V10@Urandom_access_iterator_tag@0@U_Nonscalar_ptr_iterator_tag@0@U_Range_checked_iterator_tag@0@@Z 1000eee0 f i tlib:velotron.obj
 0001:0000df70       ??$_Copy_backward_opt@V?$_Deque_iterator@NV?$allocator@N@std@@$0A@@std@@V?$_Deque_iterator@NV?$allocator@N@std@@$00@2@@std@@YA?AV?$_Deque_iterator@NV?$allocator@N@std@@$00@0@V?$_Deque_iterator@NV?$allocator@N@std@@$0A@@0@0V10@Urandom_access_iterator_tag@0@U_Nonscalar_ptr_iterator_tag@0@U_Range_checked_iterator_tag@0@@Z 1000ef70 f i tlib:velotron.obj
 0001:0000e000       ??$_Copy_opt@V?$_Deque_iterator@NV?$allocator@N@std@@$0A@@std@@V?$_Deque_iterator@NV?$allocator@N@std@@$00@2@@std@@YA?AV?$_Deque_iterator@NV?$allocator@N@std@@$00@0@V?$_Deque_iterator@NV?$allocator@N@std@@$0A@@0@0V10@Urandom_access_iterator_tag@0@U_Nonscalar_ptr_iterator_tag@0@U_Range_checked_iterator_tag@0@@Z 1000f000 f i tlib:velotron.obj
 0001:0000e090       ?push_front@?$deque@NV?$allocator@N@std@@@std@@QAEXABN@Z 1000f090 f i tlib:velotron.obj
 0001:0000e110       ?push_back@?$deque@NV?$allocator@N@std@@@std@@QAEXABN@Z 1000f110 f i tlib:velotron.obj
 0001:0000e190       ?_Reverse@?$deque@NV?$allocator@N@std@@@std@@QAEXII@Z 1000f190 f i tlib:velotron.obj
 0001:0000e2c0       ??$_Copy_opt@V?$_Deque_const_iterator@NV?$allocator@N@std@@$0A@@std@@V?$_Deque_iterator@NV?$allocator@N@std@@$0A@@2@Uforward_iterator_tag@2@@std@@YA?AV?$_Deque_iterator@NV?$allocator@N@std@@$0A@@0@V?$_Deque_const_iterator@NV?$allocator@N@std@@$0A@@0@0V10@Uforward_iterator_tag@0@U_Nonscalar_ptr_iterator_tag@0@U_Range_checked_iterator_tag@0@@Z 1000f2c0 f i tlib:velotron.obj
 0001:0000e310       ??$_Copy_backward_opt@V?$_Deque_iterator@NV?$allocator@N@std@@$0A@@std@@V12@Uforward_iterator_tag@2@@std@@YA?AV?$_Deque_iterator@NV?$allocator@N@std@@$0A@@0@V10@00Uforward_iterator_tag@0@U_Nonscalar_ptr_iterator_tag@0@U_Range_checked_iterator_tag@0@@Z 1000f310 f i tlib:velotron.obj
 0001:0000e360       ??$_Copy_opt@V?$_Deque_iterator@NV?$allocator@N@std@@$0A@@std@@V12@Uforward_iterator_tag@2@@std@@YA?AV?$_Deque_iterator@NV?$allocator@N@std@@$0A@@0@V10@00Uforward_iterator_tag@0@U_Nonscalar_ptr_iterator_tag@0@U_Range_checked_iterator_tag@0@@Z 1000f360 f i tlib:velotron.obj
 0001:0000e3b0       ??0RTD@@QAE@PBDHAAVRIDER_DATA@@PAVCourse@@PAVBike@@_NW4LoggingType@@@Z 1000f3b0 f   tlib:rtd.obj
 0001:0000f350       ??_GRTD@@UAEPAXI@Z         10010350 f i tlib:rtd.obj
 0001:0000f350       ??_ERTD@@UAEPAXI@Z         10010350 f i  CIL library: CIL module
 0001:0000f370       ??0RTD@@QAE@PAVSerial@@AAVRIDER_DATA@@PAVCourse@@_NPAVBike@@W4LoggingType@@@Z 10010370 f   tlib:rtd.obj
 0001:0000f8c0       ??1RTD@@UAE@XZ             100108c0 f   tlib:rtd.obj
 0001:0000f9f0       ?destruct@RTD@@IAEXXZ      100109f0 f   tlib:rtd.obj
 0001:0000fae0       ?set_use_speed_cadence_sensor@RTD@@QAEX_NM@Z 10010ae0 f   tlib:rtd.obj
 0001:0000fb10       ?set_use_hr_sensor@RTD@@QAEX_N@Z 10010b10 f   tlib:rtd.obj
 0001:0000fb40       ?reset@RTD@@MAEXXZ         10010b40 f   tlib:rtd.obj
 0001:0000fc30       ?setShutDownDelay@RTD@@UAEXK@Z 10010c30 f   tlib:rtd.obj
 0001:0000fc50       ?create_perf_file@RTD@@AAEXXZ 10010c50 f   tlib:rtd.obj
 0001:00010410       ?get_perf_file_name@RTD@@UAEPBDXZ 10011410 f   tlib:rtd.obj
 0001:00010420       ?clear@?$vector@MV?$allocator@M@std@@@std@@QAEXXZ 10011420 f i tlib:rtd.obj
 0001:00010460       ??1?$vector@PAPBVUSBDeviceLibusb@@V?$allocator@PAPBVUSBDeviceLibusb@@@std@@@std@@QAE@XZ 10011460 f i ant_lib:usb_device_handle_win.obj
 0001:00010460       ??1?$vector@UFPOINT@@V?$allocator@UFPOINT@@@std@@@std@@QAE@XZ 10011460 f i tlib:performance.obj
 0001:00010460       ??1?$vector@UNode@RMP@@V?$allocator@UNode@RMP@@@std@@@std@@QAE@XZ 10011460 f i tlib:rmp.obj
 0001:00010460       ??1?$vector@PAPBVUSBDeviceSI@@V?$allocator@PAPBVUSBDeviceSI@@@std@@@std@@QAE@XZ 10011460 f i ant_lib:usb_device_handle_win.obj
 0001:00010460       ??1?$vector@UGEARINFO@@V?$allocator@UGEARINFO@@@std@@@std@@QAE@XZ 10011460 f i tlib:rtd.obj
 0001:00010460       ??1?$vector@PBVUSBDeviceLibusb@@V?$allocator@PBVUSBDeviceLibusb@@@std@@@std@@QAE@XZ 10011460 f i ant_lib:usb_device_handle_libusb.obj
 0001:00010460       ??1?$vector@USEC@@V?$allocator@USEC@@@std@@@std@@QAE@XZ 10011460 f i tlib:rtd.obj
 0001:00010460       ??1?$vector@MV?$allocator@M@std@@@std@@QAE@XZ 10011460 f i tlib:rtd.obj
 0001:00010460       ??1?$vector@PBVUSBDeviceSI@@V?$allocator@PBVUSBDeviceSI@@@std@@@std@@QAE@XZ 10011460 f i ant_lib:usb_device_handle_si.obj
 0001:00010490       ??0?$vector@UGEARINFO@@V?$allocator@UGEARINFO@@@std@@@std@@QAE@XZ 10011490 f i tlib:rtd.obj
 0001:000104f0       ?allocate@?$allocator@USEC@@@std@@QAEPAUSEC@@I@Z 100114f0 f i tlib:rtd.obj
 0001:00010550       ??0Performance@@QAE@AAVRIDER_DATA@@_NPBD@Z 10011550 f   tlib:performance.obj
 0001:00010650       ??_GPerformance@@UAEPAXI@Z 10011650 f i tlib:performance.obj
 0001:00010650       ??_EPerformance@@UAEPAXI@Z 10011650 f i  CIL library: CIL module
 0001:00010670       ??1Performance@@UAE@XZ     10011670 f   tlib:performance.obj
 0001:00010700       ?getNextRecord@Performance@@UAEHXZ 10011700 f   tlib:performance.obj
 0001:00010700       ?getNextRecord@Simulator@@UAEHXZ 10011700 f   tlib:simulator.obj
 0001:00010740       ?reset@Performance@@UAEXXZ 10011740 f   tlib:performance.obj
 0001:00010740       ?reset@Simulator@@UAEXXZ   10011740 f   tlib:simulator.obj
 0001:00010810       ?start@Performance@@UAEXXZ 10011810 f   tlib:performance.obj
 0001:00010830       ?set_manual_mph@Simulator@@UAEXM@Z 10011830 f   tlib:simulator.obj
 0001:00010830       ?set_manual_mph@Performance@@UAEXM@Z 10011830 f   tlib:performance.obj
 0001:00010850       ?set_performance_file_name@Performance@@UAEXPBD@Z 10011850 f   tlib:performance.obj
 0001:00010a60       ?check_perf@Performance@@QAEHPBDAAK@Z 10011a60 f   tlib:performance.obj
 0001:00011050       ??0?$vector@UFPOINT@@V?$allocator@UFPOINT@@@std@@@std@@QAE@ABV01@@Z 10012050 f i tlib:performance.obj
 0001:00011140       ?push_back@?$vector@UFPOINT@@V?$allocator@UFPOINT@@@std@@@std@@QAEXABUFPOINT@@@Z 10012140 f i tlib:performance.obj
 0001:000111b0       ??A?$vector@USEC@@V?$allocator@USEC@@@std@@@std@@QAEAAUSEC@@I@Z 100121b0 f i tlib:performance.obj
 0001:000111e0       ?push_back@?$vector@USEC@@V?$allocator@USEC@@@std@@@std@@QAEXABUSEC@@@Z 100121e0 f i tlib:performance.obj
 0001:00011290       ?insert@?$vector@UFPOINT@@V?$allocator@UFPOINT@@@std@@@std@@QAE?AV?$_Vector_iterator@UFPOINT@@V?$allocator@UFPOINT@@@std@@@2@V?$_Vector_const_iterator@UFPOINT@@V?$allocator@UFPOINT@@@std@@@2@ABUFPOINT@@@Z 10012290 f i tlib:performance.obj
 0001:00011350       ?_Buy@?$vector@UFPOINT@@V?$allocator@UFPOINT@@@std@@@std@@IAE_NI@Z 10012350 f i tlib:performance.obj
 0001:00011380       ?_Tidy@?$vector@UFPOINT@@V?$allocator@UFPOINT@@@std@@@std@@IAEXXZ 10012380 f i tlib:performance.obj
 0001:000113b0       ?insert@?$vector@USEC@@V?$allocator@USEC@@@std@@@std@@QAE?AV?$_Vector_iterator@USEC@@V?$allocator@USEC@@@std@@@2@V?$_Vector_const_iterator@USEC@@V?$allocator@USEC@@@std@@@2@ABUSEC@@@Z 100123b0 f i tlib:performance.obj
 0001:00011480       ?_Insert_n@?$vector@UFPOINT@@V?$allocator@UFPOINT@@@std@@@std@@IAEXV?$_Vector_const_iterator@UFPOINT@@V?$allocator@UFPOINT@@@std@@@2@IABUFPOINT@@@Z 10012480 f i tlib:performance.obj
 0001:000116d0       ?_Xlen@?$vector@PBVUSBDeviceLibusb@@V?$allocator@PBVUSBDeviceLibusb@@@std@@@std@@KAXXZ 100126d0 f i ant_lib:usb_device_handle_libusb.obj
 0001:000116d0       ?_Xlen@?$vector@MV?$allocator@M@std@@@std@@KAXXZ 100126d0 f i tlib:rtd.obj
 0001:000116d0       ?_Xlen@?$vector@PAPBVUSBDeviceSI@@V?$allocator@PAPBVUSBDeviceSI@@@std@@@std@@KAXXZ 100126d0 f i ant_lib:usb_device_handle_win.obj
 0001:000116d0       ?_Xlen@?$vector@PBVUSBDeviceSI@@V?$allocator@PBVUSBDeviceSI@@@std@@@std@@KAXXZ 100126d0 f i ant_lib:usb_device_handle_si.obj
 0001:000116d0       ?_Xlen@?$vector@USEC@@V?$allocator@USEC@@@std@@@std@@KAXXZ 100126d0 f i tlib:rtd.obj
 0001:000116d0       ?_Xlen@?$vector@PAPBVUSBDeviceLibusb@@V?$allocator@PAPBVUSBDeviceLibusb@@@std@@@std@@KAXXZ 100126d0 f i ant_lib:usb_device_handle_win.obj
 0001:000116d0       ?_Xlen@?$vector@UFPOINT@@V?$allocator@UFPOINT@@@std@@@std@@KAXXZ 100126d0 f i tlib:performance.obj
 0001:000116d0       ?_Xlen@?$vector@V?$basic_string@DU?$char_traits@D@std@@V?$allocator@D@2@@std@@V?$allocator@V?$basic_string@DU?$char_traits@D@std@@V?$allocator@D@2@@std@@@2@@std@@KAXXZ 100126d0 f i tlib:physics.obj
 0001:000116d0       ?_Xlen@?$vector@PAPBVUSBDevice@@V?$allocator@PAPBVUSBDevice@@@std@@@std@@KAXXZ 100126d0 f i ant_lib:usb_device_handle_win.obj
 0001:00011740       ?allocate@?$allocator@UFPOINT@@@std@@QAEPAUFPOINT@@I@Z 10012740 f i tlib:performance.obj
 0001:000117a0       ?_Insert_n@?$vector@USEC@@V?$allocator@USEC@@@std@@@std@@IAEXV?$_Vector_const_iterator@USEC@@V?$allocator@USEC@@@std@@@2@IABUSEC@@@Z 100127a0 f i tlib:performance.obj
 0001:00011a20       ??$_Ucopy@PAUFPOINT@@@?$vector@UFPOINT@@V?$allocator@UFPOINT@@@std@@@std@@IAEPAUFPOINT@@PAU2@00@Z 10012a20 f i tlib:course.obj
 0001:00011a20       ??$_Umove@PAUFPOINT@@@?$vector@UFPOINT@@V?$allocator@UFPOINT@@@std@@@std@@IAEPAUFPOINT@@PAU2@00@Z 10012a20 f i tlib:performance.obj
 0001:00011a50       ??$_Unchecked_move_backward@PAUFPOINT@@PAU1@@stdext@@YAPAUFPOINT@@PAU1@00@Z 10012a50 f i tlib:performance.obj
 0001:00011a90       ??$fill@PAUSEC@@U1@@std@@YAXPAUSEC@@0ABU1@@Z 10012a90 f i tlib:performance.obj
 0001:00011ab0       ??$_Unchecked_move_backward@PAUSEC@@PAU1@@stdext@@YAPAUSEC@@PAU1@00@Z 10012ab0 f i tlib:performance.obj
 0001:00011b00       ??$_Uninit_fill_n@PAUFPOINT@@IU1@V?$allocator@UFPOINT@@@std@@@std@@YAXPAUFPOINT@@IABU1@AAV?$allocator@UFPOINT@@@0@U_Nonscalar_ptr_iterator_tag@0@U_Range_checked_iterator_tag@0@@Z 10012b00 f i tlib:performance.obj
 0001:00011b20       ??$_Uninit_fill_n@PAUSEC@@IU1@V?$allocator@USEC@@@std@@@std@@YAXPAUSEC@@IABU1@AAV?$allocator@USEC@@@0@U_Nonscalar_ptr_iterator_tag@0@U_Range_checked_iterator_tag@0@@Z 10012b20 f i tlib:performance.obj
 0001:00011b50       ??$_Uninit_copy@PAUFPOINT@@PAU1@V?$allocator@UFPOINT@@@std@@@std@@YAPAUFPOINT@@PAU1@00AAV?$allocator@UFPOINT@@@0@U_Nonscalar_ptr_iterator_tag@0@U_Range_checked_iterator_tag@0@@Z 10012b50 f i tlib:performance.obj
 0001:00011b50       ??$_Uninit_copy@PBUFPOINT@@PAU1@V?$allocator@UFPOINT@@@std@@@std@@YAPAUFPOINT@@PBU1@0PAU1@AAV?$allocator@UFPOINT@@@0@U_Nonscalar_ptr_iterator_tag@0@U_Range_checked_iterator_tag@0@@Z 10012b50 f i tlib:performance.obj
 0001:00011b70       ??$_Uninit_copy@PAUSEC@@PAU1@V?$allocator@USEC@@@std@@@std@@YAPAUSEC@@PAU1@00AAV?$allocator@USEC@@@0@U_Nonscalar_ptr_iterator_tag@0@U_Range_checked_iterator_tag@0@@Z 10012b70 f i tlib:performance.obj
 0001:00011ba0       ??0Simulator@@QAE@AAVRIDER_DATA@@_NPAVCourse@@PBD@Z 10012ba0 f   tlib:simulator.obj
 0001:00011c90       ??_GSimulator@@UAEPAXI@Z   10012c90 f i tlib:simulator.obj
 0001:00011c90       ??_ESimulator@@UAEPAXI@Z   10012c90 f i  CIL library: CIL module
 0001:00011cb0       ??1Simulator@@UAE@XZ       10012cb0 f   tlib:simulator.obj
 0001:00011d20       ?start@Simulator@@UAEXXZ   10012d20 f   tlib:simulator.obj
 0001:00011d40       ?getConstantWatts@Computrainer@@UAEMXZ 10012d40 f i tlib:computrainer.obj
 0001:00011d50       ?get_control_byte_x@Computrainer@@UAEEXZ 10012d50 f i tlib:computrainer.obj
 0001:00011d50       ?getControlByte@Computrainer@@UAEEXZ 10012d50 f i tlib:computrainer.obj
 0001:00011d50       ?get_computrainer_mode_x@Computrainer@@UAEEXZ 10012d50 f i tlib:computrainer.obj
 0001:00011d60       ??0Computrainer@@QAE@PBDAAVRIDER_DATA@@PAVCourse@@PAVBike@@W4LoggingType@@@Z 10012d60 f   tlib:computrainer.obj
 0001:00011eb0       ??_GComputrainer@@UAEPAXI@Z 10012eb0 f i tlib:computrainer.obj
 0001:00011eb0       ??_EComputrainer@@UAEPAXI@Z 10012eb0 f i  CIL library: CIL module
 0001:00011ed0       ??0Computrainer@@QAE@PAVSerial@@AAVRIDER_DATA@@PAVCourse@@PAVBike@@W4LoggingType@@@Z 10012ed0 f   tlib:computrainer.obj
 0001:00012030       ??1Computrainer@@UAE@XZ    10013030 f   tlib:computrainer.obj
 0001:000120d0       ?getNextRecord@Computrainer@@UAEHXZ 100130d0 f   tlib:computrainer.obj
 0001:00012c30       ?init@Computrainer@@AAEXXZ 10013c30 f   tlib:computrainer.obj
 0001:00012db0       ?updateHardware@Computrainer@@UAEH_N@Z 10013db0 f   tlib:computrainer.obj
 0001:00013130       ?getPreviousRecord@Velotron@@UAEHK@Z 10014130 f   tlib:velotron.obj
 0001:00013130       ?getPreviousRecord@Computrainer@@UAEHK@Z 10014130 f   tlib:computrainer.obj
 0001:00013140       ?pause@Computrainer@@UAEXXZ 10014140 f   tlib:computrainer.obj
 0001:00013180       ?resume@Computrainer@@UAEXXZ 10014180 f   tlib:computrainer.obj
 0001:000131e0       ?start@Computrainer@@UAEXXZ 100141e0 f   tlib:computrainer.obj
 0001:00013260       ?gradeUp@Computrainer@@UAEXXZ 10014260 f   tlib:computrainer.obj
 0001:00013270       ?gradeDown@Computrainer@@UAEXXZ 10014270 f   tlib:computrainer.obj
 0001:00013280       ?getGrade@Computrainer@@UAENXZ 10014280 f   tlib:computrainer.obj
 0001:00013290       ?reset@Computrainer@@UAEXXZ 10014290 f   tlib:computrainer.obj
 0001:00013350       ?save@Computrainer@@UAEPAD_N0@Z 10014350 f   tlib:computrainer.obj
 0001:000133f0       ?finish@Computrainer@@UAEXXZ 100143f0 f   tlib:computrainer.obj
 0001:00013430       ?flush@Computrainer@@UAEXXZ 10014430 f   tlib:computrainer.obj
 0001:00013470       ?setkgs@Computrainer@@UAEXM@Z 10014470 f   tlib:computrainer.obj
 0001:00013490       ?set_hr_bounds@Velotron@@UAEXHH_N@Z 10014490 f   tlib:velotron.obj
 0001:00013490       ?set_hr_bounds@Computrainer@@UAEXHH_N@Z 10014490 f   tlib:computrainer.obj
 0001:00013500       ?get_accum_tdc@Velotron@@UAEHXZ 10014500 f   tlib:velotron.obj
 0001:00013500       ?get_accum_tdc@Computrainer@@UAEHXZ 10014500 f   tlib:computrainer.obj
 0001:00013510       ?get_status_bits@Computrainer@@UAEHXZ 10014510 f   tlib:computrainer.obj
 0001:00013520       ?get_accum_keys@Computrainer@@UAEHXZ 10014520 f   tlib:computrainer.obj
 0001:00013550       ?start_cal@Computrainer@@UAEEXZ 10014550 f   tlib:computrainer.obj
 0001:00013570       ?end_cal@Computrainer@@UAEXE@Z 10014570 f   tlib:computrainer.obj
 0001:00013580       ?setConstantWatts@Computrainer@@UAEXM@Z 10014580 f   tlib:computrainer.obj
 0001:000135a0       ?set_grade@Computrainer@@UAEXM@Z 100145a0 f   tlib:computrainer.obj
 0001:000135d0       ?get_result@Computrainer@@UAE?AURESULT@@XZ 100145d0 f   tlib:computrainer.obj
 0001:00013880       ?push_back@?$vector@MV?$allocator@M@std@@@std@@QAEXABM@Z 10014880 f i tlib:computrainer.obj
 0001:000138e0       ?insert@?$vector@MV?$allocator@M@std@@@std@@QAE?AV?$_Vector_iterator@MV?$allocator@M@std@@@2@V?$_Vector_const_iterator@MV?$allocator@M@std@@@2@ABM@Z 100148e0 f i tlib:computrainer.obj
 0001:000139a0       ?_Insert_n@?$vector@MV?$allocator@M@std@@@std@@IAEXV?$_Vector_const_iterator@MV?$allocator@M@std@@@2@IABM@Z 100149a0 f i tlib:computrainer.obj
 0001:00013b60       ??0NVRAM@@QAE@PAD@Z        10014b60 f   tlib:nvram.obj
 0001:00013bb0       ??_ENVRAM@@UAEPAXI@Z       10014bb0 f i  CIL library: CIL module
 0001:00013bb0       ??_GNVRAM@@UAEPAXI@Z       10014bb0 f i tlib:nvram.obj
 0001:00013c00       ??0NVRAM@@QAE@PAVSerial@@@Z 10014c00 f   tlib:nvram.obj
 0001:00013c40       ?read@NVRAM@@QAEHXZ        10014c40 f   tlib:nvram.obj
 0001:00013d50       ?connect@NVRAM@@QAEXXZ     10014d50 f   tlib:nvram.obj
 0001:00013dd0       ??0Course@@QAE@PBD@Z       10014dd0 f   tlib:course.obj
 0001:00013e90       ??_GCourse@@UAEPAXI@Z      10014e90 f i tlib:course.obj
 0001:00013e90       ??_ECourse@@UAEPAXI@Z      10014e90 f i  CIL library: CIL module
 0001:00013eb0       ??0Course@@QAE@V?$vector@UFPOINT@@V?$allocator@UFPOINT@@@std@@@std@@PBD@Z 10014eb0 f   tlib:course.obj
 0001:00014220       ??1Course@@UAE@XZ          10015220 f   tlib:course.obj
 0001:00014320       ?init@Course@@AAEXXZ       10015320 f   tlib:course.obj
 0001:00014430       ?compute_grades@Course@@AAEXXZ 10015430 f   tlib:course.obj
 0001:00014630       ??4?$vector@UFPOINT@@V?$allocator@UFPOINT@@@std@@@std@@QAEAAV01@ABV01@@Z 10015630 f i tlib:course.obj
 0001:00014720       ?clear@?$vector@UFPOINT@@V?$allocator@UFPOINT@@@std@@@std@@QAEXXZ 10015720 f i tlib:course.obj
 0001:00014760       ?erase@?$vector@UFPOINT@@V?$allocator@UFPOINT@@@std@@@std@@QAE?AV?$_Vector_iterator@UFPOINT@@V?$allocator@UFPOINT@@@std@@@2@V?$_Vector_const_iterator@UFPOINT@@V?$allocator@UFPOINT@@@std@@@2@0@Z 10015760 f i tlib:course.obj
 0001:000147f0       ??$unchecked_copy@PAUFPOINT@@PAU1@@stdext@@YAPAUFPOINT@@PAU1@00@Z 100157f0 f i tlib:course.obj
 0001:00014820       ??0Heartrate@@QAE@XZ       10015820 f   tlib:heartrate.obj
 0001:00014c90       ??1Heartrate@@QAE@XZ       10015c90 f   tlib:heartrate.obj
 0001:00014e10       ?input@Heartrate@@QAEXGG@Z 10015e10 f   tlib:heartrate.obj
 0001:000151c0       ?findpeak@Heartrate@@AAEHXZ 100161c0 f   tlib:heartrate.obj
 0001:00015290       ?dump@Heartrate@@QAEXXZ    10016290 f   tlib:heartrate.obj
 0001:00015370       ?dumpPtab@Heartrate@@QAEXXZ 10016370 f   tlib:heartrate.obj
 0001:000154e0       ?valid@Heartrate@@AAEHXZ   100164e0 f   tlib:heartrate.obj
 0001:00015640       ?insert@Heartrate@@AAEXXZ  10016640 f   tlib:heartrate.obj
 0001:000157e0       ?restart@Heartrate@@AAEXXZ 100167e0 f   tlib:heartrate.obj
 0001:000158b0       ??A?$deque@NV?$allocator@N@std@@@std@@QAEAANI@Z 100168b0 f i tlib:heartrate.obj
 0001:00015910       ??$sort@V?$_Deque_iterator@NV?$allocator@N@std@@$00@std@@@std@@YAXV?$_Deque_iterator@NV?$allocator@N@std@@$00@0@0@Z 10016910 f i tlib:heartrate.obj
 0001:00015980       ??$_Sort@V?$_Deque_iterator@NV?$allocator@N@std@@$0A@@std@@H@std@@YAXV?$_Deque_iterator@NV?$allocator@N@std@@$0A@@0@0H@Z 10016980 f i tlib:heartrate.obj
 0001:00015aa0       ??$_Unguarded_partition@V?$_Deque_iterator@NV?$allocator@N@std@@$0A@@std@@@std@@YA?AU?$pair@V?$_Deque_iterator@NV?$allocator@N@std@@$0A@@std@@V12@@0@V?$_Deque_iterator@NV?$allocator@N@std@@$0A@@0@0@Z 10016aa0 f i tlib:heartrate.obj
 0001:00015f20       ??$_Median@V?$_Deque_iterator@NV?$allocator@N@std@@$0A@@std@@@std@@YAXV?$_Deque_iterator@NV?$allocator@N@std@@$0A@@0@00@Z 10016f20 f i tlib:heartrate.obj
 0001:00016030       ??$_Make_heap@V?$_Deque_iterator@NV?$allocator@N@std@@$0A@@std@@HN@std@@YAXV?$_Deque_iterator@NV?$allocator@N@std@@$0A@@0@0PAHPAN@Z 10017030 f i tlib:heartrate.obj
 0001:000160a0       ??$_Sort_heap@V?$_Deque_iterator@NV?$allocator@N@std@@$0A@@std@@@std@@YAXV?$_Deque_iterator@NV?$allocator@N@std@@$0A@@0@0@Z 100170a0 f i tlib:heartrate.obj
 0001:000160e0       ??$_Insertion_sort1@V?$_Deque_iterator@NV?$allocator@N@std@@$0A@@std@@N@std@@YAXV?$_Deque_iterator@NV?$allocator@N@std@@$0A@@0@0PAN@Z 100170e0 f i tlib:heartrate.obj
 0001:000161f0       ??$_Med3@V?$_Deque_iterator@NV?$allocator@N@std@@$0A@@std@@@std@@YAXV?$_Deque_iterator@NV?$allocator@N@std@@$0A@@0@00@Z 100171f0 f i tlib:heartrate.obj
 0001:00016320       ??$_Adjust_heap@V?$_Deque_iterator@NV?$allocator@N@std@@$0A@@std@@HN@std@@YAXV?$_Deque_iterator@NV?$allocator@N@std@@$0A@@0@HHN@Z 10017320 f i tlib:heartrate.obj
 0001:00016460       ??$_Push_heap@V?$_Deque_iterator@NV?$allocator@N@std@@$0A@@std@@HN@std@@YAXV?$_Deque_iterator@NV?$allocator@N@std@@$0A@@0@HHN@Z 10017460 f i tlib:heartrate.obj
 0001:00016530       ??$_Pop_heap_0@V?$_Deque_iterator@NV?$allocator@N@std@@$0A@@std@@N@std@@YAXV?$_Deque_iterator@NV?$allocator@N@std@@$0A@@0@0PAN@Z 10017530 f i tlib:heartrate.obj
 0001:000165c0       ?setDistance@velotronDecoder@@UAEXM@Z 100175c0 f i tlib:velotron_decoder.obj
 0001:00016620       ?get_measured_ergo_watts@velotronDecoder@@UAENXZ 10017620 f i tlib:velotron_decoder.obj
 0001:00016630       ?get_physics_pause@velotronDecoder@@UAE_NXZ 10017630 f i tlib:velotron_decoder.obj
 0001:00016640       ?set_physics_pause@velotronDecoder@@UAEX_N@Z 10017640 f i tlib:velotron_decoder.obj
 0001:00016680       ??0velotronDecoder@@QAE@PAVCourse@@AAVRIDER_DATA@@PAVBike@@PAVPhysics@@H@Z 10017680 f   tlib:velotron_decoder.obj
 0001:00016be0       ??_EvelotronDecoder@@UAEPAXI@Z 10017be0 f i  CIL library: CIL module
 0001:00016be0       ??_GvelotronDecoder@@UAEPAXI@Z 10017be0 f i tlib:velotron_decoder.obj
 0001:00016c00       ??1velotronDecoder@@UAE@XZ 10017c00 f   tlib:velotron_decoder.obj
 0001:00016d00       ?decode@velotronDecoder@@UAEHPAEK@Z 10017d00 f   tlib:velotron_decoder.obj
 0001:00017700       ?runkeys@velotronDecoder@@AAEXXZ 10018700 f   tlib:velotron_decoder.obj
 0001:00017880       ?set_grade@velotronDecoder@@UAEXM@Z 10018880 f   tlib:velotron_decoder.obj
 0001:000178a0       ?set_watts_factor@velotronDecoder@@UAEXM@Z 100188a0 f   tlib:velotron_decoder.obj
 0001:000178d0       ?set_weight_lbs@velotronDecoder@@UAEXN@Z 100188d0 f   tlib:velotron_decoder.obj
 0001:00017900       ?get_gear_pair@velotronDecoder@@UAE?AUGEARPAIR@Bike@@XZ 10018900 f   tlib:velotron_decoder.obj
 0001:00017930       ?get_gear_indices@velotronDecoder@@UAE?AUGEARPAIR@Bike@@XZ 10018930 f   tlib:velotron_decoder.obj
 0001:00017960       ??0MD5@@QAE@ABV0@@Z        10018960 f i tlib:rmp.obj
 0001:00017990       ??_EMD5@@UAEPAXI@Z         10018990 f i tlib:rmp.obj
 0001:00017a00       ??0RMP@@QAE@XZ             10018a00 f   tlib:rmp.obj
 0001:00017df0       ??1RMP@@QAE@XZ             10018df0 f   tlib:rmp.obj
 0001:00017ec0       ?compute_date@RMP@@QAEXQAD@Z 10018ec0 f   tlib:rmp.obj
 0001:00017f20       ?finalize@RMP@@QAEHXZ      10018f20 f   tlib:rmp.obj
 0001:000183d0       ?write_record@RMP@@QAEHPAURMPDATA@1@@Z 100193d0 f   tlib:rmp.obj
 0001:00018940       ?clear@?$vector@UNode@RMP@@V?$allocator@UNode@RMP@@@std@@@std@@QAEXXZ 10019940 f i tlib:rmp.obj
 0001:00018990       ?erase@?$vector@UNode@RMP@@V?$allocator@UNode@RMP@@@std@@@std@@QAE?AV?$_Vector_iterator@UNode@RMP@@V?$allocator@UNode@RMP@@@std@@@2@V?$_Vector_const_iterator@UNode@RMP@@V?$allocator@UNode@RMP@@@std@@@2@0@Z 10019990 f i tlib:rmp.obj
 0001:00018a00       ??$unchecked_copy@PAUNode@RMP@@PAU12@@stdext@@YAPAUNode@RMP@@PAU12@00@Z 10019a00 f i tlib:rmp.obj
 0001:00018a50       ??0performanceDecoder@@QAE@PAVCourse@@AAVRIDER_DATA@@@Z 10019a50 f   tlib:performance_decoder.obj
 0001:00018cc0       ??_GperformanceDecoder@@UAEPAXI@Z 10019cc0 f i tlib:performance_decoder.obj
 0001:00018cc0       ??_EperformanceDecoder@@UAEPAXI@Z 10019cc0 f i  CIL library: CIL module
 0001:00018ce0       ??1performanceDecoder@@UAE@XZ 10019ce0 f   tlib:performance_decoder.obj
 0001:00018da0       ?decode@performanceDecoder@@UAEHPAEK@Z 10019da0 f   tlib:performance_decoder.obj
 0001:000191d0       ?integrate@performanceDecoder@@EAEXXZ 1001a1d0 f   tlib:performance_decoder.obj
 0001:00019470       ?reset@performanceDecoder@@UAEXXZ 1001a470 f   tlib:performance_decoder.obj
 0001:000194e0       ??0simDecoder@@QAE@PAVCourse@@AAVRIDER_DATA@@@Z 1001a4e0 f   tlib:simdecoder.obj
 0001:00019780       ??_GsimDecoder@@UAEPAXI@Z  1001a780 f i tlib:simdecoder.obj
 0001:00019780       ??_EsimDecoder@@UAEPAXI@Z  1001a780 f i  CIL library: CIL module
 0001:000197a0       ??1simDecoder@@UAE@XZ      1001a7a0 f   tlib:simdecoder.obj
 0001:00019860       ?decode@simDecoder@@UAEHPAEK@Z 1001a860 f   tlib:simdecoder.obj
 0001:00019c90       ?integrate@simDecoder@@EAEXXZ 1001ac90 f   tlib:simdecoder.obj
 0001:00019f30       ?reset@simDecoder@@UAEXXZ  1001af30 f   tlib:simdecoder.obj
 0001:00019fa0       ?set_manual_mph@simDecoder@@UAEXM@Z 1001afa0 f   tlib:simdecoder.obj
 0001:00019fc0       ??0computrainerDecoder@@QAE@PAVCourse@@AAVRIDER_DATA@@H@Z 1001afc0 f   tlib:computrainer_decoder.obj
 0001:0001a0f0       ??_EcomputrainerDecoder@@UAEPAXI@Z 1001b0f0 f i  CIL library: CIL module
 0001:0001a0f0       ??_GcomputrainerDecoder@@UAEPAXI@Z 1001b0f0 f i tlib:computrainer_decoder.obj
 0001:0001a110       ??1computrainerDecoder@@UAE@XZ 1001b110 f   tlib:computrainer_decoder.obj
 0001:0001a1d0       ?decode@computrainerDecoder@@UAEHPAEK@Z 1001b1d0 f   tlib:computrainer_decoder.obj
 0001:0001ac50       ?reset@computrainerDecoder@@UAEXXZ 1001bc50 f   tlib:computrainer_decoder.obj
 0001:0001adc0       ?peaks_and_averages@computrainerDecoder@@EAEXXZ 1001bdc0 f   tlib:computrainer_decoder.obj
 0001:0001ae40       ?gradeUp@computrainerDecoder@@UAEXXZ 1001be40 f   tlib:computrainer_decoder.obj
 0001:0001ae80       ?gradeDown@computrainerDecoder@@UAEXXZ 1001be80 f   tlib:computrainer_decoder.obj
 0001:0001aec0       ?integrate@computrainerDecoder@@UAEXXZ 1001bec0 f   tlib:computrainer_decoder.obj
 0001:0001afb0       ?runkeys@computrainerDecoder@@AAEXXZ 1001bfb0 f   tlib:computrainer_decoder.obj
 0001:0001b130       ?set_watts_factor@computrainerDecoder@@UAEXM@Z 1001c130 f   tlib:computrainer_decoder.obj
 0001:0001b150       ??0PerfData@@QAE@XZ        1001c150 f   tlib:perfdata.obj
 0001:0001b1e0       ??1PerfData@@QAE@XZ        1001c1e0 f   tlib:perfdata.obj
 0001:0001b2a0       ??0fatalError@@QAE@PBDH0@Z 1001c2a0 f   glib:fatalerror.obj
 0001:0001b3b0       ??1fatalError@@UAE@XZ      1001c3b0 f   glib:fatalerror.obj
 0001:0001b3c0       ??0Person@@QAE@XZ          1001c3c0 f   glib:person.obj
 0001:0001b3e0       ??1Person@@UAE@XZ          1001c3e0 f   glib:person.obj
 0001:0001b3f0       ?dump@Person@@QAEXPAD@Z    1001c3f0 f   glib:person.obj
 0001:0001b510       ?convertDOB@Person@@IAEXXZ 1001c510 f   glib:person.obj
 0001:0001b610       ?setInitials@Person@@IAEXXZ 1001c610 f   glib:person.obj
 0001:0001b660       ?setName2@Person@@IAEXXZ   1001c660 f   glib:person.obj
 0001:0001b6c0       ?init@Person@@IAEXXZ       1001c6c0 f   glib:person.obj
 0001:0001b8b0       ?my_export@Person@@UAEXPAU_iobuf@@_N@Z 1001c8b0 f   glib:person.obj
 0001:0001b9b0       ??_EfastTimer@@UAEPAXI@Z   1001c9b0 f i glib:fasttimer.obj
 0001:0001ba10       ??0fastTimer@@QAE@PAD@Z    1001ca10 f   glib:fasttimer.obj
 0001:0001ba80       ?reset@fastTimer@@QAEXXZ   1001ca80 f   glib:fasttimer.obj
 0001:0001bae0       ??1fastTimer@@UAE@XZ       1001cae0 f   glib:fasttimer.obj
 0001:0001baf0       ?start@fastTimer@@QAEXXZ   1001caf0 f   glib:fasttimer.obj
 0001:0001bb10       ?stop@fastTimer@@QAEXXZ    1001cb10 f   glib:fasttimer.obj
 0001:0001bb60       ?getTotalSeconds@fastTimer@@QAENXZ 1001cb60 f   glib:fasttimer.obj
 0001:0001bb70       ?getCycles@fastTimer@@QAEKXZ 1001cb70 f   glib:fasttimer.obj
 0001:0001bb80       ?read@fastTimer@@QAE_JXZ   1001cb80 f   glib:fasttimer.obj
 0001:0001bba0       ?getAverageSeconds@fastTimer@@QAENXZ 1001cba0 f   glib:fasttimer.obj
 0001:0001bbd0       ?getms@fastTimer@@QAEKXZ   1001cbd0 f   glib:fasttimer.obj
 0001:0001bc50       ?getFreq@fastTimer@@QAE_JXZ 1001cc50 f   glib:fasttimer.obj
 0001:0001bc60       ?delay@fastTimer@@QAEXK@Z  1001cc60 f   glib:fasttimer.obj
 0001:0001bcf0       ?average@fastTimer@@QAEXXZ 1001ccf0 f   glib:fasttimer.obj
 0001:0001bdd0       ?getus@fastTimer@@QAEMXZ   1001cdd0 f   glib:fasttimer.obj
 0001:0001be20       ?getseconds@fastTimer@@QAENXZ 1001ce20 f   glib:fasttimer.obj
 0001:0001be20       ?getSeconds@fastTimer@@QAENXZ 1001ce20 f   glib:fasttimer.obj
 0001:0001be60       ?print@fastTimer@@QAEXXZ   1001ce60 f   glib:fasttimer.obj
 0001:0001bf00       ??_ECRF@@UAEPAXI@Z         1001cf00 f i glib:crf.obj
 0001:0001bf60       ??0CRF@@QAE@_N@Z           1001cf60 f   glib:crf.obj
 0001:0001bf80       ??1CRF@@UAE@XZ             1001cf80 f   glib:crf.obj
 0001:0001bf90       ?init@CRF@@QAEXPAE0@Z      1001cf90 f   glib:crf.obj
 0001:0001c0a0       ?doo@CRF@@QAEXPAEH@Z       1001d0a0 f   glib:crf.obj
 0001:0001c160       ?unwind@CRF@@QAEXH@Z       1001d160 f   glib:crf.obj
 0001:0001c1d0       ?do_file@CRF@@QAE_NPAD0@Z  1001d1d0 f   glib:crf.obj
 0001:0001c280       ?initialized@CRF@@QAE_NXZ  1001d280 f   glib:crf.obj
 0001:0001c2a0       ?save_encrypt_state@CRF@@QAEXXZ 1001d2a0 f   glib:crf.obj
 0001:0001c2b0       ?restore_encrypt_state@CRF@@QAEXXZ 1001d2b0 f   glib:crf.obj
 0001:0001c2f0       ?geti@CRF@@QAEHXZ          1001d2f0 f   glib:crf.obj
 0001:0001c300       ?getj@CRF@@QAEHXZ          1001d300 f   glib:crf.obj
 0001:0001c310       ?init@CRF@@QAEXXZ          1001d310 f   glib:crf.obj
 0001:0001c6a0       ?generate_seedstr@CRF@@QAEXXZ 1001d6a0 f   glib:crf.obj
 0001:0001c710       ?getstate@CRF@@QAEXPAUTCRF@@@Z 1001d710 f   glib:crf.obj
 0001:0001c730       ?setstate@CRF@@QAEXPAUTCRF@@@Z 1001d730 f   glib:crf.obj
 0001:0001c750       ?back@?$deque@UTCRF@@V?$allocator@UTCRF@@@std@@@std@@QAEAAUTCRF@@XZ 1001d750 f i glib:crf.obj
 0001:0001c7d0       ?push_back@?$deque@UTCRF@@V?$allocator@UTCRF@@@std@@@std@@QAEXABUTCRF@@@Z 1001d7d0 f i glib:crf.obj
 0001:0001c850       ?_Tidy@?$deque@UTCRF@@V?$allocator@UTCRF@@@std@@@std@@IAEXXZ 1001d850 f i glib:crf.obj
 0001:0001c8c0       ?_Growmap@?$deque@UTCRF@@V?$allocator@UTCRF@@@std@@@std@@IAEXI@Z 1001d8c0 f i glib:crf.obj
 0001:0001ca40       ??D?$_Deque_const_iterator@UTCRF@@V?$allocator@UTCRF@@@std@@$00@std@@QBEABUTCRF@@XZ 1001da40 f i glib:crf.obj
 0001:0001cac0       ??$_Allocate@UTCRF@@@std@@YAPAUTCRF@@IPAU1@@Z 1001dac0 f i glib:crf.obj
 0001:0001cb20       ?direxists@@YA_NPBD@Z      1001db20 f   glib:win_utils.obj
 0001:0001cb40       ??0Logger@@QAE@PBD0@Z      1001db40 f   glib:logger.obj
 0001:0001ccd0       ??_GLogger@@UAEPAXI@Z      1001dcd0 f i glib:logger.obj
 0001:0001ccd0       ??_ELogger@@UAEPAXI@Z      1001dcd0 f i  CIL library: CIL module
 0001:0001cd10       ?close@Logger@@QAEXXZ      1001dd10 f   glib:logger.obj
 0001:0001cd90       ?cleanup_logfiles@Logger@@AAEXXZ 1001dd90 f   glib:logger.obj
 0001:0001cff0       ?sort_function@@YAHPBX0@Z  1001dff0 f   glib:logger.obj
 0001:0001d020       ?dump@Logger@@QAEXPAEH@Z   1001e020 f   glib:logger.obj
 0001:0001d0d0       ?write@Logger@@QAAXHHHPBDZZ 1001e0d0 f   glib:logger.obj
 0001:0001d300       ?write@Logger@@QAAXPBDZZ   1001e300 f   glib:logger.obj
 0001:0001d3a0       ?flush@@YAXPAVLogger@@PAVSerial@@KH@Z 1001e3a0 f   glib:utils.obj
 0001:0001d510       ?indexIgnoreCase@@YAHPBD0H_N@Z 1001e510 f   glib:utils.obj
 0001:0001d600       ?myindex@@YAHPBD0H@Z       1001e600 f   glib:utils.obj
 0001:0001d670       ?dmap@@YAFNNNNPAN0@Z       1001e670 f   glib:utils.obj
 0001:0001d6c0       ?replace@@YAHPADPBD1H@Z    1001e6c0 f   glib:utils.obj
 0001:0001d7c0       ?exists@@YA_NPBD@Z         1001e7c0 f   glib:utils.obj
 0001:0001d850       ?fourcc@@YAIPBD@Z          1001e850 f   glib:utils.obj
 0001:0001d890       ?push_back@?$vector@V?$basic_string@DU?$char_traits@D@std@@V?$allocator@D@2@@std@@V?$allocator@V?$basic_string@DU?$char_traits@D@std@@V?$allocator@D@2@@std@@@2@@std@@QAEXABV?$basic_string@DU?$char_traits@D@std@@V?$allocator@D@2@@2@@Z 1001e890 f i glib:utils.obj
 0001:0001d940       ?insert@?$vector@V?$basic_string@DU?$char_traits@D@std@@V?$allocator@D@2@@std@@V?$allocator@V?$basic_string@DU?$char_traits@D@std@@V?$allocator@D@2@@std@@@2@@std@@QAE?AV?$_Vector_iterator@V?$basic_string@DU?$char_traits@D@std@@V?$allocator@D@2@@std@@V?$allocator@V?$basic_string@DU?$char_traits@D@std@@V?$allocator@D@2@@std@@@2@@2@V?$_Vector_const_iterator@V?$basic_string@DU?$char_traits@D@std@@V?$allocator@D@2@@std@@V?$allocator@V?$basic_string@DU?$char_traits@D@std@@V?$allocator@D@2@@std@@@2@@2@ABV?$basic_string@DU?$char_traits@D@std@@V?$allocator@D@2@@2@@Z 1001e940 f i glib:utils.obj
 0001:0001da20       ?_Ufill@?$vector@V?$basic_string@DU?$char_traits@D@std@@V?$allocator@D@2@@std@@V?$allocator@V?$basic_string@DU?$char_traits@D@std@@V?$allocator@D@2@@std@@@2@@std@@IAEPAV?$basic_string@DU?$char_traits@D@std@@V?$allocator@D@2@@2@PAV32@IABV32@@Z 1001ea20 f i glib:utils.obj
 0001:0001da60       ?_Insert_n@?$vector@V?$basic_string@DU?$char_traits@D@std@@V?$allocator@D@2@@std@@V?$allocator@V?$basic_string@DU?$char_traits@D@std@@V?$allocator@D@2@@std@@@2@@std@@IAEXV?$_Vector_const_iterator@V?$basic_string@DU?$char_traits@D@std@@V?$allocator@D@2@@std@@V?$allocator@V?$basic_string@DU?$char_traits@D@std@@V?$allocator@D@2@@std@@@2@@2@IABV?$basic_string@DU?$char_traits@D@std@@V?$allocator@D@2@@2@@Z 1001ea60 f i glib:utils.obj
 0001:0001de10       ??$_Umove@PAV?$basic_string@DU?$char_traits@D@std@@V?$allocator@D@2@@std@@@?$vector@V?$basic_string@DU?$char_traits@D@std@@V?$allocator@D@2@@std@@V?$allocator@V?$basic_string@DU?$char_traits@D@std@@V?$allocator@D@2@@std@@@2@@std@@IAEPAV?$basic_string@DU?$char_traits@D@std@@V?$allocator@D@2@@1@PAV21@00@Z 1001ee10 f i glib:utils.obj
 0001:0001de40       ??$fill@PAV?$basic_string@DU?$char_traits@D@std@@V?$allocator@D@2@@std@@V12@@std@@YAXPAV?$basic_string@DU?$char_traits@D@std@@V?$allocator@D@2@@0@0ABV10@@Z 1001ee40 f i glib:utils.obj
 0001:0001de70       ??$_Unchecked_move_backward@PAV?$basic_string@DU?$char_traits@D@std@@V?$allocator@D@2@@std@@PAV12@@stdext@@YAPAV?$basic_string@DU?$char_traits@D@std@@V?$allocator@D@2@@std@@PAV12@00@Z 1001ee70 f i glib:utils.obj
 0001:0001dea0       ??$_Uninit_fill_n@PAV?$basic_string@DU?$char_traits@D@std@@V?$allocator@D@2@@std@@IV12@V?$allocator@V?$basic_string@DU?$char_traits@D@std@@V?$allocator@D@2@@std@@@2@@std@@YAXPAV?$basic_string@DU?$char_traits@D@std@@V?$allocator@D@2@@0@IABV10@AAV?$allocator@V?$basic_string@DU?$char_traits@D@std@@V?$allocator@D@2@@std@@@0@U_Nonscalar_ptr_iterator_tag@0@U_Range_checked_iterator_tag@0@@Z 1001eea0 f i glib:utils.obj
 0001:0001df40       ??$_Move_backward_opt@PAV?$basic_string@DU?$char_traits@D@std@@V?$allocator@D@2@@std@@PAV12@@std@@YAPAV?$basic_string@DU?$char_traits@D@std@@V?$allocator@D@2@@0@PAV10@00Urandom_access_iterator_tag@0@U_Swap_move_tag@0@U_Range_checked_iterator_tag@0@@Z 1001ef40 f i glib:utils.obj
[...]
 0001:000330b2       __unwindfunclet$??0RTD@@QAE@PBDHAAVRIDER_DATA@@PAVCourse@@PAVBike@@_NW4LoggingType@@@Z$6 100340b2 f    CIL library: CIL module
 0001:000330c0       __unwindfunclet$??0RTD@@QAE@PBDHAAVRIDER_DATA@@PAVCourse@@PAVBike@@_NW4LoggingType@@@Z$8 100340c0 f    CIL library: CIL module
 0001:000330cb       __ehhandler$??0RTD@@QAE@PBDHAAVRIDER_DATA@@PAVCourse@@PAVBike@@_NW4LoggingType@@@Z 100340cb f    CIL library: CIL module
 0001:00033100       __unwindfunclet$??0Decoder@@QAE@HPAVCourse@@AAVRIDER_DATA@@H@Z$0 10034100 f    CIL library: CIL module
 0001:00033111       __unwindfunclet$??0Decoder@@QAE@HPAVCourse@@AAVRIDER_DATA@@H@Z$2 10034111 f    CIL library: CIL module
 0001:0003311f       __unwindfunclet$??0Decoder@@QAE@HPAVCourse@@AAVRIDER_DATA@@H@Z$4 1003411f f    CIL library: CIL module
 0001:0003312d       __ehhandler$??0Decoder@@QAE@HPAVCourse@@AAVRIDER_DATA@@H@Z 1003412d f    CIL library: CIL module
 0001:00033160       __ehhandler$??$_Insert@V?$_Deque_const_iterator@UFORMULA_PAIR@@V?$allocator@UFORMULA_PAIR@@@std@@$00@std@@@?$deque@UFORMULA_PAIR@@V?$allocator@UFORMULA_PAIR@@@std@@@std@@QAEXV?$_Deque_const_iterator@UFORMULA_PAIR@@V?$allocator@UFORMULA_PAIR@@@std@@$00@1@00Uinput_iterator_tag@1@@Z 10034160 f    CIL library: CIL module
 0001:00033180       __unwindfunclet$??0?$deque@UFORMULA_PAIR@@V?$allocator@UFORMULA_PAIR@@@std@@@std@@QAE@ABV01@@Z$2 10034180 f    CIL library: CIL module
 0001:00033188       __ehhandler$??0?$deque@UFORMULA_PAIR@@V?$allocator@UFORMULA_PAIR@@@std@@@std@@QAE@ABV01@@Z 10034188 f    CIL library: CIL module
 0001:000331b0       __unwindfunclet$?Open@USBDeviceHandleSI@@SAHABVUSBDeviceSI@@AAPAV1@K@Z$2 100341b0 f    CIL library: CIL module
 0001:000331bb       __ehhandler$?Open@USBDeviceHandleSI@@SAHABVUSBDeviceSI@@AAPAV1@K@Z 100341bb f    CIL library: CIL module
 0001:000331e0       __unwindfunclet$?ThreadInit@DSIDebug@@SAHPBD@Z$0 100341e0 f    CIL library: CIL module
 0001:000331ee       __ehhandler$?ThreadInit@DSIDebug@@SAHPBD@Z 100341ee f    CIL library: CIL module
 0001:00033220       __unwindfunclet$??0?$USBDeviceList@PBVUSBDeviceLibusb@@@@QAE@ABV0@@Z$0 10034220 f    CIL library: CIL module
 0001:00033220       __unwindfunclet$??0?$USBDeviceList@PBVUSBDeviceSI@@@@QAE@ABV0@@Z$0 10034220 f    CIL library: CIL module
 0001:0003322b       __ehhandler$??0?$USBDeviceList@PBVUSBDeviceLibusb@@@@QAE@ABV0@@Z 1003422b f    CIL library: CIL module
 0001:0003322b       __ehhandler$??0?$USBDeviceList@PBVUSBDeviceSI@@@@QAE@ABV0@@Z 1003422b f    CIL library: CIL module
 0001:00033250       __unwindfunclet$??0performanceDecoder@@QAE@PAVCourse@@AAVRIDER_DATA@@@Z$0 10034250 f    CIL library: CIL module
 0001:00033250       __unwindfunclet$??0simDecoder@@QAE@PAVCourse@@AAVRIDER_DATA@@@Z$0 10034250 f    CIL library: CIL module
 0001:00033258       __ehhandler$??0simDecoder@@QAE@PAVCourse@@AAVRIDER_DATA@@@Z 10034258 f    CIL library: CIL module
 0001:00033258       __ehhandler$??0performanceDecoder@@QAE@PAVCourse@@AAVRIDER_DATA@@@Z 10034258 f    CIL library: CIL module
 0001:00033280       __unwindfunclet$??0Heartrate@@QAE@XZ$0 10034280 f    CIL library: CIL module
 0001:0003328b       __unwindfunclet$??0Heartrate@@QAE@XZ$3 1003428b f    CIL library: CIL module
 0001:00033296       __unwindfunclet$??0Heartrate@@QAE@XZ$4 10034296 f    CIL library: CIL module
 0001:000332a1       __ehhandler$??0Heartrate@@QAE@XZ 100342a1 f    CIL library: CIL module
 0001:000332c0       __unwindfunclet$??0Course@@QAE@V?$vector@UFPOINT@@V?$allocator@UFPOINT@@@std@@@std@@PBD@Z$0 100342c0 f    CIL library: CIL module
 0001:000332c8       __unwindfunclet$??0Course@@QAE@V?$vector@UFPOINT@@V?$allocator@UFPOINT@@@std@@@std@@PBD@Z$1 100342c8 f    CIL library: CIL module
 0001:000332d6       __unwindfunclet$??0Course@@QAE@V?$vector@UFPOINT@@V?$allocator@UFPOINT@@@std@@@std@@PBD@Z$2 100342d6 f    CIL library: CIL module
 0001:000332e4       __unwindfunclet$??0Course@@QAE@V?$vector@UFPOINT@@V?$allocator@UFPOINT@@@std@@@std@@PBD@Z$3 100342e4 f    CIL library: CIL module
 0001:000332f2       __ehhandler$??0Course@@QAE@V?$vector@UFPOINT@@V?$allocator@UFPOINT@@@std@@@std@@PBD@Z 100342f2 f    CIL library: CIL module
 0001:00033310       __unwindfunclet$?init@Computrainer@@AAEXXZ$0 10034310 f    CIL library: CIL module
 0001:0003331b       __ehhandler$?init@Computrainer@@AAEXXZ 1003431b f    CIL library: CIL module
 0001:00033340       __unwindfunclet$??1Computrainer@@UAE@XZ$0 10034340 f    CIL library: CIL module
 0001:00033348       __ehhandler$??1Computrainer@@UAE@XZ 10034348 f    CIL library: CIL module
 0001:00033370       __unwindfunclet$??0Computrainer@@QAE@PAVSerial@@AAVRIDER_DATA@@PAVCourse@@PAVBike@@W4LoggingType@@@Z$0 10034370 f    CIL library: CIL module
 0001:00033378       __ehhandler$??0Computrainer@@QAE@PAVSerial@@AAVRIDER_DATA@@PAVCourse@@PAVBike@@W4LoggingType@@@Z 10034378 f    CIL library: CIL module
 0001:000333a0       __unwindfunclet$??0Computrainer@@QAE@PBDAAVRIDER_DATA@@PAVCourse@@PAVBike@@W4LoggingType@@@Z$0 100343a0 f    CIL library: CIL module
 0001:000333a8       __ehhandler$??0Computrainer@@QAE@PBDAAVRIDER_DATA@@PAVCourse@@PAVBike@@W4LoggingType@@@Z 100343a8 f    CIL library: CIL module
 0001:000333d0       __unwindfunclet$??0Simulator@@QAE@AAVRIDER_DATA@@_NPAVCourse@@PBD@Z$0 100343d0 f    CIL library: CIL module
 0001:000333d8       __unwindfunclet$??0Simulator@@QAE@AAVRIDER_DATA@@_NPAVCourse@@PBD@Z$1 100343d8 f    CIL library: CIL module
 0001:000333e3       __ehhandler$??0Simulator@@QAE@AAVRIDER_DATA@@_NPAVCourse@@PBD@Z 100343e3 f    CIL library: CIL module
 0001:00033400       __unwindfunclet$?set_performance_file_name@Performance@@UAEXPBD@Z$0 10034400 f    CIL library: CIL module
 0001:0003340b       __unwindfunclet$?set_performance_file_name@Performance@@UAEXPBD@Z$1 1003440b f    CIL library: CIL module
 0001:00033419       __ehhandler$?set_performance_file_name@Performance@@UAEXPBD@Z 10034419 f    CIL library: CIL module
 0001:00033450       __unwindfunclet$??0Performance@@QAE@AAVRIDER_DATA@@_NPBD@Z$0 10034450 f    CIL library: CIL module
 0001:00033458       __unwindfunclet$??0Performance@@QAE@AAVRIDER_DATA@@_NPBD@Z$1 10034458 f    CIL library: CIL module
 0001:00033463       __ehhandler$??0Performance@@QAE@AAVRIDER_DATA@@_NPBD@Z 10034463 f    CIL library: CIL module
 0001:00033480       __ehhandler$??$_Insert@V?$_Deque_const_iterator@NV?$allocator@N@std@@$00@std@@@?$deque@NV?$allocator@N@std@@@std@@QAEXV?$_Deque_const_iterator@NV?$allocator@N@std@@$00@1@00Uinput_iterator_tag@1@@Z 10034480 f    CIL library: CIL module
 0001:000334a0       __unwindfunclet$??0?$deque@NV?$allocator@N@std@@@std@@QAE@ABV01@@Z$2 100344a0 f    CIL library: CIL module
 0001:000334a8       __ehhandler$??0?$deque@NV?$allocator@N@std@@@std@@QAE@ABV01@@Z 100344a8 f    CIL library: CIL module
 0001:000334d0       __unwindfunclet$?GetAllDevices@USBDeviceHandleLibusb@@SA?BV?$USBDeviceList@PBVUSBDeviceLibusb@@@@XZ$0 100344d0 f    CIL library: CIL module
 0001:000334db       __unwindfunclet$?GetAllDevices@USBDeviceHandleLibusb@@SA?BV?$USBDeviceList@PBVUSBDeviceLibusb@@@@XZ$1 100344db f    CIL library: CIL module
 0001:000334e6       __unwindfunclet$?GetAllDevices@USBDeviceHandleLibusb@@SA?BV?$USBDeviceList@PBVUSBDeviceLibusb@@@@XZ$2 100344e6 f    CIL library: CIL module
 0001:000334f1       __unwindfunclet$?GetAllDevices@USBDeviceHandleLibusb@@SA?BV?$USBDeviceList@PBVUSBDeviceLibusb@@@@XZ$3 100344f1 f    CIL library: CIL module
 0001:00033510       __unwindfunclet$?GetAllDevices@USBDeviceHandleLibusb@@SA?BV?$USBDeviceList@PBVUSBDeviceLibusb@@@@XZ$4 10034510 f    CIL library: CIL module
 0001:0003351b       __ehhandler$?GetAllDevices@USBDeviceHandleLibusb@@SA?BV?$USBDeviceList@PBVUSBDeviceLibusb@@@@XZ 1003451b f    CIL library: CIL module
 0001:00033540       __unwindfunclet$?GetAllDevices@USBDeviceHandleSI@@SA?BV?$USBDeviceList@PBVUSBDeviceSI@@@@XZ$0 10034540 f    CIL library: CIL module
 0001:0003354b       __unwindfunclet$?GetAllDevices@USBDeviceHandleSI@@SA?BV?$USBDeviceList@PBVUSBDeviceSI@@@@XZ$1 1003454b f    CIL library: CIL module
 0001:00033556       __unwindfunclet$?GetAllDevices@USBDeviceHandleSI@@SA?BV?$USBDeviceList@PBVUSBDeviceSI@@@@XZ$2 10034556 f    CIL library: CIL module
 0001:00033561       __unwindfunclet$?GetAllDevices@USBDeviceHandleSI@@SA?BV?$USBDeviceList@PBVUSBDeviceSI@@@@XZ$3 10034561 f    CIL library: CIL module
 0001:00033580       __unwindfunclet$?GetAllDevices@USBDeviceHandleSI@@SA?BV?$USBDeviceList@PBVUSBDeviceSI@@@@XZ$4 10034580 f    CIL library: CIL module
 0001:0003358b       __ehhandler$?GetAllDevices@USBDeviceHandleSI@@SA?BV?$USBDeviceList@PBVUSBDeviceSI@@@@XZ 1003458b f    CIL library: CIL module
 0001:000335b0       __unwindfunclet$?GetSubList@?$USBDeviceList@PBVUSBDeviceLibusb@@@@QBE?AV1@P6AHABQBVUSBDeviceLibusb@@@Z@Z$0 100345b0 f    CIL library: CIL module
 0001:000335b8       __unwindfunclet$?GetSubList@?$USBDeviceList@PBVUSBDeviceLibusb@@@@QBE?AV1@P6AHABQBVUSBDeviceLibusb@@@Z@Z$4 100345b8 f    CIL library: CIL module
 0001:000335c0       __unwindfunclet$?GetSubList@?$USBDeviceList@PBVUSBDeviceLibusb@@@@QBE?AV1@P6AHABQBVUSBDeviceLibusb@@@Z@Z$3 100345c0 f    CIL library: CIL module
 0001:000335cb       __ehhandler$?GetSubList@?$USBDeviceList@PBVUSBDeviceLibusb@@@@QBE?AV1@P6AHABQBVUSBDeviceLibusb@@@Z@Z 100345cb f    CIL library: CIL module
 0001:000335f0       __unwindfunclet$?GetSubList@?$USBDeviceList@PBVUSBDeviceSI@@@@QBE?AV1@P6AHABQBVUSBDeviceSI@@@Z@Z$0 100345f0 f    CIL library: CIL module
 0001:000335f8       __unwindfunclet$?GetSubList@?$USBDeviceList@PBVUSBDeviceSI@@@@QBE?AV1@P6AHABQBVUSBDeviceSI@@@Z@Z$4 100345f8 f    CIL library: CIL module
 0001:00033600       __unwindfunclet$?GetSubList@?$USBDeviceList@PBVUSBDeviceSI@@@@QBE?AV1@P6AHABQBVUSBDeviceSI@@@Z@Z$3 10034600 f    CIL library: CIL module
 0001:0003360b       __ehhandler$?GetSubList@?$USBDeviceList@PBVUSBDeviceSI@@@@QBE?AV1@P6AHABQBVUSBDeviceSI@@@Z@Z 1003460b f    CIL library: CIL module
 0001:00033630       __unwindfunclet$?GetAvailableDevices@USBDeviceHandle@@SA?BV?$USBDeviceList@PBVUSBDevice@@@@K@Z$0 10034630 f    CIL library: CIL module
 0001:00033630       __unwindfunclet$?GetAllDevices@USBDeviceHandle@@SA?BV?$USBDeviceList@PBVUSBDevice@@@@K@Z$0 10034630 f    CIL library: CIL module
 0001:00033649       __unwindfunclet$?GetAllDevices@USBDeviceHandle@@SA?BV?$USBDeviceList@PBVUSBDevice@@@@K@Z$1 10034649 f    CIL library: CIL module
 0001:00033649       __unwindfunclet$?GetAvailableDevices@USBDeviceHandle@@SA?BV?$USBDeviceList@PBVUSBDevice@@@@K@Z$1 10034649 f    CIL library: CIL module
 0001:00033651       __unwindfunclet$?GetAllDevices@USBDeviceHandle@@SA?BV?$USBDeviceList@PBVUSBDevice@@@@K@Z$2 10034651 f    CIL library: CIL module
 0001:00033651       __unwindfunclet$?GetAvailableDevices@USBDeviceHandle@@SA?BV?$USBDeviceList@PBVUSBDevice@@@@K@Z$2 10034651 f    CIL library: CIL module
 0001:00033659       __unwindfunclet$?GetAllDevices@USBDeviceHandle@@SA?BV?$USBDeviceList@PBVUSBDevice@@@@K@Z$3 10034659 f    CIL library: CIL module
 0001:00033659       __unwindfunclet$?GetAvailableDevices@USBDeviceHandle@@SA?BV?$USBDeviceList@PBVUSBDevice@@@@K@Z$3 10034659 f    CIL library: CIL module
 0001:00033661       __unwindfunclet$?GetAllDevices@USBDeviceHandle@@SA?BV?$USBDeviceList@PBVUSBDevice@@@@K@Z$4 10034661 f    CIL library: CIL module
 0001:00033661       __unwindfunclet$?GetAvailableDevices@USBDeviceHandle@@SA?BV?$USBDeviceList@PBVUSBDevice@@@@K@Z$4 10034661 f    CIL library: CIL module
 0001:00033669       __ehhandler$?GetAvailableDevices@USBDeviceHandle@@SA?BV?$USBDeviceList@PBVUSBDevice@@@@K@Z 10034669 f    CIL library: CIL module
 0001:00033669       __ehhandler$?GetAllDevices@USBDeviceHandle@@SA?BV?$USBDeviceList@PBVUSBDevice@@@@K@Z 10034669 f    CIL library: CIL module
 0001:00033690       __unwindfunclet$?USBReset@DSISerialGeneric@@QAEXXZ$0 10034690 f    CIL library: CIL module
 0001:00033698       __ehhandler$?USBReset@DSISerialGeneric@@QAEXXZ 10034698 f    CIL library: CIL module
 0001:000336c0       __unwindfunclet$?GetDeviceUSBInfo@DSISerialGeneric@@UAEHEPAE0G@Z$0 100346c0 f    CIL library: CIL module
 0001:000336c8       __ehhandler$?GetDeviceUSBInfo@DSISerialGeneric@@UAEHEPAE0G@Z 100346c8 f    CIL library: CIL module
 0001:000336f0       __unwindfunclet$??0velotronDecoder@@QAE@PAVCourse@@AAVRIDER_DATA@@PAVBike@@PAVPhysics@@H@Z$0 100346f0 f    CIL library: CIL module
 0001:000336f8       __unwindfunclet$??0velotronDecoder@@QAE@PAVCourse@@AAVRIDER_DATA@@PAVBike@@PAVPhysics@@H@Z$2 100346f8 f    CIL library: CIL module
 0001:00033703       __unwindfunclet$??0velotronDecoder@@QAE@PAVCourse@@AAVRIDER_DATA@@PAVBike@@PAVPhysics@@H@Z$3 10034703 f    CIL library: CIL module
 0001:0003370e       __unwindfunclet$??0velotronDecoder@@QAE@PAVCourse@@AAVRIDER_DATA@@PAVBike@@PAVPhysics@@H@Z$4 1003470e f    CIL library: CIL module
 0001:00033719       __ehhandler$??0velotronDecoder@@QAE@PAVCourse@@AAVRIDER_DATA@@PAVBike@@PAVPhysics@@H@Z 10034719 f    CIL library: CIL module
 0001:00033740       __unwindfunclet$?init@Velotron@@AAEXXZ$3 10034740 f    CIL library: CIL module
 0001:0003374b       __unwindfunclet$?init@Velotron@@AAEXXZ$4 1003474b f    CIL library: CIL module
 0001:00033756       __unwindfunclet$?init@Velotron@@AAEXXZ$5 10034756 f    CIL library: CIL module
 0001:00033761       __unwindfunclet$?init@Velotron@@AAEXXZ$6 10034761 f    CIL library: CIL module
 0001:0003376c       __unwindfunclet$?init@Velotron@@AAEXXZ$7 1003476c f    CIL library: CIL module
 0001:00033777       __ehhandler$?init@Velotron@@AAEXXZ 10034777 f    CIL library: CIL module
 0001:000337a0       __unwindfunclet$??1Velotron@@UAE@XZ$0 100347a0 f    CIL library: CIL module
 0001:000337a0       __unwindfunclet$??0Velotron@@QAE@PBDAAVRIDER_DATA@@PAVCourse@@PAVBike@@W4LoggingType@@@Z$0 100347a0 f    CIL library: CIL module
 0001:000337a8       __ehhandler$??1Velotron@@UAE@XZ 100347a8 f    CIL library: CIL module
 0001:000337a8       __ehhandler$??0Velotron@@QAE@PBDAAVRIDER_DATA@@PAVCourse@@PAVBike@@W4LoggingType@@@Z 100347a8 f    CIL library: CIL module
 0001:000337d0       __unwindfunclet$??0USBDeviceHandleLibusb@@IAE@ABVUSBDeviceLibusb@@@Z$2 100347d0 f    CIL library: CIL module
 0001:000337d8       __unwindfunclet$??0USBDeviceHandleLibusb@@IAE@ABVUSBDeviceLibusb@@@Z$3 100347d8 f    CIL library: CIL module
 0001:000337e3       __unwindfunclet$??0USBDeviceHandleLibusb@@IAE@ABVUSBDeviceLibusb@@@Z$4 100347e3 f    CIL library: CIL module
 0001:000337f0       __unwindfunclet$??0USBDeviceHandleLibusb@@IAE@ABVUSBDeviceLibusb@@@Z$5 100347f0 f    CIL library: CIL module
 0001:000337fd       __ehhandler$??0USBDeviceHandleLibusb@@IAE@ABVUSBDeviceLibusb@@@Z 100347fd f    CIL library: CIL module
 0001:00033820       __unwindfunclet$?Open@USBDeviceHandleLibusb@@SAHABVUSBDeviceLibusb@@AAPAV1@@Z$2 10034820 f    CIL library: CIL module
 0001:0003382b       __ehhandler$?Open@USBDeviceHandleLibusb@@SAHABVUSBDeviceLibusb@@AAPAV1@@Z 1003482b f    CIL library: CIL module
 0001:00033850       __unwindfunclet$?GetAvailableDevices@USBDeviceHandleLibusb@@SA?BV?$USBDeviceList@PBVUSBDeviceLibusb@@@@XZ$0 10034850 f    CIL library: CIL module
 0001:00033858       __ehhandler$?GetAvailableDevices@USBDeviceHandleLibusb@@SA?BV?$USBDeviceList@PBVUSBDeviceLibusb@@@@XZ 10034858 f    CIL library: CIL module
 0001:00033880       __unwindfunclet$?GetAvailableDevices@USBDeviceHandleSI@@SA?BV?$USBDeviceList@PBVUSBDeviceSI@@@@XZ$0 10034880 f    CIL library: CIL module
 0001:00033888       __ehhandler$?GetAvailableDevices@USBDeviceHandleSI@@SA?BV?$USBDeviceList@PBVUSBDeviceSI@@@@XZ 10034888 f    CIL library: CIL module
 0001:000338b0       __unwindfunclet$?Open@DSISerialGeneric@@UAEHXZ$0 100348b0 f    CIL library: CIL module
 0001:000338b8       __ehhandler$?Open@DSISerialGeneric@@UAEHXZ 100348b8 f    CIL library: CIL module
 0001:000338e0       __unwindfunclet$?AutoInit@DSISerialGeneric@@UAEHXZ$0 100348e0 f    CIL library: CIL module
 0001:000338e8       __ehhandler$?AutoInit@DSISerialGeneric@@UAEHXZ 100348e8 f    CIL library: CIL module
 0001:00033910       __unwindfunclet$??__Ehdrstrings@@YAXXZ$0 10034910 f    CIL library: CIL module
 0001:0003391a       __ehhandler$??__Ehdrstrings@@YAXXZ 1003491a f    CIL library: CIL module
 0001:00033940       __unwindfunclet$??__Edirs@@YAXXZ$0 10034940 f    CIL library: CIL module
 0001:0003394a       __ehhandler$??__Edirs@@YAXXZ 1003494a f    CIL library: CIL module
 0001:00033970       __unwindfunclet$??__E?clDeviceList@USBDeviceHandleLibusb@@0V?$USBDeviceList@$$CBVUSBDeviceLibusb@@@@A@@YAXXZ$1 10034970 f    CIL library: CIL module
 0001:00033970       __unwindfunclet$??__E?clDeviceList@USBDeviceHandleSI@@0V?$USBDeviceList@$$CBVUSBDeviceSI@@@@A@@YAXXZ$1 10034970 f    CIL library: CIL module
 0001:00033978       __ehhandler$??__E?clDeviceList@USBDeviceHandleSI@@0V?$USBDeviceList@$$CBVUSBDeviceSI@@@@A@@YAXXZ 10034978 f    CIL library: CIL module
 0001:00033978       __ehhandler$??__E?clDeviceList@USBDeviceHandleLibusb@@0V?$USBDeviceList@$$CBVUSBDeviceLibusb@@@@A@@YAXXZ 10034978 f    CIL library: CIL module
 0001:000339a0       __unwindfunclet$??__Fhdrstrings@@YAXXZ$0 100349a0 f    CIL library: CIL module
 0001:000339aa       __ehhandler$??__Fhdrstrings@@YAXXZ 100349aa f    CIL library: CIL module
 0001:000339d0       __unwindfunclet$??__Fdirs@@YAXXZ$0 100349d0 f    CIL library: CIL module
 0001:000339da       __ehhandler$??__Fdirs@@YAXXZ 100349da f    CIL library: CIL module
 0001:00033a00       ??__Ehdrstrings@@YAXXZ     10034a00 f    CIL library: CIL module
 0001:00033a70       ??__Erc4stack@@YAXXZ       10034a70 f    CIL library: CIL module
 0001:00033ac0       ??__Edirs@@YAXXZ           10034ac0 f    CIL library: CIL module
 0001:00033b30       ??__E?clDeviceList@USBDeviceHandleSI@@0V?$USBDeviceList@$$CBVUSBDeviceSI@@@@A@@YAXXZ 10034b30 f    CIL library: CIL module
 0001:00033ba0       ??__E?clDeviceList@USBDeviceHandleLibusb@@0V?$USBDeviceList@$$CBVUSBDeviceLibusb@@@@A@@YAXXZ 10034ba0 f    CIL library: CIL module
 0001:00033c10       ??__E?clAutoInstance@SiLabsLibrary@@0V?$auto_ptr@VSiLabsLibrary@@@std@@A@@YAXXZ 10034c10 f    CIL library: CIL module
 0001:00033c20       ??__E?clAutoInstance@CMLibrary@@0V?$auto_ptr@VCMLibrary@@@std@@A@@YAXXZ 10034c20 f    CIL library: CIL module
 0001:00033c30       ??__E?clAutoInstance@LibusbLibrary@@0V?$auto_ptr@VLibusbLibrary@@@std@@A@@YAXXZ 10034c30 f    CIL library: CIL module
 0001:00033c40       ??__Edevices@@YAXXZ        10034c40 f   dll_globals.obj
 0001:00033d50       ??__Ecryptor@@YAXXZ        10034d50 f   dll_globals.obj
 0001:00033d70       ??__Fhdrstrings@@YAXXZ     10034d70 f    CIL library: CIL module
 0001:00033dd0       ??__Frc4stack@@YAXXZ       10034dd0 f    CIL library: CIL module
 0001:00033df0       ??__Fdirs@@YAXXZ           10034df0 f    CIL library: CIL module
 0001:00033e50       ??__F?clDeviceList@USBDeviceHandleSI@@0V?$USBDeviceList@$$CBVUSBDeviceSI@@@@A@@YAXXZ 10034e50 f    CIL library: CIL module
 0001:00033e60       ??__F?clDeviceList@USBDeviceHandleLibusb@@0V?$USBDeviceList@$$CBVUSBDeviceLibusb@@@@A@@YAXXZ 10034e60 f    CIL library: CIL module
 0001:00033e70       ??__F?clAutoInstance@SiLabsLibrary@@0V?$auto_ptr@VSiLabsLibrary@@@std@@A@@YAXXZ 10034e70 f    CIL library: CIL module
 0001:00033e90       ??__F?clAutoInstance@CMLibrary@@0V?$auto_ptr@VCMLibrary@@@std@@A@@YAXXZ 10034e90 f    CIL library: CIL module
 0001:00033eb0       ??__F?clAutoInstance@LibusbLibrary@@0V?$auto_ptr@VLibusbLibrary@@@std@@A@@YAXXZ 10034eb0 f    CIL library: CIL module
 0001:00033ed0       ??__Fcryptor@@YAXXZ        10034ed0 f   dll_globals.obj
 0001:00033ee0       ??__Fdevices@@YAXXZ        10034ee0 f   dll_globals.obj
