 cpp_tester

 Timestamp is 5899ff7a (Tue Feb  7 12:10:18 2017)

 Preferred load address is 00400000

 Start         Length     Name                   Class
 0001:00000000 0003efa2H .textbss                DATA
 0002:00000000 000067c0H .text$di                CODE
 0002:000067c0 000799f0H .text$mn                CODE
 0002:000801b0 000076f0H .text$x                 CODE
 0002:000878a0 0000112cH .text$yd                CODE
 0003:00000000 00000104H .CRT$XCA                DATA
 0003:00000104 00000104H .CRT$XCAA               DATA
 0003:00000208 00000128H .CRT$XCU                DATA
 0003:00000330 00000104H .CRT$XCZ                DATA
 0003:00000434 00000104H .CRT$XIA                DATA
 0003:00000538 00000104H .CRT$XIAA               DATA
 0003:0000063c 00000104H .CRT$XIAC               DATA
 0003:00000740 00000104H .CRT$XIC                DATA
 0003:00000844 00000104H .CRT$XIZ                DATA
 0003:00000948 00000004H .CRT$XLA                DATA
 0003:0000094c 00000004H .CRT$XLZ                DATA
 0003:00000950 00000104H .CRT$XPA                DATA
 0003:00000a54 00000104H .CRT$XPZ                DATA
 0003:00000b58 00000104H .CRT$XTA                DATA
 0003:00000c5c 00000104H .CRT$XTZ                DATA
 0003:00000d60 00019c9cH .rdata                  DATA
 0003:0001a9fc 0000011cH .rdata$T                DATA
 0003:0001ab18 00000c3cH .rdata$r                DATA
 0003:0001b754 00000178H .rdata$zzzdbg           DATA
 0003:0001b8cc 00000104H .rtc$IAA                DATA
 0003:0001b9d0 00000154H .rtc$IMZ                DATA
 0003:0001bb24 00000104H .rtc$IZZ                DATA
 0003:0001bc28 00000104H .rtc$TAA                DATA
 0003:0001bd2c 00000154H .rtc$TMZ                DATA
 0003:0001be80 00000108H .rtc$TZZ                DATA
 0003:0001bf88 000065f8H .xdata$x                DATA
 0003:00022580 0000357bH .edata                  DATA
 0004:00000000 000021ecH .data                   DATA
 0004:000021ec 0000052cH .data$r                 DATA
 0004:00002718 00001724H .bss                    DATA
 0005:00000000 00000c94H .idata$5                DATA
 0005:00000c94 00000118H .idata$2                DATA
 0005:00000dac 00000014H .idata$3                DATA
 0005:00000dc0 00000c94H .idata$4                DATA
 0005:00001a54 00003f40H .idata$6                DATA
 0006:00000000 00000188H .gfids$y                DATA
 0007:00000000 00000104H .tls                    DATA
 0007:00000104 00000104H .tls$                   DATA
 0007:00000208 00000101H .tls$ZZZ                DATA
 0008:00000000 00000104H .00cfg                  DATA
 0009:00000000 00000170H .rsrc$01                DATA
 0009:00000170 000002ccH .rsrc$02                DATA

  Address         Publics by Value              Rva+Base       Lib:Object

 0000:00000000       ___guard_fids_table        00000000     <absolute>
 0000:00000000       ___guard_fids_count        00000000     <absolute>
 0000:00000000       ___guard_iat_count         00000000     <absolute>
 0000:00000000       ___guard_iat_table         00000000     <absolute>
 0000:00000000       ___dynamic_value_reloc_table 00000000     <absolute>
 0000:00000000       ___safe_se_handler_table   00000000     <absolute>
 0000:00000000       ___guard_longjmp_count     00000000     <absolute>
 0000:00000000       ___guard_longjmp_table     00000000     <absolute>
 0000:00000000       ___safe_se_handler_count   00000000     <absolute>
 0000:0000002c       __tls_array                0000002c     <absolute>
 0000:00000100       ___guard_flags             00000100     <absolute>
 0000:00000000       ___ImageBase               00400000     <linker-defined>
 0001:00000000       __enc$textbss$begin        00401000     <linker-defined>
 0001:0003efa2       __enc$textbss$end          0043ffa2     <linker-defined>
 0002:000067c0       ??$?0$$V@?$_Compressed_pair@U?$_Wrap_alloc@V?$allocator@D@std@@@std@@V?$_String_val@U?$_Simple_types@D@std@@@2@$00@std@@QAE@U_Zero_then_variadic_args_t@1@@Z 004467c0 f i test.obj
 0002:00006870       ??$?0$$V@?$_Compressed_pair@U?$_Wrap_alloc@V?$allocator@V?$basic_string@DU?$char_traits@D@std@@V?$allocator@D@2@@std@@@std@@@std@@V?$_Vector_val@U?$_Simple_types@V?$basic_string@DU?$char_traits@D@std@@V?$allocator@D@2@@std@@@std@@@2@$00@std@@QAE@U_Zero_then_variadic_args_t@1@@Z 00446870 f i test.obj
 0002:00006920       ??$?0AAU?$_Wrap_alloc@V?$allocator@D@std@@@std@@@?$_Wrap_alloc@V?$allocator@U_Container_proxy@std@@@std@@@std@@QAE@AAU?$_Wrap_alloc@V?$allocator@D@std@@@1@@Z 00446920 f i test.obj
 0002:00006990       ??$?0AAU?$_Wrap_alloc@V?$allocator@UFORMULA2_PAIR@@@std@@@std@@@?$_Wrap_alloc@V?$allocator@PAUFORMULA2_PAIR@@@std@@@std@@QAE@AAU?$_Wrap_alloc@V?$allocator@UFORMULA2_PAIR@@@std@@@1@@Z 00446990 f i test.obj
 0002:00006a00       ??$?0AAU?$_Wrap_alloc@V?$allocator@UFORMULA2_PAIR@@@std@@@std@@@?$_Wrap_alloc@V?$allocator@U_Container_proxy@std@@@std@@@std@@QAE@AAU?$_Wrap_alloc@V?$allocator@UFORMULA2_PAIR@@@std@@@1@@Z 00446a00 f i test.obj
 0002:00006a70       ??$?0AAU?$_Wrap_alloc@V?$allocator@UFORMULA_PAIR@@@std@@@std@@@?$_Wrap_alloc@V?$allocator@PAUFORMULA_PAIR@@@std@@@std@@QAE@AAU?$_Wrap_alloc@V?$allocator@UFORMULA_PAIR@@@std@@@1@@Z 00446a70 f i test.obj
 0002:00006ae0       ??$?0AAU?$_Wrap_alloc@V?$allocator@UFORMULA_PAIR@@@std@@@std@@@?$_Wrap_alloc@V?$allocator@U_Container_proxy@std@@@std@@@std@@QAE@AAU?$_Wrap_alloc@V?$allocator@UFORMULA_PAIR@@@std@@@1@@Z 00446ae0 f i test.obj
 0002:00006b50       ??$?0AAU?$_Wrap_alloc@V?$allocator@V?$basic_string@DU?$char_traits@D@std@@V?$allocator@D@2@@std@@@std@@@std@@@?$_Wrap_alloc@V?$allocator@U_Container_proxy@std@@@std@@@std@@QAE@AAU?$_Wrap_alloc@V?$allocator@V?$basic_string@DU?$char_traits@D@std@@V?$allocator@D@2@@std@@@std@@@1@@Z 00446b50 f i test.obj
 0002:00006bc0       ??$?0D@?$allocator@U_Container_proxy@std@@@std@@QAE@ABV?$allocator@D@1@@Z 00446bc0 f i test.obj
 0002:00006c00       ??$?0U?$_Wrap_alloc@V?$allocator@D@std@@@std@@$$V@?$_Compressed_pair@U?$_Wrap_alloc@V?$allocator@D@std@@@std@@V?$_String_val@U?$_Simple_types@D@std@@@2@$00@std@@QAE@U_One_then_variadic_args_t@1@$$QAU?$_Wrap_alloc@V?$allocator@D@std@@@1@@Z 00446c00 f i test.obj
 0002:00006cc0       ??$?0U?$_Wrap_alloc@V?$allocator@D@std@@@std@@X@?$_String_alloc@U?$_String_base_types@DV?$allocator@D@std@@@std@@@std@@QAE@$$QAU?$_Wrap_alloc@V?$allocator@D@std@@@1@@Z 00446cc0 f i test.obj
 0002:00006d80       ??$?0U?$_Wrap_alloc@V?$allocator@UFORMULA2_PAIR@@@std@@@std@@$$V@?$_Compressed_pair@U?$_Wrap_alloc@V?$allocator@UFORMULA2_PAIR@@@std@@@std@@V?$_Deque_val@U?$_Deque_simple_types@UFORMULA2_PAIR@@@std@@@2@$00@std@@QAE@U_One_then_variadic_args_t@1@$$QAU?$_Wrap_alloc@V?$allocator@UFORMULA2_PAIR@@@std@@@1@@Z 00446d80 f i test.obj
 0002:00006e40       ??$?0U?$_Wrap_alloc@V?$allocator@UFORMULA2_PAIR@@@std@@@std@@@?$_Deque_alloc@U?$_Deque_base_types@UFORMULA2_PAIR@@V?$allocator@UFORMULA2_PAIR@@@std@@@std@@@std@@QAE@$$QAU?$_Wrap_alloc@V?$allocator@UFORMULA2_PAIR@@@std@@@1@@Z 00446e40 f i test.obj
 0002:00006f00       ??$?0U?$_Wrap_alloc@V?$allocator@UFORMULA_PAIR@@@std@@@std@@$$V@?$_Compressed_pair@U?$_Wrap_alloc@V?$allocator@UFORMULA_PAIR@@@std@@@std@@V?$_Deque_val@U?$_Deque_simple_types@UFORMULA_PAIR@@@std@@@2@$00@std@@QAE@U_One_then_variadic_args_t@1@$$QAU?$_Wrap_alloc@V?$allocator@UFORMULA_PAIR@@@std@@@1@@Z 00446f00 f i test.obj
 0002:00006fc0       ??$?0U?$_Wrap_alloc@V?$allocator@UFORMULA_PAIR@@@std@@@std@@@?$_Deque_alloc@U?$_Deque_base_types@UFORMULA_PAIR@@V?$allocator@UFORMULA_PAIR@@@std@@@std@@@std@@QAE@$$QAU?$_Wrap_alloc@V?$allocator@UFORMULA_PAIR@@@std@@@1@@Z 00446fc0 f i test.obj
 0002:00007080       ??$?0UFORMULA2_PAIR@@@?$allocator@PAUFORMULA2_PAIR@@@std@@QAE@ABV?$allocator@UFORMULA2_PAIR@@@1@@Z 00447080 f i test.obj
 0002:000070c0       ??$?0UFORMULA2_PAIR@@@?$allocator@U_Container_proxy@std@@@std@@QAE@ABV?$allocator@UFORMULA2_PAIR@@@1@@Z 004470c0 f i test.obj
 0002:00007100       ??$?0UFORMULA_PAIR@@@?$allocator@PAUFORMULA_PAIR@@@std@@QAE@ABV?$allocator@UFORMULA_PAIR@@@1@@Z 00447100 f i test.obj
 0002:00007140       ??$?0UFORMULA_PAIR@@@?$allocator@U_Container_proxy@std@@@std@@QAE@ABV?$allocator@UFORMULA_PAIR@@@1@@Z 00447140 f i test.obj
 0002:00007180       ??$?0V?$allocator@UFORMULA2_PAIR@@@std@@@?$_Wrap_alloc@V?$allocator@UFORMULA2_PAIR@@@std@@@std@@QAE@$$QAV?$allocator@UFORMULA2_PAIR@@@1@@Z 00447180 f i test.obj
 0002:000071f0       ??$?0V?$allocator@UFORMULA_PAIR@@@std@@@?$_Wrap_alloc@V?$allocator@UFORMULA_PAIR@@@std@@@std@@QAE@$$QAV?$allocator@UFORMULA_PAIR@@@1@@Z 004471f0 f i test.obj
 0002:00007260       ??$?0V?$basic_string@DU?$char_traits@D@std@@V?$allocator@D@2@@std@@@?$allocator@U_Container_proxy@std@@@std@@QAE@ABV?$allocator@V?$basic_string@DU?$char_traits@D@std@@V?$allocator@D@2@@std@@@1@@Z 00447260 f i test.obj
 0002:000072a0       ??$?8UFORMULA2_PAIR@@U0@@std@@YA_NABV?$allocator@UFORMULA2_PAIR@@@0@0@Z 004472a0 f i test.obj
 0002:000072d0       ??$?8UFORMULA_PAIR@@U0@@std@@YA_NABV?$allocator@UFORMULA_PAIR@@@0@0@Z 004472d0 f i test.obj
 0002:00007300       ??$?8V?$allocator@UFORMULA2_PAIR@@@std@@V01@@std@@YA_NABU?$_Wrap_alloc@V?$allocator@UFORMULA2_PAIR@@@std@@@0@0@Z 00447300 f i test.obj
 0002:00007360       ??$?8V?$allocator@UFORMULA_PAIR@@@std@@V01@@std@@YA_NABU?$_Wrap_alloc@V?$allocator@UFORMULA_PAIR@@@std@@@0@0@Z 00447360 f i test.obj
 0002:000073c0       ??$?9V?$allocator@UFORMULA2_PAIR@@@std@@V01@@std@@YA_NABU?$_Wrap_alloc@V?$allocator@UFORMULA2_PAIR@@@std@@@0@0@Z 004473c0 f i test.obj
 0002:00007440       ??$?9V?$allocator@UFORMULA_PAIR@@@std@@V01@@std@@YA_NABU?$_Wrap_alloc@V?$allocator@UFORMULA_PAIR@@@std@@@0@0@Z 00447440 f i test.obj
 0002:000074c0       ??$_Addressof@D@std@@YAPADAADU?$integral_constant@_N$0A@@0@@Z 004474c0 f i test.obj
 0002:00007500       ??$_Addressof@PAUFORMULA2_PAIR@@@std@@YAPAPAUFORMULA2_PAIR@@AAPAU1@U?$integral_constant@_N$0A@@0@@Z 00447500 f i test.obj
 0002:00007540       ??$_Addressof@PAUFORMULA_PAIR@@@std@@YAPAPAUFORMULA_PAIR@@AAPAU1@U?$integral_constant@_N$0A@@0@@Z 00447540 f i test.obj
 0002:00007580       ??$_Addressof@V?$basic_string@DU?$char_traits@D@std@@V?$allocator@D@2@@std@@@std@@YAPAV?$basic_string@DU?$char_traits@D@std@@V?$allocator@D@2@@0@AAV10@U?$integral_constant@_N$0A@@0@@Z 00447580 f i test.obj
 0002:000075c0       ??$_Construct@V?$_Deque_const_iterator@V?$_Deque_val@U?$_Deque_simple_types@UFORMULA2_PAIR@@@std@@@std@@@std@@@?$deque@UFORMULA2_PAIR@@V?$allocator@UFORMULA2_PAIR@@@std@@@std@@QAEXV?$_Deque_const_iterator@V?$_Deque_val@U?$_Deque_simple_types@UFORMULA2_PAIR@@@std@@@std@@@1@0@Z 004475c0 f i test.obj
 0002:000076e0       ??$_Construct@V?$_Deque_const_iterator@V?$_Deque_val@U?$_Deque_simple_types@UFORMULA_PAIR@@@std@@@std@@@std@@@?$deque@UFORMULA_PAIR@@V?$allocator@UFORMULA_PAIR@@@std@@@std@@QAEXV?$_Deque_const_iterator@V?$_Deque_val@U?$_Deque_simple_types@UFORMULA_PAIR@@@std@@@std@@@1@0@Z 004476e0 f i test.obj
 0002:00007800       ??$_Copy_memmove@PAPAUFORMULA2_PAIR@@PAPAU1@@std@@YAPAPAUFORMULA2_PAIR@@PAPAU1@00@Z 00447800 f i test.obj
 0002:00007890       ??$_Copy_memmove@PAPAUFORMULA_PAIR@@PAPAU1@@std@@YAPAPAUFORMULA_PAIR@@PAPAU1@00@Z 00447890 f i test.obj
 0002:00007920       ??$_Copy_no_deprecate1@V?$_Deque_unchecked_const_iterator@V?$_Deque_val@U?$_Deque_simple_types@UFORMULA2_PAIR@@@std@@@std@@@std@@V?$_Deque_iterator@V?$_Deque_val@U?$_Deque_simple_types@UFORMULA2_PAIR@@@std@@@std@@@2@@std@@YA?AV?$_Deque_iterator@V?$_Deque_val@U?$_Deque_simple_types@UFORMULA2_PAIR@@@std@@@std@@@0@V?$_Deque_unchecked_const_iterator@V?$_Deque_val@U?$_Deque_simple_types@UFORMULA2_PAIR@@@std@@@std@@@0@0V10@Urandom_access_iterator_tag@0@2@Z 00447920 f i test.obj
 0002:00007ab0       ??$_Copy_no_deprecate1@V?$_Deque_unchecked_const_iterator@V?$_Deque_val@U?$_Deque_simple_types@UFORMULA_PAIR@@@std@@@std@@@std@@V?$_Deque_iterator@V?$_Deque_val@U?$_Deque_simple_types@UFORMULA_PAIR@@@std@@@std@@@2@@std@@YA?AV?$_Deque_iterator@V?$_Deque_val@U?$_Deque_simple_types@UFORMULA_PAIR@@@std@@@std@@@0@V?$_Deque_unchecked_const_iterator@V?$_Deque_val@U?$_Deque_simple_types@UFORMULA_PAIR@@@std@@@std@@@0@0V10@Urandom_access_iterator_tag@0@2@Z 00447ab0 f i test.obj
 0002:00007c40       ??$_Copy_no_deprecate@V?$_Deque_const_iterator@V?$_Deque_val@U?$_Deque_simple_types@UFORMULA2_PAIR@@@std@@@std@@@std@@V?$_Deque_iterator@V?$_Deque_val@U?$_Deque_simple_types@UFORMULA2_PAIR@@@std@@@std@@@2@@std@@YA?AV?$_Deque_iterator@V?$_Deque_val@U?$_Deque_simple_types@UFORMULA2_PAIR@@@std@@@std@@@0@V?$_Deque_const_iterator@V?$_Deque_val@U?$_Deque_simple_types@UFORMULA2_PAIR@@@std@@@std@@@0@0V10@@Z 00447c40 f i test.obj
 0002:00007ef0       ??$_Copy_no_deprecate@V?$_Deque_const_iterator@V?$_Deque_val@U?$_Deque_simple_types@UFORMULA_PAIR@@@std@@@std@@@std@@V?$_Deque_iterator@V?$_Deque_val@U?$_Deque_simple_types@UFORMULA_PAIR@@@std@@@std@@@2@@std@@YA?AV?$_Deque_iterator@V?$_Deque_val@U?$_Deque_simple_types@UFORMULA_PAIR@@@std@@@std@@@0@V?$_Deque_const_iterator@V?$_Deque_val@U?$_Deque_simple_types@UFORMULA_PAIR@@@std@@@std@@@0@0V10@@Z 00447ef0 f i test.obj
 0002:000081a0       ??$_Copy_unchecked1@V?$_Deque_unchecked_const_iterator@V?$_Deque_val@U?$_Deque_simple_types@UFORMULA2_PAIR@@@std@@@std@@@std@@V?$_Deque_unchecked_iterator@V?$_Deque_val@U?$_Deque_simple_types@UFORMULA2_PAIR@@@std@@@std@@@2@@std@@YA?AV?$_Deque_unchecked_iterator@V?$_Deque_val@U?$_Deque_simple_types@UFORMULA2_PAIR@@@std@@@std@@@0@V?$_Deque_unchecked_const_iterator@V?$_Deque_val@U?$_Deque_simple_types@UFORMULA2_PAIR@@@std@@@std@@@0@0V10@U_General_ptr_iterator_tag@0@@Z 004481a0 f i test.obj
 0002:00008250       ??$_Copy_unchecked1@V?$_Deque_unchecked_const_iterator@V?$_Deque_val@U?$_Deque_simple_types@UFORMULA_PAIR@@@std@@@std@@@std@@V?$_Deque_unchecked_iterator@V?$_Deque_val@U?$_Deque_simple_types@UFORMULA_PAIR@@@std@@@std@@@2@@std@@YA?AV?$_Deque_unchecked_iterator@V?$_Deque_val@U?$_Deque_simple_types@UFORMULA_PAIR@@@std@@@std@@@0@V?$_Deque_unchecked_const_iterator@V?$_Deque_val@U?$_Deque_simple_types@UFORMULA_PAIR@@@std@@@std@@@0@0V10@U_General_ptr_iterator_tag@0@@Z 00448250 f i test.obj
 0002:00008300       ??$_Copy_unchecked@V?$_Deque_unchecked_const_iterator@V?$_Deque_val@U?$_Deque_simple_types@UFORMULA2_PAIR@@@std@@@std@@@std@@V?$_Deque_unchecked_iterator@V?$_Deque_val@U?$_Deque_simple_types@UFORMULA2_PAIR@@@std@@@std@@@2@@std@@YA?AV?$_Deque_unchecked_iterator@V?$_Deque_val@U?$_Deque_simple_types@UFORMULA2_PAIR@@@std@@@std@@@0@V?$_Deque_unchecked_const_iterator@V?$_Deque_val@U?$_Deque_simple_types@UFORMULA2_PAIR@@@std@@@std@@@0@0V10@@Z 00448300 f i test.obj
 0002:000083a0       ??$_Copy_unchecked@V?$_Deque_unchecked_const_iterator@V?$_Deque_val@U?$_Deque_simple_types@UFORMULA_PAIR@@@std@@@std@@@std@@V?$_Deque_unchecked_iterator@V?$_Deque_val@U?$_Deque_simple_types@UFORMULA_PAIR@@@std@@@std@@@2@@std@@YA?AV?$_Deque_unchecked_iterator@V?$_Deque_val@U?$_Deque_simple_types@UFORMULA_PAIR@@@std@@@std@@@0@V?$_Deque_unchecked_const_iterator@V?$_Deque_val@U?$_Deque_simple_types@UFORMULA_PAIR@@@std@@@std@@@0@0V10@@Z 004483a0 f i test.obj
 0002:00008440       ??$_Debug_pointer@$$CBD@std@@YAXPBDPB_WI@Z 00448440 f i test.obj
 0002:000084b0       ??$_Debug_pointer@V?$_Deque_const_iterator@V?$_Deque_val@U?$_Deque_simple_types@UFORMULA2_PAIR@@@std@@@std@@@std@@@std@@YAXAAV?$_Deque_const_iterator@V?$_Deque_val@U?$_Deque_simple_types@UFORMULA2_PAIR@@@std@@@std@@@0@PB_WI@Z 004484b0 f i test.obj
 0002:000084e0       ??$_Debug_pointer@V?$_Deque_const_iterator@V?$_Deque_val@U?$_Deque_simple_types@UFORMULA_PAIR@@@std@@@std@@@std@@@std@@YAXAAV?$_Deque_const_iterator@V?$_Deque_val@U?$_Deque_simple_types@UFORMULA_PAIR@@@std@@@std@@@0@PB_WI@Z 004484e0 f i test.obj
 0002:00008510       ??$_Debug_pointer@V?$_Deque_iterator@V?$_Deque_val@U?$_Deque_simple_types@UFORMULA2_PAIR@@@std@@@std@@@std@@@std@@YAXAAV?$_Deque_iterator@V?$_Deque_val@U?$_Deque_simple_types@UFORMULA2_PAIR@@@std@@@std@@@0@PB_WI@Z 00448510 f i test.obj
 0002:00008540       ??$_Debug_pointer@V?$_Deque_iterator@V?$_Deque_val@U?$_Deque_simple_types@UFORMULA_PAIR@@@std@@@std@@@std@@@std@@YAXAAV?$_Deque_iterator@V?$_Deque_val@U?$_Deque_simple_types@UFORMULA_PAIR@@@std@@@std@@@0@PB_WI@Z 00448540 f i test.obj
 0002:00008570       ??$_Debug_pointer@V?$_Deque_unchecked_iterator@V?$_Deque_val@U?$_Deque_simple_types@UFORMULA2_PAIR@@@std@@@std@@@std@@@std@@YAXAAV?$_Deque_unchecked_iterator@V?$_Deque_val@U?$_Deque_simple_types@UFORMULA2_PAIR@@@std@@@std@@@0@PB_WI@Z 00448570 f i test.obj
 0002:000085a0       ??$_Debug_pointer@V?$_Deque_unchecked_iterator@V?$_Deque_val@U?$_Deque_simple_types@UFORMULA_PAIR@@@std@@@std@@@std@@@std@@YAXAAV?$_Deque_unchecked_iterator@V?$_Deque_val@U?$_Deque_simple_types@UFORMULA_PAIR@@@std@@@std@@@0@PB_WI@Z 004485a0 f i test.obj
 0002:000085d0       ??$_Debug_pointer_if@$$CBD@std@@YAX_NPBDPB_WI@Z 004485d0 f i test.obj
 0002:00008650       ??$_Debug_range2@V?$_Deque_const_iterator@V?$_Deque_val@U?$_Deque_simple_types@UFORMULA2_PAIR@@@std@@@std@@@std@@@std@@YAXV?$_Deque_const_iterator@V?$_Deque_val@U?$_Deque_simple_types@UFORMULA2_PAIR@@@std@@@std@@@0@0PB_WIUrandom_access_iterator_tag@0@@Z 00448650 f i test.obj
 0002:00008780       ??$_Debug_range2@V?$_Deque_const_iterator@V?$_Deque_val@U?$_Deque_simple_types@UFORMULA_PAIR@@@std@@@std@@@std@@@std@@YAXV?$_Deque_const_iterator@V?$_Deque_val@U?$_Deque_simple_types@UFORMULA_PAIR@@@std@@@std@@@0@0PB_WIUrandom_access_iterator_tag@0@@Z 00448780 f i test.obj
 0002:000088b0       ??$_Debug_range2@V?$_Deque_iterator@V?$_Deque_val@U?$_Deque_simple_types@UFORMULA2_PAIR@@@std@@@std@@@std@@@std@@YAXV?$_Deque_iterator@V?$_Deque_val@U?$_Deque_simple_types@UFORMULA2_PAIR@@@std@@@std@@@0@0PB_WIUrandom_access_iterator_tag@0@@Z 004488b0 f i test.obj
 0002:000089e0       ??$_Debug_range2@V?$_Deque_iterator@V?$_Deque_val@U?$_Deque_simple_types@UFORMULA_PAIR@@@std@@@std@@@std@@@std@@YAXV?$_Deque_iterator@V?$_Deque_val@U?$_Deque_simple_types@UFORMULA_PAIR@@@std@@@std@@@0@0PB_WIUrandom_access_iterator_tag@0@@Z 004489e0 f i test.obj
 0002:00008b10       ??$_Debug_range2@V?$_Deque_unchecked_iterator@V?$_Deque_val@U?$_Deque_simple_types@UFORMULA2_PAIR@@@std@@@std@@@std@@@std@@YAXV?$_Deque_unchecked_iterator@V?$_Deque_val@U?$_Deque_simple_types@UFORMULA2_PAIR@@@std@@@std@@@0@0PB_WIUrandom_access_iterator_tag@0@@Z 00448b10 f i test.obj
 0002:00008be0       ??$_Debug_range2@V?$_Deque_unchecked_iterator@V?$_Deque_val@U?$_Deque_simple_types@UFORMULA_PAIR@@@std@@@std@@@std@@@std@@YAXV?$_Deque_unchecked_iterator@V?$_Deque_val@U?$_Deque_simple_types@UFORMULA_PAIR@@@std@@@std@@@0@0PB_WIUrandom_access_iterator_tag@0@@Z 00448be0 f i test.obj
 0002:00008cb0       ??$_Debug_range@V?$_Deque_const_iterator@V?$_Deque_val@U?$_Deque_simple_types@UFORMULA2_PAIR@@@std@@@std@@@std@@@std@@YAXV?$_Deque_const_iterator@V?$_Deque_val@U?$_Deque_simple_types@UFORMULA2_PAIR@@@std@@@std@@@0@0PB_WI@Z 00448cb0 f i test.obj
 0002:00008df0       ??$_Debug_range@V?$_Deque_const_iterator@V?$_Deque_val@U?$_Deque_simple_types@UFORMULA_PAIR@@@std@@@std@@@std@@@std@@YAXV?$_Deque_const_iterator@V?$_Deque_val@U?$_Deque_simple_types@UFORMULA_PAIR@@@std@@@std@@@0@0PB_WI@Z 00448df0 f i test.obj
 0002:00008f30       ??$_Debug_range@V?$_Deque_iterator@V?$_Deque_val@U?$_Deque_simple_types@UFORMULA2_PAIR@@@std@@@std@@@std@@@std@@YAXV?$_Deque_iterator@V?$_Deque_val@U?$_Deque_simple_types@UFORMULA2_PAIR@@@std@@@std@@@0@0PB_WI@Z 00448f30 f i test.obj
 0002:00009070       ??$_Debug_range@V?$_Deque_iterator@V?$_Deque_val@U?$_Deque_simple_types@UFORMULA_PAIR@@@std@@@std@@@std@@@std@@YAXV?$_Deque_iterator@V?$_Deque_val@U?$_Deque_simple_types@UFORMULA_PAIR@@@std@@@std@@@0@0PB_WI@Z 00449070 f i test.obj
 0002:000091b0       ??$_Debug_range@V?$_Deque_unchecked_iterator@V?$_Deque_val@U?$_Deque_simple_types@UFORMULA2_PAIR@@@std@@@std@@@std@@@std@@YAXV?$_Deque_unchecked_iterator@V?$_Deque_val@U?$_Deque_simple_types@UFORMULA2_PAIR@@@std@@@std@@@0@0PB_WI@Z 004491b0 f i test.obj
 0002:00009240       ??$_Debug_range@V?$_Deque_unchecked_iterator@V?$_Deque_val@U?$_Deque_simple_types@UFORMULA_PAIR@@@std@@@std@@@std@@@std@@YAXV?$_Deque_unchecked_iterator@V?$_Deque_val@U?$_Deque_simple_types@UFORMULA_PAIR@@@std@@@std@@@0@0PB_WI@Z 00449240 f i test.obj
 0002:000092d0       ??$_Debug_range_ptr2@V?$_Deque_const_iterator@V?$_Deque_val@U?$_Deque_simple_types@UFORMULA2_PAIR@@@std@@@std@@@std@@V?$_Deque_iterator@V?$_Deque_val@U?$_Deque_simple_types@UFORMULA2_PAIR@@@std@@@std@@@2@@std@@YAXV?$_Deque_const_iterator@V?$_Deque_val@U?$_Deque_simple_types@UFORMULA2_PAIR@@@std@@@std@@@0@0AAV?$_Deque_iterator@V?$_Deque_val@U?$_Deque_simple_types@UFORMULA2_PAIR@@@std@@@std@@@0@PB_WIUrandom_access_iterator_tag@0@@Z 004492d0 f i test.obj
 0002:00009410       ??$_Debug_range_ptr2@V?$_Deque_const_iterator@V?$_Deque_val@U?$_Deque_simple_types@UFORMULA_PAIR@@@std@@@std@@@std@@V?$_Deque_iterator@V?$_Deque_val@U?$_Deque_simple_types@UFORMULA_PAIR@@@std@@@std@@@2@@std@@YAXV?$_Deque_const_iterator@V?$_Deque_val@U?$_Deque_simple_types@UFORMULA_PAIR@@@std@@@std@@@0@0AAV?$_Deque_iterator@V?$_Deque_val@U?$_Deque_simple_types@UFORMULA_PAIR@@@std@@@std@@@0@PB_WIUrandom_access_iterator_tag@0@@Z 00449410 f i test.obj
 0002:00009550       ??$_Debug_range_ptr2@V?$_Deque_iterator@V?$_Deque_val@U?$_Deque_simple_types@UFORMULA2_PAIR@@@std@@@std@@@std@@V12@@std@@YAXV?$_Deque_iterator@V?$_Deque_val@U?$_Deque_simple_types@UFORMULA2_PAIR@@@std@@@std@@@0@0AAV10@PB_WIUrandom_access_iterator_tag@0@@Z 00449550 f i test.obj
 0002:00009690       ??$_Debug_range_ptr2@V?$_Deque_iterator@V?$_Deque_val@U?$_Deque_simple_types@UFORMULA_PAIR@@@std@@@std@@@std@@V12@@std@@YAXV?$_Deque_iterator@V?$_Deque_val@U?$_Deque_simple_types@UFORMULA_PAIR@@@std@@@std@@@0@0AAV10@PB_WIUrandom_access_iterator_tag@0@@Z 00449690 f i test.obj
 0002:000097d0       ??$_Debug_range_ptr@V?$_Deque_const_iterator@V?$_Deque_val@U?$_Deque_simple_types@UFORMULA2_PAIR@@@std@@@std@@@std@@V?$_Deque_iterator@V?$_Deque_val@U?$_Deque_simple_types@UFORMULA2_PAIR@@@std@@@std@@@2@@std@@YAXV?$_Deque_const_iterator@V?$_Deque_val@U?$_Deque_simple_types@UFORMULA2_PAIR@@@std@@@std@@@0@0AAV?$_Deque_iterator@V?$_Deque_val@U?$_Deque_simple_types@UFORMULA2_PAIR@@@std@@@std@@@0@PB_WI@Z 004497d0 f i test.obj
 0002:00009920       ??$_Debug_range_ptr@V?$_Deque_const_iterator@V?$_Deque_val@U?$_Deque_simple_types@UFORMULA_PAIR@@@std@@@std@@@std@@V?$_Deque_iterator@V?$_Deque_val@U?$_Deque_simple_types@UFORMULA_PAIR@@@std@@@std@@@2@@std@@YAXV?$_Deque_const_iterator@V?$_Deque_val@U?$_Deque_simple_types@UFORMULA_PAIR@@@std@@@std@@@0@0AAV?$_Deque_iterator@V?$_Deque_val@U?$_Deque_simple_types@UFORMULA_PAIR@@@std@@@std@@@0@PB_WI@Z 00449920 f i test.obj
 0002:00009a70       ??$_Debug_range_ptr@V?$_Deque_iterator@V?$_Deque_val@U?$_Deque_simple_types@UFORMULA2_PAIR@@@std@@@std@@@std@@V12@@std@@YAXV?$_Deque_iterator@V?$_Deque_val@U?$_Deque_simple_types@UFORMULA2_PAIR@@@std@@@std@@@0@0AAV10@PB_WI@Z 00449a70 f i test.obj
 0002:00009bc0       ??$_Debug_range_ptr@V?$_Deque_iterator@V?$_Deque_val@U?$_Deque_simple_types@UFORMULA_PAIR@@@std@@@std@@@std@@V12@@std@@YAXV?$_Deque_iterator@V?$_Deque_val@U?$_Deque_simple_types@UFORMULA_PAIR@@@std@@@std@@@0@0AAV10@PB_WI@Z 00449bc0 f i test.obj
 0002:00009d10       ??$_Destroy_range@U?$_Wrap_alloc@V?$allocator@PAUFORMULA2_PAIR@@@std@@@std@@@std@@YAXPAPAUFORMULA2_PAIR@@0AAU?$_Wrap_alloc@V?$allocator@PAUFORMULA2_PAIR@@@std@@@0@@Z 00449d10 f i test.obj
 0002:00009d90       ??$_Destroy_range@U?$_Wrap_alloc@V?$allocator@PAUFORMULA_PAIR@@@std@@@std@@@std@@YAXPAPAUFORMULA_PAIR@@0AAU?$_Wrap_alloc@V?$allocator@PAUFORMULA_PAIR@@@std@@@0@@Z 00449d90 f i test.obj
 0002:00009e10       ??$_Destroy_range@U?$_Wrap_alloc@V?$allocator@V?$basic_string@DU?$char_traits@D@std@@V?$allocator@D@2@@std@@@std@@@std@@@std@@YAXPAV?$basic_string@DU?$char_traits@D@std@@V?$allocator@D@2@@0@0AAU?$_Wrap_alloc@V?$allocator@V?$basic_string@DU?$char_traits@D@std@@V?$allocator@D@2@@std@@@std@@@0@@Z 00449e10 f i test.obj
 0002:00009e90       ??$_Is_checked@V?$_Deque_iterator@V?$_Deque_val@U?$_Deque_simple_types@UFORMULA2_PAIR@@@std@@@std@@@std@@@std@@YA?AU?$integral_constant@_N$00@0@V?$_Deque_iterator@V?$_Deque_val@U?$_Deque_simple_types@UFORMULA2_PAIR@@@std@@@std@@@0@@Z 00449e90 f i test.obj
 0002:00009f40       ??$_Is_checked@V?$_Deque_iterator@V?$_Deque_val@U?$_Deque_simple_types@UFORMULA_PAIR@@@std@@@std@@@std@@@std@@YA?AU?$integral_constant@_N$00@0@V?$_Deque_iterator@V?$_Deque_val@U?$_Deque_simple_types@UFORMULA_PAIR@@@std@@@std@@@0@@Z 00449f40 f i test.obj
 0002:00009ff0       ??$_Iter_cat@V?$_Deque_const_iterator@V?$_Deque_val@U?$_Deque_simple_types@UFORMULA2_PAIR@@@std@@@std@@@std@@@std@@YA?AUrandom_access_iterator_tag@0@ABV?$_Deque_const_iterator@V?$_Deque_val@U?$_Deque_simple_types@UFORMULA2_PAIR@@@std@@@std@@@0@@Z 00449ff0 f i test.obj
 0002:0000a030       ??$_Iter_cat@V?$_Deque_const_iterator@V?$_Deque_val@U?$_Deque_simple_types@UFORMULA_PAIR@@@std@@@std@@@std@@@std@@YA?AUrandom_access_iterator_tag@0@ABV?$_Deque_const_iterator@V?$_Deque_val@U?$_Deque_simple_types@UFORMULA_PAIR@@@std@@@std@@@0@@Z 0044a030 f i test.obj
 0002:0000a070       ??$_Iter_cat@V?$_Deque_iterator@V?$_Deque_val@U?$_Deque_simple_types@UFORMULA2_PAIR@@@std@@@std@@@std@@@std@@YA?AUrandom_access_iterator_tag@0@ABV?$_Deque_iterator@V?$_Deque_val@U?$_Deque_simple_types@UFORMULA2_PAIR@@@std@@@std@@@0@@Z 0044a070 f i test.obj
 0002:0000a0b0       ??$_Iter_cat@V?$_Deque_iterator@V?$_Deque_val@U?$_Deque_simple_types@UFORMULA_PAIR@@@std@@@std@@@std@@@std@@YA?AUrandom_access_iterator_tag@0@ABV?$_Deque_iterator@V?$_Deque_val@U?$_Deque_simple_types@UFORMULA_PAIR@@@std@@@std@@@0@@Z 0044a0b0 f i test.obj
 0002:0000a0f0       ??$_Iter_cat@V?$_Deque_unchecked_iterator@V?$_Deque_val@U?$_Deque_simple_types@UFORMULA2_PAIR@@@std@@@std@@@std@@@std@@YA?AUrandom_access_iterator_tag@0@ABV?$_Deque_unchecked_iterator@V?$_Deque_val@U?$_Deque_simple_types@UFORMULA2_PAIR@@@std@@@std@@@0@@Z 0044a0f0 f i test.obj
 0002:0000a130       ??$_Iter_cat@V?$_Deque_unchecked_iterator@V?$_Deque_val@U?$_Deque_simple_types@UFORMULA_PAIR@@@std@@@std@@@std@@@std@@YA?AUrandom_access_iterator_tag@0@ABV?$_Deque_unchecked_iterator@V?$_Deque_val@U?$_Deque_simple_types@UFORMULA_PAIR@@@std@@@std@@@0@@Z 0044a130 f i test.obj
 0002:0000a170       ??$_Move_backward1@V?$_Deque_unchecked_iterator@V?$_Deque_val@U?$_Deque_simple_types@UFORMULA2_PAIR@@@std@@@std@@@std@@V?$_Deque_iterator@V?$_Deque_val@U?$_Deque_simple_types@UFORMULA2_PAIR@@@std@@@std@@@2@@std@@YA?AV?$_Deque_iterator@V?$_Deque_val@U?$_Deque_simple_types@UFORMULA2_PAIR@@@std@@@std@@@0@V?$_Deque_unchecked_iterator@V?$_Deque_val@U?$_Deque_simple_types@UFORMULA2_PAIR@@@std@@@std@@@0@0V10@Urandom_access_iterator_tag@0@2@Z 0044a170 f i test.obj
 0002:0000a300       ??$_Move_backward1@V?$_Deque_unchecked_iterator@V?$_Deque_val@U?$_Deque_simple_types@UFORMULA_PAIR@@@std@@@std@@@std@@V?$_Deque_iterator@V?$_Deque_val@U?$_Deque_simple_types@UFORMULA_PAIR@@@std@@@std@@@2@@std@@YA?AV?$_Deque_iterator@V?$_Deque_val@U?$_Deque_simple_types@UFORMULA_PAIR@@@std@@@std@@@0@V?$_Deque_unchecked_iterator@V?$_Deque_val@U?$_Deque_simple_types@UFORMULA_PAIR@@@std@@@std@@@0@0V10@Urandom_access_iterator_tag@0@2@Z 0044a300 f i test.obj
 0002:0000a490       ??$_Move_backward_unchecked1@V?$_Deque_unchecked_iterator@V?$_Deque_val@U?$_Deque_simple_types@UFORMULA2_PAIR@@@std@@@std@@@std@@V12@@std@@YA?AV?$_Deque_unchecked_iterator@V?$_Deque_val@U?$_Deque_simple_types@UFORMULA2_PAIR@@@std@@@std@@@0@V10@00U_General_ptr_iterator_tag@0@@Z 0044a490 f i test.obj
 0002:0000a540       ??$_Move_backward_unchecked1@V?$_Deque_unchecked_iterator@V?$_Deque_val@U?$_Deque_simple_types@UFORMULA_PAIR@@@std@@@std@@@std@@V12@@std@@YA?AV?$_Deque_unchecked_iterator@V?$_Deque_val@U?$_Deque_simple_types@UFORMULA_PAIR@@@std@@@std@@@0@V10@00U_General_ptr_iterator_tag@0@@Z 0044a540 f i test.obj
 0002:0000a5f0       ??$_Move_backward_unchecked@V?$_Deque_unchecked_iterator@V?$_Deque_val@U?$_Deque_simple_types@UFORMULA2_PAIR@@@std@@@std@@@std@@V12@@std@@YA?AV?$_Deque_unchecked_iterator@V?$_Deque_val@U?$_Deque_simple_types@UFORMULA2_PAIR@@@std@@@std@@@0@V10@00@Z 0044a5f0 f i test.obj
 0002:0000a690       ??$_Move_backward_unchecked@V?$_Deque_unchecked_iterator@V?$_Deque_val@U?$_Deque_simple_types@UFORMULA_PAIR@@@std@@@std@@@std@@V12@@std@@YA?AV?$_Deque_unchecked_iterator@V?$_Deque_val@U?$_Deque_simple_types@UFORMULA_PAIR@@@std@@@std@@@0@V10@00@Z 0044a690 f i test.obj
 0002:0000a730       ??$_Move_no_deprecate1@V?$_Deque_unchecked_iterator@V?$_Deque_val@U?$_Deque_simple_types@UFORMULA2_PAIR@@@std@@@std@@@std@@V?$_Deque_iterator@V?$_Deque_val@U?$_Deque_simple_types@UFORMULA2_PAIR@@@std@@@std@@@2@@std@@YA?AV?$_Deque_iterator@V?$_Deque_val@U?$_Deque_simple_types@UFORMULA2_PAIR@@@std@@@std@@@0@V?$_Deque_unchecked_iterator@V?$_Deque_val@U?$_Deque_simple_types@UFORMULA2_PAIR@@@std@@@std@@@0@0V10@Urandom_access_iterator_tag@0@2@Z 0044a730 f i test.obj
 0002:0000a8c0       ??$_Move_no_deprecate1@V?$_Deque_unchecked_iterator@V?$_Deque_val@U?$_Deque_simple_types@UFORMULA_PAIR@@@std@@@std@@@std@@V?$_Deque_iterator@V?$_Deque_val@U?$_Deque_simple_types@UFORMULA_PAIR@@@std@@@std@@@2@@std@@YA?AV?$_Deque_iterator@V?$_Deque_val@U?$_Deque_simple_types@UFORMULA_PAIR@@@std@@@std@@@0@V?$_Deque_unchecked_iterator@V?$_Deque_val@U?$_Deque_simple_types@UFORMULA_PAIR@@@std@@@std@@@0@0V10@Urandom_access_iterator_tag@0@2@Z 0044a8c0 f i test.obj
 0002:0000aa50       ??$_Move_no_deprecate@V?$_Deque_iterator@V?$_Deque_val@U?$_Deque_simple_types@UFORMULA2_PAIR@@@std@@@std@@@std@@V12@@std@@YA?AV?$_Deque_iterator@V?$_Deque_val@U?$_Deque_simple_types@UFORMULA2_PAIR@@@std@@@std@@@0@V10@00@Z 0044aa50 f i test.obj
 0002:0000ad00       ??$_Move_no_deprecate@V?$_Deque_iterator@V?$_Deque_val@U?$_Deque_simple_types@UFORMULA_PAIR@@@std@@@std@@@std@@V12@@std@@YA?AV?$_Deque_iterator@V?$_Deque_val@U?$_Deque_simple_types@UFORMULA_PAIR@@@std@@@std@@@0@V10@00@Z 0044ad00 f i test.obj
 0002:0000afb0       ??$_Move_unchecked1@V?$_Deque_unchecked_iterator@V?$_Deque_val@U?$_Deque_simple_types@UFORMULA2_PAIR@@@std@@@std@@@std@@V12@@std@@YA?AV?$_Deque_unchecked_iterator@V?$_Deque_val@U?$_Deque_simple_types@UFORMULA2_PAIR@@@std@@@std@@@0@V10@00U_General_ptr_iterator_tag@0@@Z 0044afb0 f i test.obj
 0002:0000b060       ??$_Move_unchecked1@V?$_Deque_unchecked_iterator@V?$_Deque_val@U?$_Deque_simple_types@UFORMULA_PAIR@@@std@@@std@@@std@@V12@@std@@YA?AV?$_Deque_unchecked_iterator@V?$_Deque_val@U?$_Deque_simple_types@UFORMULA_PAIR@@@std@@@std@@@0@V10@00U_General_ptr_iterator_tag@0@@Z 0044b060 f i test.obj
 0002:0000b110       ??$_Move_unchecked@V?$_Deque_unchecked_iterator@V?$_Deque_val@U?$_Deque_simple_types@UFORMULA2_PAIR@@@std@@@std@@@std@@V12@@std@@YA?AV?$_Deque_unchecked_iterator@V?$_Deque_val@U?$_Deque_simple_types@UFORMULA2_PAIR@@@std@@@std@@@0@V10@00@Z 0044b110 f i test.obj
 0002:0000b1b0       ??$_Move_unchecked@V?$_Deque_unchecked_iterator@V?$_Deque_val@U?$_Deque_simple_types@UFORMULA_PAIR@@@std@@@std@@@std@@V12@@std@@YA?AV?$_Deque_unchecked_iterator@V?$_Deque_val@U?$_Deque_simple_types@UFORMULA_PAIR@@@std@@@std@@@0@V10@00@Z 0044b1b0 f i test.obj
 0002:0000b250       ??$_Pocca@U?$_Wrap_alloc@V?$allocator@UFORMULA2_PAIR@@@std@@@std@@@std@@YAXAAU?$_Wrap_alloc@V?$allocator@UFORMULA2_PAIR@@@std@@@0@ABU10@@Z 0044b250 f i test.obj
 0002:0000b2e0       ??$_Pocca@U?$_Wrap_alloc@V?$allocator@UFORMULA2_PAIR@@@std@@@std@@@std@@YAXAAU?$_Wrap_alloc@V?$allocator@UFORMULA2_PAIR@@@std@@@0@ABU10@U?$integral_constant@_N$0A@@0@@Z 0044b2e0 f i test.obj
 0002:0000b310       ??$_Pocca@U?$_Wrap_alloc@V?$allocator@UFORMULA_PAIR@@@std@@@std@@@std@@YAXAAU?$_Wrap_alloc@V?$allocator@UFORMULA_PAIR@@@std@@@0@ABU10@@Z 0044b310 f i test.obj
 0002:0000b3a0       ??$_Pocca@U?$_Wrap_alloc@V?$allocator@UFORMULA_PAIR@@@std@@@std@@@std@@YAXAAU?$_Wrap_alloc@V?$allocator@UFORMULA_PAIR@@@std@@@0@ABU10@U?$integral_constant@_N$0A@@0@@Z 0044b3a0 f i test.obj
 0002:0000b3d0       ??$_Ptr_copy_cat@PAUFORMULA2_PAIR@@PAU1@@std@@YA?AU_Really_trivial_ptr_iterator_tag@0@ABQAPAUFORMULA2_PAIR@@0@Z 0044b3d0 f i test.obj
 0002:0000b410       ??$_Ptr_copy_cat@PAUFORMULA_PAIR@@PAU1@@std@@YA?AU_Really_trivial_ptr_iterator_tag@0@ABQAPAUFORMULA_PAIR@@0@Z 0044b410 f i test.obj
 0002:0000b450       ??$_Ptr_copy_cat@V?$_Deque_unchecked_const_iterator@V?$_Deque_val@U?$_Deque_simple_types@UFORMULA2_PAIR@@@std@@@std@@@std@@V?$_Deque_unchecked_iterator@V?$_Deque_val@U?$_Deque_simple_types@UFORMULA2_PAIR@@@std@@@std@@@2@@std@@YA?AU_General_ptr_iterator_tag@0@ABV?$_Deque_unchecked_const_iterator@V?$_Deque_val@U?$_Deque_simple_types@UFORMULA2_PAIR@@@std@@@std@@@0@ABV?$_Deque_unchecked_iterator@V?$_Deque_val@U?$_Deque_simple_types@UFORMULA2_PAIR@@@std@@@std@@@0@@Z 0044b450 f i test.obj
 0002:0000b490       ??$_Ptr_copy_cat@V?$_Deque_unchecked_const_iterator@V?$_Deque_val@U?$_Deque_simple_types@UFORMULA_PAIR@@@std@@@std@@@std@@V?$_Deque_unchecked_iterator@V?$_Deque_val@U?$_Deque_simple_types@UFORMULA_PAIR@@@std@@@std@@@2@@std@@YA?AU_General_ptr_iterator_tag@0@ABV?$_Deque_unchecked_const_iterator@V?$_Deque_val@U?$_Deque_simple_types@UFORMULA_PAIR@@@std@@@std@@@0@ABV?$_Deque_unchecked_iterator@V?$_Deque_val@U?$_Deque_simple_types@UFORMULA_PAIR@@@std@@@std@@@0@@Z 0044b490 f i test.obj
 0002:0000b4d0       ??$_Ptr_move_cat@V?$_Deque_unchecked_iterator@V?$_Deque_val@U?$_Deque_simple_types@UFORMULA2_PAIR@@@std@@@std@@@std@@V12@@std@@YA?AU_General_ptr_iterator_tag@0@ABV?$_Deque_unchecked_iterator@V?$_Deque_val@U?$_Deque_simple_types@UFORMULA2_PAIR@@@std@@@std@@@0@0@Z 0044b4d0 f i test.obj
 0002:0000b510       ??$_Ptr_move_cat@V?$_Deque_unchecked_iterator@V?$_Deque_val@U?$_Deque_simple_types@UFORMULA_PAIR@@@std@@@std@@@std@@V12@@std@@YA?AU_General_ptr_iterator_tag@0@ABV?$_Deque_unchecked_iterator@V?$_Deque_val@U?$_Deque_simple_types@UFORMULA_PAIR@@@std@@@std@@@0@0@Z 0044b510 f i test.obj
 0002:0000b550       ??$_Ptr_move_cat@V?$basic_string@DU?$char_traits@D@std@@V?$allocator@D@2@@std@@V12@@std@@YA?AU_General_ptr_iterator_tag@0@ABQAV?$basic_string@DU?$char_traits@D@std@@V?$allocator@D@2@@0@0@Z 0044b550 f i test.obj
 0002:0000b590       ??$_Rechecked@PAPAUFORMULA2_PAIR@@PAPAU1@@std@@YAAAPAPAUFORMULA2_PAIR@@AAPAPAU1@PAPAU1@@Z 0044b590 f i test.obj
 0002:0000b5d0       ??$_Rechecked@PAPAUFORMULA_PAIR@@PAPAU1@@std@@YAAAPAPAUFORMULA_PAIR@@AAPAPAU1@PAPAU1@@Z 0044b5d0 f i test.obj
 0002:0000b610       ??$_Rechecked@PAV?$basic_string@DU?$char_traits@D@std@@V?$allocator@D@2@@std@@PAV12@@std@@YAAAPAV?$basic_string@DU?$char_traits@D@std@@V?$allocator@D@2@@0@AAPAV10@PAV10@@Z 0044b610 f i test.obj
 0002:0000b650       ??$_Rechecked@V?$_Deque_val@U?$_Deque_simple_types@UFORMULA2_PAIR@@@std@@@std@@@std@@YAAAV?$_Deque_iterator@V?$_Deque_val@U?$_Deque_simple_types@UFORMULA2_PAIR@@@std@@@std@@@0@AAV10@V?$_Deque_unchecked_iterator@V?$_Deque_val@U?$_Deque_simple_types@UFORMULA2_PAIR@@@std@@@std@@@0@@Z 0044b650 f i test.obj
 0002:0000b6b0       ??$_Rechecked@V?$_Deque_val@U?$_Deque_simple_types@UFORMULA_PAIR@@@std@@@std@@@std@@YAAAV?$_Deque_iterator@V?$_Deque_val@U?$_Deque_simple_types@UFORMULA_PAIR@@@std@@@std@@@0@AAV10@V?$_Deque_unchecked_iterator@V?$_Deque_val@U?$_Deque_simple_types@UFORMULA_PAIR@@@std@@@std@@@0@@Z 0044b6b0 f i test.obj
 0002:0000b710       ??$_Reverse@V?$_Deque_unchecked_iterator@V?$_Deque_val@U?$_Deque_simple_types@UFORMULA2_PAIR@@@std@@@std@@@std@@@std@@YAXV?$_Deque_unchecked_iterator@V?$_Deque_val@U?$_Deque_simple_types@UFORMULA2_PAIR@@@std@@@std@@@0@0Ubidirectional_iterator_tag@0@@Z 0044b710 f i test.obj
 0002:0000b7c0       ??$_Reverse@V?$_Deque_unchecked_iterator@V?$_Deque_val@U?$_Deque_simple_types@UFORMULA_PAIR@@@std@@@std@@@std@@@std@@YAXV?$_Deque_unchecked_iterator@V?$_Deque_val@U?$_Deque_simple_types@UFORMULA_PAIR@@@std@@@std@@@0@0Ubidirectional_iterator_tag@0@@Z 0044b7c0 f i test.obj
 0002:0000b870       ??$_Rotate@V?$_Deque_unchecked_iterator@V?$_Deque_val@U?$_Deque_simple_types@UFORMULA2_PAIR@@@std@@@std@@@std@@@std@@YA?AV?$_Deque_unchecked_iterator@V?$_Deque_val@U?$_Deque_simple_types@UFORMULA2_PAIR@@@std@@@std@@@0@V10@00Urandom_access_iterator_tag@0@@Z 0044b870 f i test.obj
 0002:0000b930       ??$_Rotate@V?$_Deque_unchecked_iterator@V?$_Deque_val@U?$_Deque_simple_types@UFORMULA_PAIR@@@std@@@std@@@std@@@std@@YA?AV?$_Deque_unchecked_iterator@V?$_Deque_val@U?$_Deque_simple_types@UFORMULA_PAIR@@@std@@@std@@@0@V10@00Urandom_access_iterator_tag@0@@Z 0044b930 f i test.obj
 0002:0000b9f0       ??$_Umove@PAV?$basic_string@DU?$char_traits@D@std@@V?$allocator@D@2@@std@@@?$vector@V?$basic_string@DU?$char_traits@D@std@@V?$allocator@D@2@@std@@V?$allocator@V?$basic_string@DU?$char_traits@D@std@@V?$allocator@D@2@@std@@@2@@std@@IAEPAV?$basic_string@DU?$char_traits@D@std@@V?$allocator@D@2@@1@PAV21@00@Z 0044b9f0 f i test.obj
 0002:0000ba60       ??$_Unchecked@PAPAUFORMULA2_PAIR@@@std@@YAPAPAUFORMULA2_PAIR@@PAPAU1@@Z 0044ba60 f i test.obj
 0002:0000baa0       ??$_Unchecked@PAPAUFORMULA_PAIR@@@std@@YAPAPAUFORMULA_PAIR@@PAPAU1@@Z 0044baa0 f i test.obj
 0002:0000bae0       ??$_Unchecked@PAV?$basic_string@DU?$char_traits@D@std@@V?$allocator@D@2@@std@@@std@@YAPAV?$basic_string@DU?$char_traits@D@std@@V?$allocator@D@2@@0@PAV10@@Z 0044bae0 f i test.obj
 0002:0000bb20       ??$_Unchecked@V?$_Deque_unchecked_iterator@V?$_Deque_val@U?$_Deque_simple_types@UFORMULA2_PAIR@@@std@@@std@@@std@@@std@@YA?AV?$_Deque_unchecked_iterator@V?$_Deque_val@U?$_Deque_simple_types@UFORMULA2_PAIR@@@std@@@std@@@0@V10@@Z 0044bb20 f i test.obj
 0002:0000bb70       ??$_Unchecked@V?$_Deque_unchecked_iterator@V?$_Deque_val@U?$_Deque_simple_types@UFORMULA_PAIR@@@std@@@std@@@std@@@std@@YA?AV?$_Deque_unchecked_iterator@V?$_Deque_val@U?$_Deque_simple_types@UFORMULA_PAIR@@@std@@@std@@@0@V10@@Z 0044bb70 f i test.obj
 0002:0000bbc0       ??$_Unchecked@V?$_Deque_val@U?$_Deque_simple_types@UFORMULA2_PAIR@@@std@@@std@@@std@@YA?AV?$_Deque_unchecked_const_iterator@V?$_Deque_val@U?$_Deque_simple_types@UFORMULA2_PAIR@@@std@@@std@@@0@V?$_Deque_const_iterator@V?$_Deque_val@U?$_Deque_simple_types@UFORMULA2_PAIR@@@std@@@std@@@0@@Z 0044bbc0 f i test.obj
 0002:0000bc70       ??$_Unchecked@V?$_Deque_val@U?$_Deque_simple_types@UFORMULA2_PAIR@@@std@@@std@@@std@@YA?AV?$_Deque_unchecked_iterator@V?$_Deque_val@U?$_Deque_simple_types@UFORMULA2_PAIR@@@std@@@std@@@0@V?$_Deque_iterator@V?$_Deque_val@U?$_Deque_simple_types@UFORMULA2_PAIR@@@std@@@std@@@0@@Z 0044bc70 f i test.obj
 0002:0000bd20       ??$_Unchecked@V?$_Deque_val@U?$_Deque_simple_types@UFORMULA_PAIR@@@std@@@std@@@std@@YA?AV?$_Deque_unchecked_const_iterator@V?$_Deque_val@U?$_Deque_simple_types@UFORMULA_PAIR@@@std@@@std@@@0@V?$_Deque_const_iterator@V?$_Deque_val@U?$_Deque_simple_types@UFORMULA_PAIR@@@std@@@std@@@0@@Z 0044bd20 f i test.obj
 0002:0000bdd0       ??$_Unchecked@V?$_Deque_val@U?$_Deque_simple_types@UFORMULA_PAIR@@@std@@@std@@@std@@YA?AV?$_Deque_unchecked_iterator@V?$_Deque_val@U?$_Deque_simple_types@UFORMULA_PAIR@@@std@@@std@@@0@V?$_Deque_iterator@V?$_Deque_val@U?$_Deque_simple_types@UFORMULA_PAIR@@@std@@@std@@@0@@Z 0044bdd0 f i test.obj
 0002:0000be80       ??$_Uninitialized_copy@PAPAUFORMULA2_PAIR@@PAPAU1@U?$_Wrap_alloc@V?$allocator@PAUFORMULA2_PAIR@@@std@@@std@@@std@@YAPAPAUFORMULA2_PAIR@@PAPAU1@00AAU?$_Wrap_alloc@V?$allocator@PAUFORMULA2_PAIR@@@std@@@0@@Z 0044be80 f i test.obj
 0002:0000bf20       ??$_Uninitialized_copy@PAPAUFORMULA_PAIR@@PAPAU1@U?$_Wrap_alloc@V?$allocator@PAUFORMULA_PAIR@@@std@@@std@@@std@@YAPAPAUFORMULA_PAIR@@PAPAU1@00AAU?$_Wrap_alloc@V?$allocator@PAUFORMULA_PAIR@@@std@@@0@@Z 0044bf20 f i test.obj
 0002:0000bfc0       ??$_Uninitialized_copy_al_unchecked1@PAUFORMULA2_PAIR@@PAU1@@std@@YAPAPAUFORMULA2_PAIR@@PAPAU1@00AAU?$_Wrap_alloc@V?$allocator@PAUFORMULA2_PAIR@@@std@@@0@U_Really_trivial_ptr_iterator_tag@0@@Z 0044bfc0 f i test.obj
 0002:0000c020       ??$_Uninitialized_copy_al_unchecked1@PAUFORMULA_PAIR@@PAU1@@std@@YAPAPAUFORMULA_PAIR@@PAPAU1@00AAU?$_Wrap_alloc@V?$allocator@PAUFORMULA_PAIR@@@std@@@0@U_Really_trivial_ptr_iterator_tag@0@@Z 0044c020 f i test.obj
 0002:0000c080       ??$_Uninitialized_copy_al_unchecked@PAPAUFORMULA2_PAIR@@PAPAU1@U?$_Wrap_alloc@V?$allocator@PAUFORMULA2_PAIR@@@std@@@std@@@std@@YAPAPAUFORMULA2_PAIR@@PAPAU1@00AAU?$_Wrap_alloc@V?$allocator@PAUFORMULA2_PAIR@@@std@@@0@@Z 0044c080 f i test.obj
 0002:0000c100       ??$_Uninitialized_copy_al_unchecked@PAPAUFORMULA_PAIR@@PAPAU1@U?$_Wrap_alloc@V?$allocator@PAUFORMULA_PAIR@@@std@@@std@@@std@@YAPAPAUFORMULA_PAIR@@PAPAU1@00AAU?$_Wrap_alloc@V?$allocator@PAUFORMULA_PAIR@@@std@@@0@@Z 0044c100 f i test.obj
 0002:0000c180       ??$_Uninitialized_default_fill_n1@PAPAUFORMULA2_PAIR@@I@std@@YAXPAPAUFORMULA2_PAIR@@IAAU?$_Wrap_alloc@V?$allocator@PAUFORMULA2_PAIR@@@std@@@0@U?$integral_constant@_N$00@0@@Z 0044c180 f i test.obj
 0002:0000c1e0       ??$_Uninitialized_default_fill_n1@PAPAUFORMULA_PAIR@@I@std@@YAXPAPAUFORMULA_PAIR@@IAAU?$_Wrap_alloc@V?$allocator@PAUFORMULA_PAIR@@@std@@@0@U?$integral_constant@_N$00@0@@Z 0044c1e0 f i test.obj
 0002:0000c240       ??$_Uninitialized_default_fill_n@PAPAUFORMULA2_PAIR@@IU?$_Wrap_alloc@V?$allocator@PAUFORMULA2_PAIR@@@std@@@std@@@std@@YAXPAPAUFORMULA2_PAIR@@IAAU?$_Wrap_alloc@V?$allocator@PAUFORMULA2_PAIR@@@std@@@0@@Z 0044c240 f i test.obj
 0002:0000c2b0       ??$_Uninitialized_default_fill_n@PAPAUFORMULA_PAIR@@IU?$_Wrap_alloc@V?$allocator@PAUFORMULA_PAIR@@@std@@@std@@@std@@YAXPAPAUFORMULA_PAIR@@IAAU?$_Wrap_alloc@V?$allocator@PAUFORMULA_PAIR@@@std@@@0@@Z 0044c2b0 f i test.obj
 0002:0000c320       ??$_Uninitialized_move@PAV?$basic_string@DU?$char_traits@D@std@@V?$allocator@D@2@@std@@PAV12@U?$_Wrap_alloc@V?$allocator@V?$basic_string@DU?$char_traits@D@std@@V?$allocator@D@2@@std@@@std@@@2@@std@@YAPAV?$basic_string@DU?$char_traits@D@std@@V?$allocator@D@2@@0@PAV10@00AAU?$_Wrap_alloc@V?$allocator@V?$basic_string@DU?$char_traits@D@std@@V?$allocator@D@2@@std@@@std@@@0@@Z 0044c320 f i test.obj
 0002:0000c3c0       ??$_Uninitialized_move_al_unchecked1@PAV?$basic_string@DU?$char_traits@D@std@@V?$allocator@D@2@@std@@PAV12@V?$allocator@V?$basic_string@DU?$char_traits@D@std@@V?$allocator@D@2@@std@@@2@@std@@YAPAV?$basic_string@DU?$char_traits@D@std@@V?$allocator@D@2@@0@PAV10@00AAU?$_Wrap_alloc@V?$allocator@V?$basic_string@DU?$char_traits@D@std@@V?$allocator@D@2@@std@@@std@@@0@U_General_ptr_iterator_tag@0@@Z 0044c3c0 f i test.obj
 0002:0000c4f0       ??$_Uninitialized_move_al_unchecked@PAV?$basic_string@DU?$char_traits@D@std@@V?$allocator@D@2@@std@@PAV12@U?$_Wrap_alloc@V?$allocator@V?$basic_string@DU?$char_traits@D@std@@V?$allocator@D@2@@std@@@std@@@2@@std@@YAPAV?$basic_string@DU?$char_traits@D@std@@V?$allocator@D@2@@0@PAV10@00AAU?$_Wrap_alloc@V?$allocator@V?$basic_string@DU?$char_traits@D@std@@V?$allocator@D@2@@std@@@std@@@0@@Z 0044c4f0 f i test.obj
 0002:0000c580       ??$__vcrt_va_start_verify_argument_type@QBD@@YAXXZ 0044c580 f i test.obj
 0002:0000c5b0       ??$__vcrt_va_start_verify_argument_type@QB_W@@YAXXZ 0044c5b0 f i test.obj
 0002:0000c5e0       ??$addressof@D@std@@YAPADAAD@Z 0044c5e0 f i test.obj
 0002:0000c640       ??$addressof@PAUFORMULA2_PAIR@@@std@@YAPAPAUFORMULA2_PAIR@@AAPAU1@@Z 0044c640 f i test.obj
 0002:0000c6a0       ??$addressof@PAUFORMULA_PAIR@@@std@@YAPAPAUFORMULA_PAIR@@AAPAU1@@Z 0044c6a0 f i test.obj
 0002:0000c700       ??$addressof@V?$basic_string@DU?$char_traits@D@std@@V?$allocator@D@2@@std@@@std@@YAPAV?$basic_string@DU?$char_traits@D@std@@V?$allocator@D@2@@0@AAV10@@Z 0044c700 f i test.obj
 0002:0000c760       ??$construct@PADAAPAD@?$_Wrap_alloc@V?$allocator@D@std@@@std@@QAEXPAPADAAPAD@Z 0044c760 f i test.obj
 0002:0000c7d0       ??$construct@PADAAPAD@?$allocator@D@std@@QAEXPAPADAAPAD@Z 0044c7d0 f i test.obj
 0002:0000c880       ??$construct@PADAAPAD@?$allocator_traits@V?$allocator@D@std@@@std@@SAXAAV?$allocator@D@1@PAPADAAPAD@Z 0044c880 f i test.obj
 0002:0000c8e0       ??$construct@UFORMULA2_PAIR@@ABU1@@?$_Wrap_alloc@V?$allocator@UFORMULA2_PAIR@@@std@@@std@@QAEXPAUFORMULA2_PAIR@@ABU2@@Z 0044c8e0 f i test.obj
 0002:0000c950       ??$construct@UFORMULA2_PAIR@@ABU1@@?$allocator@UFORMULA2_PAIR@@@std@@QAEXPAUFORMULA2_PAIR@@ABU2@@Z 0044c950 f i test.obj
 0002:0000ca00       ??$construct@UFORMULA2_PAIR@@ABU1@@?$allocator_traits@V?$allocator@UFORMULA2_PAIR@@@std@@@std@@SAXAAV?$allocator@UFORMULA2_PAIR@@@1@PAUFORMULA2_PAIR@@ABU3@@Z 0044ca00 f i test.obj
 0002:0000ca60       ??$construct@UFORMULA_PAIR@@ABU1@@?$_Wrap_alloc@V?$allocator@UFORMULA_PAIR@@@std@@@std@@QAEXPAUFORMULA_PAIR@@ABU2@@Z 0044ca60 f i test.obj
 0002:0000cad0       ??$construct@UFORMULA_PAIR@@ABU1@@?$allocator@UFORMULA_PAIR@@@std@@QAEXPAUFORMULA_PAIR@@ABU2@@Z 0044cad0 f i test.obj
 0002:0000cb80       ??$construct@UFORMULA_PAIR@@ABU1@@?$allocator_traits@V?$allocator@UFORMULA_PAIR@@@std@@@std@@SAXAAV?$allocator@UFORMULA_PAIR@@@1@PAUFORMULA_PAIR@@ABU3@@Z 0044cb80 f i test.obj
 0002:0000cbe0       ??$construct@U_Container_proxy@std@@U12@@?$_Wrap_alloc@V?$allocator@U_Container_proxy@std@@@std@@@std@@QAEXPAU_Container_proxy@1@$$QAU21@@Z 0044cbe0 f i test.obj
 0002:0000cc50       ??$construct@U_Container_proxy@std@@U12@@?$allocator@U_Container_proxy@std@@@std@@QAEXPAU_Container_proxy@1@$$QAU21@@Z 0044cc50 f i test.obj
 0002:0000cd00       ??$construct@U_Container_proxy@std@@U12@@?$allocator_traits@V?$allocator@U_Container_proxy@std@@@std@@@std@@SAXAAV?$allocator@U_Container_proxy@std@@@1@PAU_Container_proxy@1@$$QAU31@@Z 0044cd00 f i test.obj
 0002:0000cd60       ??$construct@V?$basic_string@DU?$char_traits@D@std@@V?$allocator@D@2@@std@@V12@@?$_Wrap_alloc@V?$allocator@V?$basic_string@DU?$char_traits@D@std@@V?$allocator@D@2@@std@@@std@@@std@@QAEXPAV?$basic_string@DU?$char_traits@D@std@@V?$allocator@D@2@@1@$$QAV21@@Z 0044cd60 f i test.obj
 0002:0000cdd0       ??$construct@V?$basic_string@DU?$char_traits@D@std@@V?$allocator@D@2@@std@@V12@@?$allocator@V?$basic_string@DU?$char_traits@D@std@@V?$allocator@D@2@@std@@@std@@QAEXPAV?$basic_string@DU?$char_traits@D@std@@V?$allocator@D@2@@1@$$QAV21@@Z 0044cdd0 f i test.obj
 0002:0000ce70       ??$construct@V?$basic_string@DU?$char_traits@D@std@@V?$allocator@D@2@@std@@V12@@?$allocator_traits@V?$allocator@V?$basic_string@DU?$char_traits@D@std@@V?$allocator@D@2@@std@@@std@@@std@@SAXAAV?$allocator@V?$basic_string@DU?$char_traits@D@std@@V?$allocator@D@2@@std@@@1@PAV?$basic_string@DU?$char_traits@D@std@@V?$allocator@D@2@@1@$$QAV31@@Z 0044ce70 f i test.obj
 0002:0000ced0       ??$copy@V?$_Deque_const_iterator@V?$_Deque_val@U?$_Deque_simple_types@UFORMULA2_PAIR@@@std@@@std@@@std@@V?$_Deque_iterator@V?$_Deque_val@U?$_Deque_simple_types@UFORMULA2_PAIR@@@std@@@std@@@2@@std@@YA?AV?$_Deque_iterator@V?$_Deque_val@U?$_Deque_simple_types@UFORMULA2_PAIR@@@std@@@std@@@0@V?$_Deque_const_iterator@V?$_Deque_val@U?$_Deque_simple_types@UFORMULA2_PAIR@@@std@@@std@@@0@0V10@@Z 0044ced0 f i test.obj
 0002:0000d0d0       ??$copy@V?$_Deque_const_iterator@V?$_Deque_val@U?$_Deque_simple_types@UFORMULA_PAIR@@@std@@@std@@@std@@V?$_Deque_iterator@V?$_Deque_val@U?$_Deque_simple_types@UFORMULA_PAIR@@@std@@@std@@@2@@std@@YA?AV?$_Deque_iterator@V?$_Deque_val@U?$_Deque_simple_types@UFORMULA_PAIR@@@std@@@std@@@0@V?$_Deque_const_iterator@V?$_Deque_val@U?$_Deque_simple_types@UFORMULA_PAIR@@@std@@@std@@@0@0V10@@Z 0044d0d0 f i test.obj
 0002:0000d2d0       ??$destroy@PAD@?$_Wrap_alloc@V?$allocator@D@std@@@std@@QAEXPAPAD@Z 0044d2d0 f i test.obj
 0002:0000d330       ??$destroy@PAD@?$allocator@D@std@@QAEXPAPAD@Z 0044d330 f i test.obj
 0002:0000d370       ??$destroy@PAD@?$allocator_traits@V?$allocator@D@std@@@std@@SAXAAV?$allocator@D@1@PAPAD@Z 0044d370 f i test.obj
 0002:0000d3c0       ??$destroy@PAUFORMULA2_PAIR@@@?$_Wrap_alloc@V?$allocator@PAUFORMULA2_PAIR@@@std@@@std@@QAEXPAPAUFORMULA2_PAIR@@@Z 0044d3c0 f i test.obj
 0002:0000d420       ??$destroy@PAUFORMULA2_PAIR@@@?$_Wrap_alloc@V?$allocator@UFORMULA2_PAIR@@@std@@@std@@QAEXPAPAUFORMULA2_PAIR@@@Z 0044d420 f i test.obj
 0002:0000d480       ??$destroy@PAUFORMULA2_PAIR@@@?$allocator@PAUFORMULA2_PAIR@@@std@@QAEXPAPAUFORMULA2_PAIR@@@Z 0044d480 f i test.obj
 0002:0000d4c0       ??$destroy@PAUFORMULA2_PAIR@@@?$allocator@UFORMULA2_PAIR@@@std@@QAEXPAPAUFORMULA2_PAIR@@@Z 0044d4c0 f i test.obj
 0002:0000d500       ??$destroy@PAUFORMULA2_PAIR@@@?$allocator_traits@V?$allocator@PAUFORMULA2_PAIR@@@std@@@std@@SAXAAV?$allocator@PAUFORMULA2_PAIR@@@1@PAPAUFORMULA2_PAIR@@@Z 0044d500 f i test.obj
 0002:0000d550       ??$destroy@PAUFORMULA2_PAIR@@@?$allocator_traits@V?$allocator@UFORMULA2_PAIR@@@std@@@std@@SAXAAV?$allocator@UFORMULA2_PAIR@@@1@PAPAUFORMULA2_PAIR@@@Z 0044d550 f i test.obj
 0002:0000d5a0       ??$destroy@PAUFORMULA_PAIR@@@?$_Wrap_alloc@V?$allocator@PAUFORMULA_PAIR@@@std@@@std@@QAEXPAPAUFORMULA_PAIR@@@Z 0044d5a0 f i test.obj
 0002:0000d600       ??$destroy@PAUFORMULA_PAIR@@@?$_Wrap_alloc@V?$allocator@UFORMULA_PAIR@@@std@@@std@@QAEXPAPAUFORMULA_PAIR@@@Z 0044d600 f i test.obj
 0002:0000d660       ??$destroy@PAUFORMULA_PAIR@@@?$allocator@PAUFORMULA_PAIR@@@std@@QAEXPAPAUFORMULA_PAIR@@@Z 0044d660 f i test.obj
 0002:0000d6a0       ??$destroy@PAUFORMULA_PAIR@@@?$allocator@UFORMULA_PAIR@@@std@@QAEXPAPAUFORMULA_PAIR@@@Z 0044d6a0 f i test.obj
 0002:0000d6e0       ??$destroy@PAUFORMULA_PAIR@@@?$allocator_traits@V?$allocator@PAUFORMULA_PAIR@@@std@@@std@@SAXAAV?$allocator@PAUFORMULA_PAIR@@@1@PAPAUFORMULA_PAIR@@@Z 0044d6e0 f i test.obj
 0002:0000d730       ??$destroy@PAUFORMULA_PAIR@@@?$allocator_traits@V?$allocator@UFORMULA_PAIR@@@std@@@std@@SAXAAV?$allocator@UFORMULA_PAIR@@@1@PAPAUFORMULA_PAIR@@@Z 0044d730 f i test.obj
 0002:0000d780       ??$destroy@UFORMULA2_PAIR@@@?$_Wrap_alloc@V?$allocator@UFORMULA2_PAIR@@@std@@@std@@QAEXPAUFORMULA2_PAIR@@@Z 0044d780 f i test.obj
 0002:0000d7e0       ??$destroy@UFORMULA2_PAIR@@@?$allocator@UFORMULA2_PAIR@@@std@@QAEXPAUFORMULA2_PAIR@@@Z 0044d7e0 f i test.obj
 0002:0000d820       ??$destroy@UFORMULA2_PAIR@@@?$allocator_traits@V?$allocator@UFORMULA2_PAIR@@@std@@@std@@SAXAAV?$allocator@UFORMULA2_PAIR@@@1@PAUFORMULA2_PAIR@@@Z 0044d820 f i test.obj
 0002:0000d870       ??$destroy@UFORMULA_PAIR@@@?$_Wrap_alloc@V?$allocator@UFORMULA_PAIR@@@std@@@std@@QAEXPAUFORMULA_PAIR@@@Z 0044d870 f i test.obj
 0002:0000d8d0       ??$destroy@UFORMULA_PAIR@@@?$allocator@UFORMULA_PAIR@@@std@@QAEXPAUFORMULA_PAIR@@@Z 0044d8d0 f i test.obj
 0002:0000d910       ??$destroy@UFORMULA_PAIR@@@?$allocator_traits@V?$allocator@UFORMULA_PAIR@@@std@@@std@@SAXAAV?$allocator@UFORMULA_PAIR@@@1@PAUFORMULA_PAIR@@@Z 0044d910 f i test.obj
 0002:0000d960       ??$destroy@U_Container_proxy@std@@@?$_Wrap_alloc@V?$allocator@U_Container_proxy@std@@@std@@@std@@QAEXPAU_Container_proxy@1@@Z 0044d960 f i test.obj
 0002:0000d9c0       ??$destroy@U_Container_proxy@std@@@?$allocator@U_Container_proxy@std@@@std@@QAEXPAU_Container_proxy@1@@Z 0044d9c0 f i test.obj
 0002:0000da00       ??$destroy@U_Container_proxy@std@@@?$allocator_traits@V?$allocator@U_Container_proxy@std@@@std@@@std@@SAXAAV?$allocator@U_Container_proxy@std@@@1@PAU_Container_proxy@1@@Z 0044da00 f i test.obj
 0002:0000da50       ??$destroy@V?$basic_string@DU?$char_traits@D@std@@V?$allocator@D@2@@std@@@?$_Wrap_alloc@V?$allocator@V?$basic_string@DU?$char_traits@D@std@@V?$allocator@D@2@@std@@@std@@@std@@QAEXPAV?$basic_string@DU?$char_traits@D@std@@V?$allocator@D@2@@1@@Z 0044da50 f i test.obj
 0002:0000dab0       ??$destroy@V?$basic_string@DU?$char_traits@D@std@@V?$allocator@D@2@@std@@@?$allocator@V?$basic_string@DU?$char_traits@D@std@@V?$allocator@D@2@@std@@@std@@QAEXPAV?$basic_string@DU?$char_traits@D@std@@V?$allocator@D@2@@1@@Z 0044dab0 f i test.obj
 0002:0000db10       ??$destroy@V?$basic_string@DU?$char_traits@D@std@@V?$allocator@D@2@@std@@@?$allocator_traits@V?$allocator@V?$basic_string@DU?$char_traits@D@std@@V?$allocator@D@2@@std@@@std@@@std@@SAXAAV?$allocator@V?$basic_string@DU?$char_traits@D@std@@V?$allocator@D@2@@std@@@1@PAV?$basic_string@DU?$char_traits@D@std@@V?$allocator@D@2@@1@@Z 0044db10 f i test.obj
 0002:0000db60       ??$emplace_back@ABUFORMULA2_PAIR@@@?$deque@UFORMULA2_PAIR@@V?$allocator@UFORMULA2_PAIR@@@std@@@std@@QAEXABUFORMULA2_PAIR@@@Z 0044db60 f i test.obj
 0002:0000dd40       ??$emplace_back@ABUFORMULA_PAIR@@@?$deque@UFORMULA_PAIR@@V?$allocator@UFORMULA_PAIR@@@std@@@std@@QAEXABUFORMULA_PAIR@@@Z 0044dd40 f i test.obj
 0002:0000df20       ??$forward@AAPAD@std@@YAAAPADAAPAD@Z 0044df20 f i test.obj
 0002:0000df60       ??$forward@AAU?$_Wrap_alloc@V?$allocator@D@std@@@std@@@std@@YAAAU?$_Wrap_alloc@V?$allocator@D@std@@@0@AAU10@@Z 0044df60 f i test.obj
 0002:0000dfa0       ??$forward@AAU?$_Wrap_alloc@V?$allocator@UFORMULA2_PAIR@@@std@@@std@@@std@@YAAAU?$_Wrap_alloc@V?$allocator@UFORMULA2_PAIR@@@std@@@0@AAU10@@Z 0044dfa0 f i test.obj
 0002:0000dfe0       ??$forward@AAU?$_Wrap_alloc@V?$allocator@UFORMULA_PAIR@@@std@@@std@@@std@@YAAAU?$_Wrap_alloc@V?$allocator@UFORMULA_PAIR@@@std@@@0@AAU10@@Z 0044dfe0 f i test.obj
 0002:0000e020       ??$forward@AAU?$_Wrap_alloc@V?$allocator@V?$basic_string@DU?$char_traits@D@std@@V?$allocator@D@2@@std@@@std@@@std@@@std@@YAAAU?$_Wrap_alloc@V?$allocator@V?$basic_string@DU?$char_traits@D@std@@V?$allocator@D@2@@std@@@std@@@0@AAU10@@Z 0044e020 f i test.obj
 0002:0000e060       ??$forward@ABUFORMULA2_PAIR@@@std@@YAABUFORMULA2_PAIR@@ABU1@@Z 0044e060 f i test.obj
 0002:0000e0a0       ??$forward@ABUFORMULA_PAIR@@@std@@YAABUFORMULA_PAIR@@ABU1@@Z 0044e0a0 f i test.obj
 0002:0000e0e0       ??$forward@U?$_Wrap_alloc@V?$allocator@D@std@@@std@@@std@@YA$$QAU?$_Wrap_alloc@V?$allocator@D@std@@@0@AAU10@@Z 0044e0e0 f i test.obj
 0002:0000e120       ??$forward@U?$_Wrap_alloc@V?$allocator@UFORMULA2_PAIR@@@std@@@std@@@std@@YA$$QAU?$_Wrap_alloc@V?$allocator@UFORMULA2_PAIR@@@std@@@0@AAU10@@Z 0044e120 f i test.obj
 0002:0000e160       ??$forward@U?$_Wrap_alloc@V?$allocator@UFORMULA_PAIR@@@std@@@std@@@std@@YA$$QAU?$_Wrap_alloc@V?$allocator@UFORMULA_PAIR@@@std@@@0@AAU10@@Z 0044e160 f i test.obj
 0002:0000e1a0       ??$forward@U_Container_proxy@std@@@std@@YA$$QAU_Container_proxy@0@AAU10@@Z 0044e1a0 f i test.obj
 0002:0000e1e0       ??$forward@V?$allocator@UFORMULA2_PAIR@@@std@@@std@@YA$$QAV?$allocator@UFORMULA2_PAIR@@@0@AAV10@@Z 0044e1e0 f i test.obj
 0002:0000e220       ??$forward@V?$allocator@UFORMULA_PAIR@@@std@@@std@@YA$$QAV?$allocator@UFORMULA_PAIR@@@0@AAV10@@Z 0044e220 f i test.obj
 0002:0000e260       ??$forward@V?$basic_string@DU?$char_traits@D@std@@V?$allocator@D@2@@std@@@std@@YA$$QAV?$basic_string@DU?$char_traits@D@std@@V?$allocator@D@2@@0@AAV10@@Z 0044e260 f i test.obj
 0002:0000e2a0       ??$insert@V?$_Deque_const_iterator@V?$_Deque_val@U?$_Deque_simple_types@UFORMULA2_PAIR@@@std@@@std@@@std@@@?$deque@UFORMULA2_PAIR@@V?$allocator@UFORMULA2_PAIR@@@std@@@std@@QAE?AV?$_Deque_iterator@V?$_Deque_val@U?$_Deque_simple_types@UFORMULA2_PAIR@@@std@@@std@@@1@V?$_Deque_const_iterator@V?$_Deque_val@U?$_Deque_simple_types@UFORMULA2_PAIR@@@std@@@std@@@1@00@Z 0044e2a0 f i test.obj
 0002:0000ea30       ??$insert@V?$_Deque_const_iterator@V?$_Deque_val@U?$_Deque_simple_types@UFORMULA_PAIR@@@std@@@std@@@std@@@?$deque@UFORMULA_PAIR@@V?$allocator@UFORMULA_PAIR@@@std@@@std@@QAE?AV?$_Deque_iterator@V?$_Deque_val@U?$_Deque_simple_types@UFORMULA_PAIR@@@std@@@std@@@1@V?$_Deque_const_iterator@V?$_Deque_val@U?$_Deque_simple_types@UFORMULA_PAIR@@@std@@@std@@@1@00@Z 0044ea30 f i test.obj
 0002:0000f1c0       ??$iter_swap@V?$_Deque_unchecked_iterator@V?$_Deque_val@U?$_Deque_simple_types@UFORMULA2_PAIR@@@std@@@std@@@std@@V12@@std@@YAXV?$_Deque_unchecked_iterator@V?$_Deque_val@U?$_Deque_simple_types@UFORMULA2_PAIR@@@std@@@std@@@0@0@Z 0044f1c0 f i test.obj
 0002:0000f220       ??$iter_swap@V?$_Deque_unchecked_iterator@V?$_Deque_val@U?$_Deque_simple_types@UFORMULA_PAIR@@@std@@@std@@@std@@V12@@std@@YAXV?$_Deque_unchecked_iterator@V?$_Deque_val@U?$_Deque_simple_types@UFORMULA_PAIR@@@std@@@std@@@0@0@Z 0044f220 f i test.obj
 0002:0000f280       ??$move@AAU?$_Wrap_alloc@V?$allocator@D@std@@@std@@@std@@YA$$QAU?$_Wrap_alloc@V?$allocator@D@std@@@0@AAU10@@Z 0044f280 f i test.obj
 0002:0000f2c0       ??$move@AAU?$_Wrap_alloc@V?$allocator@UFORMULA2_PAIR@@@std@@@std@@@std@@YA$$QAU?$_Wrap_alloc@V?$allocator@UFORMULA2_PAIR@@@std@@@0@AAU10@@Z 0044f2c0 f i test.obj
 0002:0000f300       ??$move@AAU?$_Wrap_alloc@V?$allocator@UFORMULA_PAIR@@@std@@@std@@@std@@YA$$QAU?$_Wrap_alloc@V?$allocator@UFORMULA_PAIR@@@std@@@0@AAU10@@Z 0044f300 f i test.obj
 0002:0000f340       ??$move@AAUFORMULA2_PAIR@@@std@@YA$$QAUFORMULA2_PAIR@@AAU1@@Z 0044f340 f i test.obj
 0002:0000f380       ??$move@AAUFORMULA_PAIR@@@std@@YA$$QAUFORMULA_PAIR@@AAU1@@Z 0044f380 f i test.obj
 0002:0000f3c0       ??$move@AAV?$basic_string@DU?$char_traits@D@std@@V?$allocator@D@2@@std@@@std@@YA$$QAV?$basic_string@DU?$char_traits@D@std@@V?$allocator@D@2@@0@AAV10@@Z 0044f3c0 f i test.obj
 0002:0000f400       ??$move@V?$_Deque_iterator@V?$_Deque_val@U?$_Deque_simple_types@UFORMULA2_PAIR@@@std@@@std@@@std@@V12@@std@@YA?AV?$_Deque_iterator@V?$_Deque_val@U?$_Deque_simple_types@UFORMULA2_PAIR@@@std@@@std@@@0@V10@00@Z 0044f400 f i test.obj
 0002:0000f600       ??$move@V?$_Deque_iterator@V?$_Deque_val@U?$_Deque_simple_types@UFORMULA_PAIR@@@std@@@std@@@std@@V12@@std@@YA?AV?$_Deque_iterator@V?$_Deque_val@U?$_Deque_simple_types@UFORMULA_PAIR@@@std@@@std@@@0@V10@00@Z 0044f600 f i test.obj
 0002:0000f800       ??$move_backward@V?$_Deque_iterator@V?$_Deque_val@U?$_Deque_simple_types@UFORMULA2_PAIR@@@std@@@std@@@std@@V12@@std@@YA?AV?$_Deque_iterator@V?$_Deque_val@U?$_Deque_simple_types@UFORMULA2_PAIR@@@std@@@std@@@0@V10@00@Z 0044f800 f i test.obj
 0002:0000fb20       ??$move_backward@V?$_Deque_iterator@V?$_Deque_val@U?$_Deque_simple_types@UFORMULA_PAIR@@@std@@@std@@@std@@V12@@std@@YA?AV?$_Deque_iterator@V?$_Deque_val@U?$_Deque_simple_types@UFORMULA_PAIR@@@std@@@std@@@0@V10@00@Z 0044fb20 f i test.obj
 0002:0000fe40       ??$reverse@V?$_Deque_iterator@V?$_Deque_val@U?$_Deque_simple_types@UFORMULA2_PAIR@@@std@@@std@@@std@@@std@@YAXV?$_Deque_iterator@V?$_Deque_val@U?$_Deque_simple_types@UFORMULA2_PAIR@@@std@@@std@@@0@0@Z 0044fe40 f i test.obj
 0002:00010060       ??$reverse@V?$_Deque_iterator@V?$_Deque_val@U?$_Deque_simple_types@UFORMULA_PAIR@@@std@@@std@@@std@@@std@@YAXV?$_Deque_iterator@V?$_Deque_val@U?$_Deque_simple_types@UFORMULA_PAIR@@@std@@@std@@@0@0@Z 00450060 f i test.obj
 0002:00010280       ??$reverse@V?$_Deque_unchecked_iterator@V?$_Deque_val@U?$_Deque_simple_types@UFORMULA2_PAIR@@@std@@@std@@@std@@@std@@YAXV?$_Deque_unchecked_iterator@V?$_Deque_val@U?$_Deque_simple_types@UFORMULA2_PAIR@@@std@@@std@@@0@0@Z 00450280 f i test.obj
 0002:00010370       ??$reverse@V?$_Deque_unchecked_iterator@V?$_Deque_val@U?$_Deque_simple_types@UFORMULA_PAIR@@@std@@@std@@@std@@@std@@YAXV?$_Deque_unchecked_iterator@V?$_Deque_val@U?$_Deque_simple_types@UFORMULA_PAIR@@@std@@@std@@@0@0@Z 00450370 f i test.obj
 0002:00010460       ??$rotate@V?$_Deque_iterator@V?$_Deque_val@U?$_Deque_simple_types@UFORMULA2_PAIR@@@std@@@std@@@std@@@std@@YA?AV?$_Deque_iterator@V?$_Deque_val@U?$_Deque_simple_types@UFORMULA2_PAIR@@@std@@@std@@@0@V10@00@Z 00450460 f i test.obj
 0002:000108b0       ??$rotate@V?$_Deque_iterator@V?$_Deque_val@U?$_Deque_simple_types@UFORMULA_PAIR@@@std@@@std@@@std@@@std@@YA?AV?$_Deque_iterator@V?$_Deque_val@U?$_Deque_simple_types@UFORMULA_PAIR@@@std@@@std@@@0@V10@00@Z 004508b0 f i test.obj
 0002:00010d00       ??$swap@UFORMULA2_PAIR@@@std@@YAXAAUFORMULA2_PAIR@@0@Z 00450d00 f i test.obj
 0002:00010dd0       ??$swap@UFORMULA_PAIR@@@std@@YAXAAUFORMULA_PAIR@@0@Z 00450dd0 f i test.obj
 0002:00010ea0       ??0?$_Deque_const_iterator@V?$_Deque_val@U?$_Deque_simple_types@UFORMULA2_PAIR@@@std@@@std@@@std@@QAE@$$QAV01@@Z 00450ea0 f i test.obj
 0002:00010f50       ??0?$_Deque_const_iterator@V?$_Deque_val@U?$_Deque_simple_types@UFORMULA2_PAIR@@@std@@@std@@@std@@QAE@ABV01@@Z 00450f50 f i test.obj
 0002:00011000       ??0?$_Deque_const_iterator@V?$_Deque_val@U?$_Deque_simple_types@UFORMULA2_PAIR@@@std@@@std@@@std@@QAE@IPBU_Container_base12@1@@Z 00451000 f i test.obj
 0002:000110c0       ??0?$_Deque_const_iterator@V?$_Deque_val@U?$_Deque_simple_types@UFORMULA_PAIR@@@std@@@std@@@std@@QAE@$$QAV01@@Z 004510c0 f i test.obj
 0002:00011170       ??0?$_Deque_const_iterator@V?$_Deque_val@U?$_Deque_simple_types@UFORMULA_PAIR@@@std@@@std@@@std@@QAE@ABV01@@Z 00451170 f i test.obj
 0002:00011220       ??0?$_Deque_const_iterator@V?$_Deque_val@U?$_Deque_simple_types@UFORMULA_PAIR@@@std@@@std@@@std@@QAE@IPBU_Container_base12@1@@Z 00451220 f i test.obj
 0002:000112e0       ??0?$_Deque_iterator@V?$_Deque_val@U?$_Deque_simple_types@UFORMULA2_PAIR@@@std@@@std@@@std@@QAE@$$QAV01@@Z 004512e0 f i test.obj
 0002:00011380       ??0?$_Deque_iterator@V?$_Deque_val@U?$_Deque_simple_types@UFORMULA2_PAIR@@@std@@@std@@@std@@QAE@ABV01@@Z 00451380 f i test.obj
 0002:00011420       ??0?$_Deque_iterator@V?$_Deque_val@U?$_Deque_simple_types@UFORMULA2_PAIR@@@std@@@std@@@std@@QAE@IPBU_Container_base12@1@@Z 00451420 f i test.obj
 0002:000114d0       ??0?$_Deque_iterator@V?$_Deque_val@U?$_Deque_simple_types@UFORMULA_PAIR@@@std@@@std@@@std@@QAE@$$QAV01@@Z 004514d0 f i test.obj
 0002:00011570       ??0?$_Deque_iterator@V?$_Deque_val@U?$_Deque_simple_types@UFORMULA_PAIR@@@std@@@std@@@std@@QAE@ABV01@@Z 00451570 f i test.obj
 0002:00011610       ??0?$_Deque_iterator@V?$_Deque_val@U?$_Deque_simple_types@UFORMULA_PAIR@@@std@@@std@@@std@@QAE@IPBU_Container_base12@1@@Z 00451610 f i test.obj
 0002:000116c0       ??0?$_Deque_unchecked_const_iterator@V?$_Deque_val@U?$_Deque_simple_types@UFORMULA2_PAIR@@@std@@@std@@@std@@QAE@IPBU_Container_base12@1@@Z 004516c0 f i test.obj
 0002:00011710       ??0?$_Deque_unchecked_const_iterator@V?$_Deque_val@U?$_Deque_simple_types@UFORMULA_PAIR@@@std@@@std@@@std@@QAE@IPBU_Container_base12@1@@Z 00451710 f i test.obj
 0002:00011760       ??0?$_Deque_unchecked_iterator@V?$_Deque_val@U?$_Deque_simple_types@UFORMULA2_PAIR@@@std@@@std@@@std@@QAE@IPBU_Container_base12@1@@Z 00451760 f i test.obj
 0002:000117c0       ??0?$_Deque_unchecked_iterator@V?$_Deque_val@U?$_Deque_simple_types@UFORMULA_PAIR@@@std@@@std@@@std@@QAE@IPBU_Container_base12@1@@Z 004517c0 f i test.obj
 0002:00011820       ??0?$_Deque_val@U?$_Deque_simple_types@UFORMULA2_PAIR@@@std@@@std@@QAE@XZ 00451820 f i test.obj
 0002:000118f0       ??0?$_Deque_val@U?$_Deque_simple_types@UFORMULA_PAIR@@@std@@@std@@QAE@XZ 004518f0 f i test.obj
 0002:000119c0       ??0?$_String_alloc@U?$_String_base_types@DV?$allocator@D@std@@@std@@@std@@QAE@XZ 004519c0 f i test.obj
 0002:00011a70       ??0?$_String_val@U?$_Simple_types@D@std@@@std@@QAE@XZ 00451a70 f i test.obj
 0002:00011b30       ??0?$_Vector_alloc@U?$_Vec_base_types@V?$basic_string@DU?$char_traits@D@std@@V?$allocator@D@2@@std@@V?$allocator@V?$basic_string@DU?$char_traits@D@std@@V?$allocator@D@2@@std@@@2@@std@@@std@@QAE@XZ 00451b30 f i test.obj
 0002:00011be0       ??0?$_Vector_val@U?$_Simple_types@V?$basic_string@DU?$char_traits@D@std@@V?$allocator@D@2@@std@@@std@@@std@@QAE@XZ 00451be0 f i test.obj
 0002:00011ca0       ??0?$_Wrap_alloc@V?$allocator@D@std@@@std@@QAE@$$QAU01@@Z 00451ca0 f i test.obj
 0002:00011d10       ??0?$_Wrap_alloc@V?$allocator@D@std@@@std@@QAE@XZ 00451d10 f i test.obj
 0002:00011d70       ??0?$_Wrap_alloc@V?$allocator@UFORMULA2_PAIR@@@std@@@std@@QAE@$$QAU01@@Z 00451d70 f i test.obj
 0002:00011de0       ??0?$_Wrap_alloc@V?$allocator@UFORMULA_PAIR@@@std@@@std@@QAE@$$QAU01@@Z 00451de0 f i test.obj
 0002:00011e50       ??0?$_Wrap_alloc@V?$allocator@V?$basic_string@DU?$char_traits@D@std@@V?$allocator@D@2@@std@@@std@@@std@@QAE@XZ 00451e50 f i test.obj
 0002:00011eb0       ??0?$allocator@D@std@@QAE@ABV01@@Z 00451eb0 f i test.obj
 0002:00011ef0       ??0?$allocator@D@std@@QAE@XZ 00451ef0 f i test.obj
 0002:00011f30       ??0?$allocator@UFORMULA2_PAIR@@@std@@QAE@ABV01@@Z 00451f30 f i test.obj
 0002:00011f70       ??0?$allocator@UFORMULA_PAIR@@@std@@QAE@ABV01@@Z 00451f70 f i test.obj
 0002:00011fb0       ??0?$allocator@V?$basic_string@DU?$char_traits@D@std@@V?$allocator@D@2@@std@@@std@@QAE@XZ 00451fb0 f i test.obj
 0002:00011ff0       ??0?$basic_string@DU?$char_traits@D@std@@V?$allocator@D@2@@std@@QAE@$$QAV01@@Z 00451ff0 f i test.obj
 0002:000120d0       ??0?$basic_string@DU?$char_traits@D@std@@V?$allocator@D@2@@std@@QAE@PBD@Z 004520d0 f i test.obj
 0002:00012190       ??0?$deque@UFORMULA2_PAIR@@V?$allocator@UFORMULA2_PAIR@@@std@@@std@@QAE@ABV01@@Z 00452190 f i test.obj
 0002:000122d0       ??0?$deque@UFORMULA_PAIR@@V?$allocator@UFORMULA_PAIR@@@std@@@std@@QAE@ABV01@@Z 004522d0 f i test.obj
 0002:00012410       ??0?$vector@V?$basic_string@DU?$char_traits@D@std@@V?$allocator@D@2@@std@@V?$allocator@V?$basic_string@DU?$char_traits@D@std@@V?$allocator@D@2@@std@@@2@@std@@QAE@XZ 00452410 f i test.obj
 0002:000124b0       ??0Formula@@QAE@ABV0@@Z    004524b0 f i test.obj
 0002:00012690       ??0Monarch@@QAE@ABV0@@Z    00452690 f i test.obj
 0002:000128b0       ??0Physics@@QAE@ABV0@@Z    004528b0 f i test.obj
 0002:000139f0       ??0SE_Exception@@QAE@ABV0@@Z 004539f0 f i test.obj
 0002:00013a60       ??0SE_Exception@@QAE@IK@Z  00453a60 f i test.obj
 0002:00013ac0       ??0_Container_base12@std@@QAE@XZ 00453ac0 f i test.obj
 0002:00013b10       ??0_Container_proxy@std@@QAE@XZ 00453b10 f i test.obj
 0002:00013b60       ??0_Iterator_base12@std@@QAE@ABU01@@Z 00453b60 f i test.obj
 0002:00013be0       ??0_Iterator_base12@std@@QAE@XZ 00453be0 f i test.obj
 0002:00013c30       ??0fatalError@@QAE@ABV0@@Z 00453c30 f i test.obj
 0002:00013cb0       ??0qtFormula@@QAE@ABV0@@Z  00453cb0 f i test.obj
 0002:00013ed0       ??1?$_Compressed_pair@U?$_Wrap_alloc@V?$allocator@D@std@@@std@@V?$_String_val@U?$_Simple_types@D@std@@@2@$00@std@@QAE@XZ 00453ed0 f i test.obj
 0002:00013f70       ??1?$_Compressed_pair@U?$_Wrap_alloc@V?$allocator@UFORMULA2_PAIR@@@std@@@std@@V?$_Deque_val@U?$_Deque_simple_types@UFORMULA2_PAIR@@@std@@@2@$00@std@@QAE@XZ 00453f70 f i test.obj
 0002:00014010       ??1?$_Compressed_pair@U?$_Wrap_alloc@V?$allocator@UFORMULA_PAIR@@@std@@@std@@V?$_Deque_val@U?$_Deque_simple_types@UFORMULA_PAIR@@@std@@@2@$00@std@@QAE@XZ 00454010 f i test.obj
 0002:000140b0       ??1?$_Compressed_pair@U?$_Wrap_alloc@V?$allocator@V?$basic_string@DU?$char_traits@D@std@@V?$allocator@D@2@@std@@@std@@@std@@V?$_Vector_val@U?$_Simple_types@V?$basic_string@DU?$char_traits@D@std@@V?$allocator@D@2@@std@@@std@@@2@$00@std@@QAE@XZ 004540b0 f i test.obj
 0002:00014150       ??1?$_Deque_alloc@U?$_Deque_base_types@UFORMULA2_PAIR@@V?$allocator@UFORMULA2_PAIR@@@std@@@std@@@std@@QAE@XZ 00454150 f i test.obj
 0002:000141f0       ??1?$_Deque_alloc@U?$_Deque_base_types@UFORMULA_PAIR@@V?$allocator@UFORMULA_PAIR@@@std@@@std@@@std@@QAE@XZ 004541f0 f i test.obj
 0002:00014290       ??1?$_Deque_const_iterator@V?$_Deque_val@U?$_Deque_simple_types@UFORMULA2_PAIR@@@std@@@std@@@std@@QAE@XZ 00454290 f i test.obj
 0002:00014330       ??1?$_Deque_const_iterator@V?$_Deque_val@U?$_Deque_simple_types@UFORMULA_PAIR@@@std@@@std@@@std@@QAE@XZ 00454330 f i test.obj
 0002:000143d0       ??1?$_Deque_iterator@V?$_Deque_val@U?$_Deque_simple_types@UFORMULA2_PAIR@@@std@@@std@@@std@@QAE@XZ 004543d0 f i test.obj
 0002:00014470       ??1?$_Deque_iterator@V?$_Deque_val@U?$_Deque_simple_types@UFORMULA_PAIR@@@std@@@std@@@std@@QAE@XZ 00454470 f i test.obj
 0002:00014510       ??1?$_Deque_val@U?$_Deque_simple_types@UFORMULA2_PAIR@@@std@@@std@@QAE@XZ 00454510 f i test.obj
 0002:000145b0       ??1?$_Deque_val@U?$_Deque_simple_types@UFORMULA_PAIR@@@std@@@std@@QAE@XZ 004545b0 f i test.obj
 0002:00014650       ??1?$_String_alloc@U?$_String_base_types@DV?$allocator@D@std@@@std@@@std@@QAE@XZ 00454650 f i test.obj
 0002:000146f0       ??1?$_String_val@U?$_Simple_types@D@std@@@std@@QAE@XZ 004546f0 f i test.obj
 0002:00014790       ??1?$_Vector_alloc@U?$_Vec_base_types@V?$basic_string@DU?$char_traits@D@std@@V?$allocator@D@2@@std@@V?$allocator@V?$basic_string@DU?$char_traits@D@std@@V?$allocator@D@2@@std@@@2@@std@@@std@@QAE@XZ 00454790 f i test.obj
 0002:00014830       ??1?$_Vector_val@U?$_Simple_types@V?$basic_string@DU?$char_traits@D@std@@V?$allocator@D@2@@std@@@std@@@std@@QAE@XZ 00454830 f i test.obj
 0002:000148d0       ??1?$basic_string@DU?$char_traits@D@std@@V?$allocator@D@2@@std@@QAE@XZ 004548d0 f i test.obj
 0002:00014980       ??1?$deque@UFORMULA2_PAIR@@V?$allocator@UFORMULA2_PAIR@@@std@@@std@@QAE@XZ 00454980 f i test.obj
 0002:00014a20       ??1?$deque@UFORMULA_PAIR@@V?$allocator@UFORMULA_PAIR@@@std@@@std@@QAE@XZ 00454a20 f i test.obj
 0002:00014ac0       ??1?$vector@V?$basic_string@DU?$char_traits@D@std@@V?$allocator@D@2@@std@@V?$allocator@V?$basic_string@DU?$char_traits@D@std@@V?$allocator@D@2@@std@@@2@@std@@QAE@XZ 00454ac0 f i test.obj
 0002:00014b60       ??1SE_Exception@@UAE@XZ    00454b60 f i test.obj
 0002:00014ba0       ??1_Container_base12@std@@QAE@XZ 00454ba0 f i test.obj
 0002:00014c30       ??1_Iterator_base12@std@@QAE@XZ 00454c30 f i test.obj
 0002:00014d30       ??2@YAPAXIPAX@Z            00454d30 f i test.obj
 0002:00014d70       ??4?$deque@UFORMULA2_PAIR@@V?$allocator@UFORMULA2_PAIR@@@std@@@std@@QAEAAV01@ABV01@@Z 00454d70 f i test.obj
 0002:00015300       ??4?$deque@UFORMULA_PAIR@@V?$allocator@UFORMULA_PAIR@@@std@@@std@@QAEAAV01@ABV01@@Z 00455300 f i test.obj
 0002:00015890       ??4Formula@@QAEAAV0@ABV0@@Z 00455890 f i test.obj
 0002:00015a40       ??4Monarch@@QAEAAV0@ABV0@@Z 00455a40 f i test.obj
 0002:00015c50       ??4Physics@@QAEAAV0@ABV0@@Z 00455c50 f i test.obj
 0002:00016d60       ??4_Iterator_base12@std@@QAEAAU01@ABU01@@Z 00456d60 f i test.obj
 0002:00016ea0       ??4qtFormula@@QAEAAV0@ABV0@@Z 00456ea0 f i test.obj
 0002:00017090       ??8?$_Deque_const_iterator@V?$_Deque_val@U?$_Deque_simple_types@UFORMULA2_PAIR@@@std@@@std@@@std@@QBE_NABV01@@Z 00457090 f i test.obj
 0002:00017120       ??8?$_Deque_const_iterator@V?$_Deque_val@U?$_Deque_simple_types@UFORMULA_PAIR@@@std@@@std@@@std@@QBE_NABV01@@Z 00457120 f i test.obj
 0002:000171b0       ??8?$_Deque_unchecked_const_iterator@V?$_Deque_val@U?$_Deque_simple_types@UFORMULA2_PAIR@@@std@@@std@@@std@@QBE_NABV01@@Z 004571b0 f i test.obj
 0002:00017220       ??8?$_Deque_unchecked_const_iterator@V?$_Deque_val@U?$_Deque_simple_types@UFORMULA_PAIR@@@std@@@std@@@std@@QBE_NABV01@@Z 00457220 f i test.obj
 0002:00017290       ??9?$_Deque_const_iterator@V?$_Deque_val@U?$_Deque_simple_types@UFORMULA2_PAIR@@@std@@@std@@@std@@QBE_NABV01@@Z 00457290 f i test.obj
 0002:00017320       ??9?$_Deque_const_iterator@V?$_Deque_val@U?$_Deque_simple_types@UFORMULA_PAIR@@@std@@@std@@@std@@QBE_NABV01@@Z 00457320 f i test.obj
 0002:000173b0       ??9?$_Deque_unchecked_const_iterator@V?$_Deque_val@U?$_Deque_simple_types@UFORMULA2_PAIR@@@std@@@std@@@std@@QBE_NABV01@@Z 004573b0 f i test.obj
 0002:00017440       ??9?$_Deque_unchecked_const_iterator@V?$_Deque_val@U?$_Deque_simple_types@UFORMULA_PAIR@@@std@@@std@@@std@@QBE_NABV01@@Z 00457440 f i test.obj
 0002:000174d0       ??A?$vector@V?$basic_string@DU?$char_traits@D@std@@V?$allocator@D@2@@std@@V?$allocator@V?$basic_string@DU?$char_traits@D@std@@V?$allocator@D@2@@std@@@2@@std@@QAEAAV?$basic_string@DU?$char_traits@D@std@@V?$allocator@D@2@@1@I@Z 004574d0 f i test.obj
 0002:000175f0       ??D?$_Deque_const_iterator@V?$_Deque_val@U?$_Deque_simple_types@UFORMULA2_PAIR@@@std@@@std@@@std@@QBEABUFORMULA2_PAIR@@XZ 004575f0 f i test.obj
 0002:00017770       ??D?$_Deque_const_iterator@V?$_Deque_val@U?$_Deque_simple_types@UFORMULA_PAIR@@@std@@@std@@@std@@QBEABUFORMULA_PAIR@@XZ 00457770 f i test.obj
 0002:000178f0       ??D?$_Deque_unchecked_const_iterator@V?$_Deque_val@U?$_Deque_simple_types@UFORMULA2_PAIR@@@std@@@std@@@std@@QBEABUFORMULA2_PAIR@@XZ 004578f0 f i test.obj
 0002:00017980       ??D?$_Deque_unchecked_const_iterator@V?$_Deque_val@U?$_Deque_simple_types@UFORMULA_PAIR@@@std@@@std@@@std@@QBEABUFORMULA_PAIR@@XZ 00457980 f i test.obj
 0002:00017a10       ??D?$_Deque_unchecked_iterator@V?$_Deque_val@U?$_Deque_simple_types@UFORMULA2_PAIR@@@std@@@std@@@std@@QBEAAUFORMULA2_PAIR@@XZ 00457a10 f i test.obj
 0002:00017a60       ??D?$_Deque_unchecked_iterator@V?$_Deque_val@U?$_Deque_simple_types@UFORMULA_PAIR@@@std@@@std@@@std@@QBEAAUFORMULA_PAIR@@XZ 00457a60 f i test.obj
 0002:00017ab0       ??E?$_Deque_const_iterator@V?$_Deque_val@U?$_Deque_simple_types@UFORMULA2_PAIR@@@std@@@std@@@std@@QAEAAV01@XZ 00457ab0 f i test.obj
 0002:00017bf0       ??E?$_Deque_const_iterator@V?$_Deque_val@U?$_Deque_simple_types@UFORMULA_PAIR@@@std@@@std@@@std@@QAEAAV01@XZ 00457bf0 f i test.obj
 0002:00017d30       ??E?$_Deque_unchecked_const_iterator@V?$_Deque_val@U?$_Deque_simple_types@UFORMULA2_PAIR@@@std@@@std@@@std@@QAEAAV01@XZ 00457d30 f i test.obj
 0002:00017d80       ??E?$_Deque_unchecked_const_iterator@V?$_Deque_val@U?$_Deque_simple_types@UFORMULA_PAIR@@@std@@@std@@@std@@QAEAAV01@XZ 00457d80 f i test.obj
 0002:00017dd0       ??E?$_Deque_unchecked_iterator@V?$_Deque_val@U?$_Deque_simple_types@UFORMULA2_PAIR@@@std@@@std@@@std@@QAEAAV01@XZ 00457dd0 f i test.obj
 0002:00017e30       ??E?$_Deque_unchecked_iterator@V?$_Deque_val@U?$_Deque_simple_types@UFORMULA_PAIR@@@std@@@std@@@std@@QAEAAV01@XZ 00457e30 f i test.obj
 0002:00017e90       ??F?$_Deque_unchecked_const_iterator@V?$_Deque_val@U?$_Deque_simple_types@UFORMULA2_PAIR@@@std@@@std@@@std@@QAEAAV01@XZ 00457e90 f i test.obj
 0002:00017ee0       ??F?$_Deque_unchecked_const_iterator@V?$_Deque_val@U?$_Deque_simple_types@UFORMULA_PAIR@@@std@@@std@@@std@@QAEAAV01@XZ 00457ee0 f i test.obj
 0002:00017f30       ??F?$_Deque_unchecked_iterator@V?$_Deque_val@U?$_Deque_simple_types@UFORMULA2_PAIR@@@std@@@std@@@std@@QAEAAV01@XZ 00457f30 f i test.obj
 0002:00017f90       ??F?$_Deque_unchecked_iterator@V?$_Deque_val@U?$_Deque_simple_types@UFORMULA_PAIR@@@std@@@std@@@std@@QAEAAV01@XZ 00457f90 f i test.obj
 0002:00017ff0       ??G?$_Deque_const_iterator@V?$_Deque_val@U?$_Deque_simple_types@UFORMULA2_PAIR@@@std@@@std@@@std@@QBEHABV01@@Z 00457ff0 f i test.obj
 0002:000180a0       ??G?$_Deque_const_iterator@V?$_Deque_val@U?$_Deque_simple_types@UFORMULA_PAIR@@@std@@@std@@@std@@QBEHABV01@@Z 004580a0 f i test.obj
 0002:00018150       ??G?$_Deque_iterator@V?$_Deque_val@U?$_Deque_simple_types@UFORMULA2_PAIR@@@std@@@std@@@std@@QBE?AV01@H@Z 00458150 f i test.obj
 0002:00018270       ??G?$_Deque_iterator@V?$_Deque_val@U?$_Deque_simple_types@UFORMULA2_PAIR@@@std@@@std@@@std@@QBEHABV?$_Deque_const_iterator@V?$_Deque_val@U?$_Deque_simple_types@UFORMULA2_PAIR@@@std@@@std@@@1@@Z 00458270 f i test.obj
 0002:000182d0       ??G?$_Deque_iterator@V?$_Deque_val@U?$_Deque_simple_types@UFORMULA_PAIR@@@std@@@std@@@std@@QBE?AV01@H@Z 004582d0 f i test.obj
 0002:000183f0       ??G?$_Deque_iterator@V?$_Deque_val@U?$_Deque_simple_types@UFORMULA_PAIR@@@std@@@std@@@std@@QBEHABV?$_Deque_const_iterator@V?$_Deque_val@U?$_Deque_simple_types@UFORMULA_PAIR@@@std@@@std@@@1@@Z 004583f0 f i test.obj
 0002:00018450       ??G?$_Deque_unchecked_const_iterator@V?$_Deque_val@U?$_Deque_simple_types@UFORMULA2_PAIR@@@std@@@std@@@std@@QBEHABV01@@Z 00458450 f i test.obj
 0002:000184e0       ??G?$_Deque_unchecked_const_iterator@V?$_Deque_val@U?$_Deque_simple_types@UFORMULA_PAIR@@@std@@@std@@@std@@QBEHABV01@@Z 004584e0 f i test.obj
 0002:00018570       ??G?$_Deque_unchecked_iterator@V?$_Deque_val@U?$_Deque_simple_types@UFORMULA2_PAIR@@@std@@@std@@@std@@QBEHABV?$_Deque_unchecked_const_iterator@V?$_Deque_val@U?$_Deque_simple_types@UFORMULA2_PAIR@@@std@@@std@@@1@@Z 00458570 f i test.obj
 0002:000185d0       ??G?$_Deque_unchecked_iterator@V?$_Deque_val@U?$_Deque_simple_types@UFORMULA_PAIR@@@std@@@std@@@std@@QBEHABV?$_Deque_unchecked_const_iterator@V?$_Deque_val@U?$_Deque_simple_types@UFORMULA_PAIR@@@std@@@std@@@1@@Z 004585d0 f i test.obj
 0002:00018630       ??H?$_Deque_const_iterator@V?$_Deque_val@U?$_Deque_simple_types@UFORMULA2_PAIR@@@std@@@std@@@std@@QBE?AV01@H@Z 00458630 f i test.obj
 0002:00018750       ??H?$_Deque_const_iterator@V?$_Deque_val@U?$_Deque_simple_types@UFORMULA_PAIR@@@std@@@std@@@std@@QBE?AV01@H@Z 00458750 f i test.obj
 0002:00018870       ??H?$_Deque_iterator@V?$_Deque_val@U?$_Deque_simple_types@UFORMULA2_PAIR@@@std@@@std@@@std@@QBE?AV01@H@Z 00458870 f i test.obj
 0002:00018990       ??H?$_Deque_iterator@V?$_Deque_val@U?$_Deque_simple_types@UFORMULA_PAIR@@@std@@@std@@@std@@QBE?AV01@H@Z 00458990 f i test.obj
 0002:00018ab0       ??H?$_Deque_unchecked_iterator@V?$_Deque_val@U?$_Deque_simple_types@UFORMULA2_PAIR@@@std@@@std@@@std@@QBE?AV01@H@Z 00458ab0 f i test.obj
 0002:00018b60       ??H?$_Deque_unchecked_iterator@V?$_Deque_val@U?$_Deque_simple_types@UFORMULA_PAIR@@@std@@@std@@@std@@QBE?AV01@H@Z 00458b60 f i test.obj
 0002:00018c10       ??M?$_Deque_const_iterator@V?$_Deque_val@U?$_Deque_simple_types@UFORMULA2_PAIR@@@std@@@std@@@std@@QBE_NABV01@@Z 00458c10 f i test.obj
 0002:00018ca0       ??M?$_Deque_const_iterator@V?$_Deque_val@U?$_Deque_simple_types@UFORMULA_PAIR@@@std@@@std@@@std@@QBE_NABV01@@Z 00458ca0 f i test.obj
 0002:00018d30       ??M?$_Deque_unchecked_const_iterator@V?$_Deque_val@U?$_Deque_simple_types@UFORMULA2_PAIR@@@std@@@std@@@std@@QBE_NABV01@@Z 00458d30 f i test.obj
 0002:00018da0       ??M?$_Deque_unchecked_const_iterator@V?$_Deque_val@U?$_Deque_simple_types@UFORMULA_PAIR@@@std@@@std@@@std@@QBE_NABV01@@Z 00458da0 f i test.obj
 0002:00018e10       ??Y?$_Deque_const_iterator@V?$_Deque_val@U?$_Deque_simple_types@UFORMULA2_PAIR@@@std@@@std@@@std@@QAEAAV01@H@Z 00458e10 f i test.obj
 0002:00018f70       ??Y?$_Deque_const_iterator@V?$_Deque_val@U?$_Deque_simple_types@UFORMULA_PAIR@@@std@@@std@@@std@@QAEAAV01@H@Z 00458f70 f i test.obj
 0002:000190d0       ??Y?$_Deque_iterator@V?$_Deque_val@U?$_Deque_simple_types@UFORMULA2_PAIR@@@std@@@std@@@std@@QAEAAV01@H@Z 004590d0 f i test.obj
 0002:00019120       ??Y?$_Deque_iterator@V?$_Deque_val@U?$_Deque_simple_types@UFORMULA_PAIR@@@std@@@std@@@std@@QAEAAV01@H@Z 00459120 f i test.obj
 0002:00019170       ??Y?$_Deque_unchecked_const_iterator@V?$_Deque_val@U?$_Deque_simple_types@UFORMULA2_PAIR@@@std@@@std@@@std@@QAEAAV01@H@Z 00459170 f i test.obj
 0002:000191c0       ??Y?$_Deque_unchecked_const_iterator@V?$_Deque_val@U?$_Deque_simple_types@UFORMULA_PAIR@@@std@@@std@@@std@@QAEAAV01@H@Z 004591c0 f i test.obj
 0002:00019210       ??Y?$_Deque_unchecked_iterator@V?$_Deque_val@U?$_Deque_simple_types@UFORMULA2_PAIR@@@std@@@std@@@std@@QAEAAV01@H@Z 00459210 f i test.obj
 0002:00019270       ??Y?$_Deque_unchecked_iterator@V?$_Deque_val@U?$_Deque_simple_types@UFORMULA_PAIR@@@std@@@std@@@std@@QAEAAV01@H@Z 00459270 f i test.obj
 0002:000192d0       ??Z?$_Deque_iterator@V?$_Deque_val@U?$_Deque_simple_types@UFORMULA2_PAIR@@@std@@@std@@@std@@QAEAAV01@H@Z 004592d0 f i test.obj
 0002:00019330       ??Z?$_Deque_iterator@V?$_Deque_val@U?$_Deque_simple_types@UFORMULA_PAIR@@@std@@@std@@@std@@QAEAAV01@H@Z 00459330 f i test.obj
 0002:00019390       ??_EFormula@@UAEPAXI@Z     00459390 f i test.obj
 0002:000194a0       ??_EMonarch@@UAEPAXI@Z     004594a0 f i test.obj
 0002:000195b0       ??_EPhysics@@UAEPAXI@Z     004595b0 f i test.obj
 0002:000196c0       ??_EfatalError@@UAEPAXI@Z  004596c0 f i test.obj
 0002:000197d0       ??_EqtFormula@@UAEPAXI@Z   004597d0 f i test.obj
 0002:000198e0       ??_FANT@RACERMATE@@QAEXXZ  004598e0 f i test.obj
 0002:00019940       ??_FFormula@@QAEXXZ        00459940 f i test.obj
 0002:000199a0       ??_FMonarch@@QAEXXZ        004599a0 f i test.obj
 0002:00019a10       ??_FfastTimer@@QAEXXZ      00459a10 f i test.obj
 0002:00019a70       ??_FqtFormula@@QAEXXZ      00459a70 f i test.obj
 0002:00019ad0       ??_G?$basic_string@DU?$char_traits@D@std@@V?$allocator@D@2@@std@@QAEPAXI@Z 00459ad0 f i test.obj
 0002:00019b40       ??_GFormula@@UAEPAXI@Z     00459b40 f i test.obj
 0002:00019bc0       ??_GMonarch@@UAEPAXI@Z     00459bc0 f i test.obj
 0002:00019c40       ??_GPhysics@@UAEPAXI@Z     00459c40 f i test.obj
 0002:00019cc0       ??_GSE_Exception@@UAEPAXI@Z 00459cc0 f i test.obj
 0002:00019cc0       ??_ESE_Exception@@UAEPAXI@Z 00459cc0 f i test.obj
 0002:00019d30       ??_GfatalError@@UAEPAXI@Z  00459d30 f i test.obj
[...]
 0005:00000790       __imp__SHGetFolderPathW@20 004f3790     shell32:SHELL32.dll
 0005:00000794       \177SHELL32_NULL_THUNK_DATA 004f3794     shell32:SHELL32.dll
 0005:000007c0       __imp__PathIsDirectoryA@4  004f37c0     shlwapi:SHLWAPI.dll
 0005:000007c4       \177SHLWAPI_NULL_THUNK_DATA 004f37c4     shlwapi:SHLWAPI.dll
 0005:000007f0       __imp__GetActiveWindow@0   004f37f0     user32:USER32.dll
 0005:000007f4       __imp__MessageBoxA@16      004f37f4     user32:USER32.dll
 0005:000007f8       __imp__LoadImageA@24       004f37f8     user32:USER32.dll
 0005:000007fc       __imp__FindWindowA@8       004f37fc     user32:USER32.dll
 0005:00000800       __imp__GetWindowLongA@8    004f3800     user32:USER32.dll
 0005:00000804       __imp__CopyRect@8          004f3804     user32:USER32.dll
 0005:00000808       __imp__SetRect@20          004f3808     user32:USER32.dll
 0005:0000080c       __imp__ShowCursor@4        004f380c     user32:USER32.dll
 0005:00000810       __imp__AdjustWindowRectEx@16 004f3810     user32:USER32.dll
 0005:00000814       __imp__GetWindowRect@8     004f3814     user32:USER32.dll
 0005:00000818       __imp__GetClientRect@8     004f3818     user32:USER32.dll
 0005:0000081c       __imp__InvalidateRect@12   004f381c     user32:USER32.dll
 0005:00000820       __imp__UpdateWindow@4      004f3820     user32:USER32.dll
 0005:00000824       __imp__GetMenu@4           004f3824     user32:USER32.dll
 0005:00000828       __imp__GetSystemMetrics@4  004f3828     user32:USER32.dll
 0005:0000082c       __imp__SetWindowPos@28     004f382c     user32:USER32.dll
 0005:00000830       __imp__MoveWindow@24       004f3830     user32:USER32.dll
 0005:00000834       \177USER32_NULL_THUNK_DATA 004f3834     user32:USER32.dll
 0005:0000086c       __imp____telemetry_main_return_trigger 004f386c     vcruntimed:VCRUNTIME140D.dll
 0005:00000870       __imp___set_se_translator  004f3870     vcruntimed:VCRUNTIME140D.dll
 0005:00000874       __imp__memcmp              004f3874     vcruntimed:VCRUNTIME140D.dll
 0005:00000878       __imp__memcpy              004f3878     vcruntimed:VCRUNTIME140D.dll
 0005:0000087c       __imp__memmove             004f387c     vcruntimed:VCRUNTIME140D.dll
 0005:00000880       __imp__memset              004f3880     vcruntimed:VCRUNTIME140D.dll
 0005:00000884       __imp__strstr              004f3884     vcruntimed:VCRUNTIME140D.dll
 0005:00000888       __imp___CxxThrowException@8 004f3888     vcruntimed:VCRUNTIME140D.dll
 0005:0000088c       __imp____CxxFrameHandler3  004f388c     vcruntimed:VCRUNTIME140D.dll
 0005:00000890       __imp____telemetry_main_invoke_trigger 004f3890     vcruntimed:VCRUNTIME140D.dll
 0005:00000894       __imp____vcrt_InitializeCriticalSectionEx 004f3894     vcruntimed:VCRUNTIME140D.dll
 0005:00000898       __imp___except_handler4_common 004f3898     vcruntimed:VCRUNTIME140D.dll
 0005:0000089c       __imp____std_exception_copy 004f389c     vcruntimed:VCRUNTIME140D.dll
 0005:000008a0       __imp____std_exception_destroy 004f38a0     vcruntimed:VCRUNTIME140D.dll
 0005:000008a4       __imp____vcrt_GetModuleFileNameW 004f38a4     vcruntimed:VCRUNTIME140D.dll
 0005:000008a8       __imp____vcrt_GetModuleHandleW 004f38a8     vcruntimed:VCRUNTIME140D.dll
 0005:000008ac       __imp____vcrt_LoadLibraryExW 004f38ac     vcruntimed:VCRUNTIME140D.dll
 0005:000008b0       __imp____std_type_info_destroy_list 004f38b0     vcruntimed:VCRUNTIME140D.dll
 0005:000008b4       \177VCRUNTIME140D_NULL_THUNK_DATA 004f38b4     vcruntimed:VCRUNTIME140D.dll
 0005:000008ec       __imp__timeGetTime@0       004f38ec     winmm:WINMM.dll
 0005:000008f0       \177WINMM_NULL_THUNK_DATA  004f38f0     winmm:WINMM.dll
 0005:0000091c       __imp__get_udpkey          004f391c     racermate:racermate.dll
 0005:00000920       __imp__GetTrainerData      004f3920     racermate:racermate.dll
 0005:00000924       __imp__get_ss_data         004f3924     racermate:racermate.dll
 0005:00000928       __imp__GetRacerMateDeviceID 004f3928     racermate:racermate.dll
 0005:0000092c       __imp__GetFirmWareVersion  004f392c     racermate:racermate.dll
 0005:00000930       __imp__get_status_bits     004f3930     racermate:racermate.dll
 0005:00000934       __imp__SetSlope            004f3934     racermate:racermate.dll
 0005:00000938       __imp__GetCalibration      004f3938     racermate:racermate.dll
 0005:0000093c       __imp__get_average_bars    004f393c     racermate:racermate.dll
 0005:00000940       __imp__setPause            004f3940     racermate:racermate.dll
 0005:00000944       __imp__stopTrainer         004f3944     racermate:racermate.dll
 0005:00000948       __imp__ResettoIdle         004f3948     racermate:racermate.dll
 0005:0000094c       __imp__Setlogfilepath      004f394c     racermate:racermate.dll
 0005:00000950       __imp__Enablelogs          004f3950     racermate:racermate.dll
 0005:00000954       __imp__get_dll_version     004f3954     racermate:racermate.dll
 0005:00000958       __imp__GetAPIVersion       004f3958     racermate:racermate.dll
 0005:0000095c       __imp__get_build_date      004f395c     racermate:racermate.dll
 0005:00000960       __imp__racermate_init      004f3960     racermate:racermate.dll
 0005:00000964       __imp__start_server        004f3964     racermate:racermate.dll
 0005:00000968       __imp__start_ant           004f3968     racermate:racermate.dll
 0005:0000096c       __imp__stop_ant            004f396c     racermate:racermate.dll
 0005:00000970       __imp__get_ant_sensors_string 004f3970     racermate:racermate.dll
 0005:00000974       __imp__get_ant_sensors     004f3974     racermate:racermate.dll
 0005:00000978       __imp__get_ant_hr          004f3978     racermate:racermate.dll
 0005:0000097c       __imp__associate           004f397c     racermate:racermate.dll
 0005:00000980       __imp__unassociate         004f3980     racermate:racermate.dll
 0005:00000984       __imp__stop_server         004f3984     racermate:racermate.dll
 0005:00000988       __imp__racermate_close     004f3988     racermate:racermate.dll
 0005:0000098c       __imp__get_rs232_ports     004f398c     racermate:racermate.dll
 0005:00000990       __imp__get_udp_trainers    004f3990     racermate:racermate.dll
 0005:00000994       __imp__getPortNames        004f3994     racermate:racermate.dll
 0005:00000998       __imp__get_n_udp_clients   004f3998     racermate:racermate.dll
 0005:0000099c       __imp__get_n_devices       004f399c     racermate:racermate.dll
 0005:000009a0       __imp__GetHandleBarButtons 004f39a0     racermate:racermate.dll
 0005:000009a4       __imp__SetErgModeLoad      004f39a4     racermate:racermate.dll
 0005:000009a8       __imp__SetRecalibrationMode 004f39a8     racermate:racermate.dll
 0005:000009ac       __imp__EndRecalibrationMode 004f39ac     racermate:racermate.dll
 0005:000009b0       __imp__GetCurrentVTGear    004f39b0     racermate:racermate.dll
 0005:000009b4       __imp__setGear             004f39b4     racermate:racermate.dll
 0005:000009b8       __imp__get_bars            004f39b8     racermate:racermate.dll
 0005:000009bc       __imp__get_comstats        004f39bc     racermate:racermate.dll
 0005:000009c0       __imp__ResetAlltoIdle      004f39c0     racermate:racermate.dll
 0005:000009c4       __imp__set_wind            004f39c4     racermate:racermate.dll
 0005:000009c8       __imp__set_draftwind       004f39c8     racermate:racermate.dll
 0005:000009cc       __imp__set_ftp             004f39cc     racermate:racermate.dll
 0005:000009d0       __imp__get_np              004f39d0     racermate:racermate.dll
 0005:000009d4       __imp__get_if              004f39d4     racermate:racermate.dll
 0005:000009d8       __imp__get_tss             004f39d8     racermate:racermate.dll
 0005:000009dc       __imp__calc_tp             004f39dc     racermate:racermate.dll
 0005:000009e0       __imp_??0ANT@RACERMATE@@QAE@PAVQObject@@@Z 004f39e0     racermate:racermate.dll
 0005:000009e4       __imp_?check_maps@@YAHPBD@Z 004f39e4     racermate:racermate.dll
 0005:000009e8       __imp__startTrainer        004f39e8     racermate:racermate.dll
 0005:000009ec       __imp__GetIsCalibrated     004f39ec     racermate:racermate.dll
 0005:000009f0       __imp__resetTrainer        004f39f0     racermate:racermate.dll
 0005:000009f4       __imp__ResetAverages       004f39f4     racermate:racermate.dll
 0005:000009f8       __imp__SetHRBeepBounds     004f39f8     racermate:racermate.dll
 0005:000009fc       __imp__SetVelotronParameters 004f39fc     racermate:racermate.dll
 0005:00000a00       __imp_??0LPFilter@@QAE@H@Z 004f3a00     racermate:racermate.dll
 0005:00000a04       __imp_?calc@LPFilter@@QAENNH@Z 004f3a04     racermate:racermate.dll
 0005:00000a08       __imp_?setfval@LPFilter@@QAEXN@Z 004f3a08     racermate:racermate.dll
 0005:00000a0c       __imp__get_errstr          004f3a0c     racermate:racermate.dll
 0005:00000a10       \177racermate_NULL_THUNK_DATA 004f3a10     racermate:racermate.dll
 0005:00000a6c       __imp__fgetc               004f3a6c     ucrtd:ucrtbased.dll
 0005:00000a70       __imp__rand                004f3a70     ucrtd:ucrtbased.dll
 0005:00000a74       __imp__srand               004f3a74     ucrtd:ucrtbased.dll
 0005:00000a78       __imp__malloc              004f3a78     ucrtd:ucrtbased.dll
 0005:00000a7c       __imp__free                004f3a7c     ucrtd:ucrtbased.dll
 0005:00000a80       __imp___time64             004f3a80     ucrtd:ucrtbased.dll
 0005:00000a84       __imp__sqrt                004f3a84     ucrtd:ucrtbased.dll
 0005:00000a88       __imp__sin                 004f3a88     ucrtd:ucrtbased.dll
 0005:00000a8c       __imp__pow                 004f3a8c     ucrtd:ucrtbased.dll
 0005:00000a90       __imp__fabs                004f3a90     ucrtd:ucrtbased.dll
 0005:00000a94       __imp__exp                 004f3a94     ucrtd:ucrtbased.dll
 0005:00000a98       __imp__acos                004f3a98     ucrtd:ucrtbased.dll
 0005:00000a9c       __imp__strncat             004f3a9c     ucrtd:ucrtbased.dll
 0005:00000aa0       __imp____stdio_common_vsscanf 004f3aa0     ucrtd:ucrtbased.dll
 0005:00000aa4       __imp__fgets               004f3aa4     ucrtd:ucrtbased.dll
 0005:00000aa8       __imp__atoi                004f3aa8     ucrtd:ucrtbased.dll
 0005:00000aac       __imp__atof                004f3aac     ucrtd:ucrtbased.dll
 0005:00000ab0       __imp___wassert            004f3ab0     ucrtd:ucrtbased.dll
 0005:00000ab4       __imp___set_new_mode       004f3ab4     ucrtd:ucrtbased.dll
 0005:00000ab8       __imp___set_new_handler    004f3ab8     ucrtd:ucrtbased.dll
 0005:00000abc       __imp___CrtSetReportMode   004f3abc     ucrtd:ucrtbased.dll
 0005:00000ac0       __imp__fputc               004f3ac0     ucrtd:ucrtbased.dll
 0005:00000ac4       __imp___CrtSetDbgFlag      004f3ac4     ucrtd:ucrtbased.dll
 0005:00000ac8       __imp___CrtMemDumpStatistics 004f3ac8     ucrtd:ucrtbased.dll
 0005:00000acc       __imp___CrtMemDifference   004f3acc     ucrtd:ucrtbased.dll
 0005:00000ad0       __imp___CrtMemCheckpoint   004f3ad0     ucrtd:ucrtbased.dll
 0005:00000ad4       __imp___CrtDumpMemoryLeaks 004f3ad4     ucrtd:ucrtbased.dll
 0005:00000ad8       __imp___CrtCheckMemory     004f3ad8     ucrtd:ucrtbased.dll
 0005:00000adc       __imp__strtok              004f3adc     ucrtd:ucrtbased.dll
 0005:00000ae0       __imp__strncpy             004f3ae0     ucrtd:ucrtbased.dll
 0005:00000ae4       __imp__strlen              004f3ae4     ucrtd:ucrtbased.dll
 0005:00000ae8       __imp__strcpy              004f3ae8     ucrtd:ucrtbased.dll
 0005:00000aec       __imp__strcmp              004f3aec     ucrtd:ucrtbased.dll
 0005:00000af0       __imp__strcat              004f3af0     ucrtd:ucrtbased.dll
 0005:00000af4       __imp____stdio_common_vsprintf 004f3af4     ucrtd:ucrtbased.dll
 0005:00000af8       __imp____stdio_common_vfprintf 004f3af8     ucrtd:ucrtbased.dll
 0005:00000afc       __imp__fopen               004f3afc     ucrtd:ucrtbased.dll
 0005:00000b00       __imp__fflush              004f3b00     ucrtd:ucrtbased.dll
 0005:00000b04       __imp__fclose              004f3b04     ucrtd:ucrtbased.dll
 0005:00000b08       __imp____stdio_common_vswprintf 004f3b08     ucrtd:ucrtbased.dll
 0005:00000b0c       __imp____acrt_iob_func     004f3b0c     ucrtd:ucrtbased.dll
 0005:00000b10       __imp__wcstombs            004f3b10     ucrtd:ucrtbased.dll
 0005:00000b14       __imp___set_invalid_parameter_handler 004f3b14     ucrtd:ucrtbased.dll
 0005:00000b18       __imp___invalid_parameter  004f3b18     ucrtd:ucrtbased.dll
 0005:00000b1c       __imp__fread               004f3b1c     ucrtd:ucrtbased.dll
 0005:00000b20       __imp__fseek               004f3b20     ucrtd:ucrtbased.dll
 0005:00000b24       __imp__ftell               004f3b24     ucrtd:ucrtbased.dll
 0005:00000b28       __imp__fwrite              004f3b28     ucrtd:ucrtbased.dll
 0005:00000b2c       __imp__getc                004f3b2c     ucrtd:ucrtbased.dll
 0005:00000b30       __imp__putc                004f3b30     ucrtd:ucrtbased.dll
 0005:00000b34       __imp__rename              004f3b34     ucrtd:ucrtbased.dll
 0005:00000b38       __imp__isdigit             004f3b38     ucrtd:ucrtbased.dll
 0005:00000b3c       __imp__isxdigit            004f3b3c     ucrtd:ucrtbased.dll
 0005:00000b40       __imp__toupper             004f3b40     ucrtd:ucrtbased.dll
 0005:00000b44       __imp__tolower             004f3b44     ucrtd:ucrtbased.dll
 0005:00000b48       __imp__qsort               004f3b48     ucrtd:ucrtbased.dll
 0005:00000b4c       __imp___beginthread        004f3b4c     ucrtd:ucrtbased.dll
 0005:00000b50       __imp___endthread          004f3b50     ucrtd:ucrtbased.dll
 0005:00000b54       __imp__log10               004f3b54     ucrtd:ucrtbased.dll
 0005:00000b58       __imp__ceil                004f3b58     ucrtd:ucrtbased.dll
 0005:00000b5c       __imp__floor               004f3b5c     ucrtd:ucrtbased.dll
 0005:00000b60       __imp__wcslen              004f3b60     ucrtd:ucrtbased.dll
 0005:00000b64       __imp___heapwalk           004f3b64     ucrtd:ucrtbased.dll
 0005:00000b68       __imp___CrtDbgReport       004f3b68     ucrtd:ucrtbased.dll
 0005:00000b6c       __imp____daylight          004f3b6c     ucrtd:ucrtbased.dll
 0005:00000b70       __imp____timezone          004f3b70     ucrtd:ucrtbased.dll
 0005:00000b74       __imp___tzset              004f3b74     ucrtd:ucrtbased.dll
 0005:00000b78       __imp__terminate           004f3b78     ucrtd:ucrtbased.dll
 0005:00000b7c       __imp___callnewh           004f3b7c     ucrtd:ucrtbased.dll
 0005:00000b80       __imp___free_dbg           004f3b80     ucrtd:ucrtbased.dll
 0005:00000b84       __imp___seh_filter_dll     004f3b84     ucrtd:ucrtbased.dll
 0005:00000b88       __imp___configure_narrow_argv 004f3b88     ucrtd:ucrtbased.dll
 0005:00000b8c       __imp___initialize_narrow_environment 004f3b8c     ucrtd:ucrtbased.dll
 0005:00000b90       __imp___initialize_onexit_table 004f3b90     ucrtd:ucrtbased.dll
 0005:00000b94       __imp___register_onexit_function 004f3b94     ucrtd:ucrtbased.dll
 0005:00000b98       __imp___execute_onexit_table 004f3b98     ucrtd:ucrtbased.dll
 0005:00000b9c       __imp___crt_atexit         004f3b9c     ucrtd:ucrtbased.dll
 0005:00000ba0       __imp___crt_at_quick_exit  004f3ba0     ucrtd:ucrtbased.dll
 0005:00000ba4       __imp___cexit              004f3ba4     ucrtd:ucrtbased.dll
 0005:00000ba8       __imp____stdio_common_vsprintf_s 004f3ba8     ucrtd:ucrtbased.dll
 0005:00000bac       __imp___seh_filter_exe     004f3bac     ucrtd:ucrtbased.dll
 0005:00000bb0       __imp___set_app_type       004f3bb0     ucrtd:ucrtbased.dll
 0005:00000bb4       __imp____setusermatherr    004f3bb4     ucrtd:ucrtbased.dll
 0005:00000bb8       __imp___get_initial_narrow_environment 004f3bb8     ucrtd:ucrtbased.dll
 0005:00000bbc       __imp___initterm           004f3bbc     ucrtd:ucrtbased.dll
 0005:00000bc0       __imp___initterm_e         004f3bc0     ucrtd:ucrtbased.dll
 0005:00000bc4       __imp__exit                004f3bc4     ucrtd:ucrtbased.dll
 0005:00000bc8       __imp___exit               004f3bc8     ucrtd:ucrtbased.dll
 0005:00000bcc       __imp___set_fmode          004f3bcc     ucrtd:ucrtbased.dll
 0005:00000bd0       __imp____p___argc          004f3bd0     ucrtd:ucrtbased.dll
 0005:00000bd4       __imp____p___argv          004f3bd4     ucrtd:ucrtbased.dll
 0005:00000bd8       __imp___c_exit             004f3bd8     ucrtd:ucrtbased.dll
 0005:00000bdc       __imp___register_thread_local_exe_atexit_callback 004f3bdc     ucrtd:ucrtbased.dll
 0005:00000be0       __imp___configthreadlocale 004f3be0     ucrtd:ucrtbased.dll
 0005:00000be4       __imp____p__commode        004f3be4     ucrtd:ucrtbased.dll
 0005:00000be8       __imp___except1            004f3be8     ucrtd:ucrtbased.dll
 0005:00000bec       __imp___wmakepath_s        004f3bec     ucrtd:ucrtbased.dll
 0005:00000bf0       __imp___wsplitpath_s       004f3bf0     ucrtd:ucrtbased.dll
 0005:00000bf4       __imp__wcscpy_s            004f3bf4     ucrtd:ucrtbased.dll
 0005:00000bf8       __imp___controlfp_s        004f3bf8     ucrtd:ucrtbased.dll
 0005:00000bfc       __imp__getch               004f3bfc     ucrtd:ucrtbased.dll
 0005:00000bfc       __imp___getch              004f3bfc     ucrtd:ucrtbased.dll
 0005:00000c00       __imp__kbhit               004f3c00     ucrtd:ucrtbased.dll
 0005:00000c00       __imp___kbhit              004f3c00     ucrtd:ucrtbased.dll
 0005:00000c04       __imp___unlink             004f3c04     ucrtd:ucrtbased.dll
 0005:00000c04       __imp__unlink              004f3c04     ucrtd:ucrtbased.dll
 0005:00000c08       __imp__strupr              004f3c08     ucrtd:ucrtbased.dll
 0005:00000c08       __imp___strupr             004f3c08     ucrtd:ucrtbased.dll
 0005:00000c0c       __imp___CrtDbgReportW      004f3c0c     ucrtd:ucrtbased.dll
 0005:00000c10       __imp__cos                 004f3c10     ucrtd:ucrtbased.dll
 0005:00000c14       \177ucrtbased_NULL_THUNK_DATA 004f3c14     ucrtd:ucrtbased.dll
 0005:00000c94       __IMPORT_DESCRIPTOR_WINMM  004f3c94     winmm:WINMM.dll
 0005:00000ca8       __IMPORT_DESCRIPTOR_Qt5Cored 004f3ca8     qt5cored:Qt5Cored.dll
 0005:00000cbc       __IMPORT_DESCRIPTOR_racermate 004f3cbc     racermate:racermate.dll
 0005:00000cd0       __IMPORT_DESCRIPTOR_KERNEL32 004f3cd0     kernel32:KERNEL32.dll
 0005:00000ce4       __IMPORT_DESCRIPTOR_USER32 004f3ce4     user32:USER32.dll
 0005:00000cf8       __IMPORT_DESCRIPTOR_GDI32  004f3cf8     gdi32:GDI32.dll
 0005:00000d0c       __IMPORT_DESCRIPTOR_COMDLG32 004f3d0c     comdlg32:COMDLG32.dll
 0005:00000d20       __IMPORT_DESCRIPTOR_ADVAPI32 004f3d20     advapi32:ADVAPI32.dll
 0005:00000d34       __IMPORT_DESCRIPTOR_SHELL32 004f3d34     shell32:SHELL32.dll
 0005:00000d48       __IMPORT_DESCRIPTOR_MSVCP140D 004f3d48     msvcprtd:MSVCP140D.dll
 0005:00000d5c       __IMPORT_DESCRIPTOR_VCRUNTIME140D 004f3d5c     vcruntimed:VCRUNTIME140D.dll
 0005:00000d70       __IMPORT_DESCRIPTOR_ucrtbased 004f3d70     ucrtd:ucrtbased.dll
 0005:00000d84       __IMPORT_DESCRIPTOR_SHLWAPI 004f3d84     shlwapi:SHLWAPI.dll
 0005:00000d98       __IMPORT_DESCRIPTOR_Qt5Networkd 004f3d98     qt5networkd:Qt5Networkd.dll
 0005:00000dac       __NULL_IMPORT_DESCRIPTOR   004f3dac     winmm:WINMM.dll
 0007:00000000       __tls_start                004fa000     MSVCRTD:tlssup.obj
 0007:00000104       __Init_thread_epoch        004fa104     MSVCRTD:thread_safe_statics.obj
 0007:00000208       __tls_end                  004fa208     MSVCRTD:tlssup.obj
 0008:00000000       ___guard_check_icall_fptr  004fb000     MSVCRTD:guard_support.obj
