 racermate

 Timestamp is 59dff665 (Thu Oct 12 16:10:29 2017)

 Preferred load address is 10000000

 Start         Length     Name                   Class
 0001:00000000 00000a10H .text$di                CODE
 0001:00000a10 000521b0H .text$mn                CODE
 0001:00052bc0 00003110H .text$x                 CODE
 0001:00055cd0 000002faH .text$yd                CODE
 0002:00000000 00000638H .idata$5                DATA
 0002:00000638 00000004H .00cfg                  DATA
 0002:0000063c 00000004H .CRT$XCA                DATA
 0002:00000640 00000044H .CRT$XCU                DATA
 0002:00000684 00000004H .CRT$XCZ                DATA
 0002:00000688 00000004H .CRT$XIA                DATA
 0002:0000068c 00000004H .CRT$XIZ                DATA
 0002:00000690 00000004H .CRT$XPA                DATA
 0002:00000694 00000004H .CRT$XPZ                DATA
 0002:00000698 00000004H .CRT$XTA                DATA
 0002:0000069c 00000004H .CRT$XTZ                DATA
 0002:000006a0 0000c15cH .rdata                  DATA
 0002:0000c7fc 00000e04H .rdata$r                DATA
 0002:0000d600 000002a4H .rdata$sxdata           DATA
 0002:0000d8a4 000002acH .rdata$zzzdbg           DATA
 0002:0000db50 00000004H .rtc$IAA                DATA
 0002:0000db54 00000004H .rtc$IZZ                DATA
 0002:0000db58 00000004H .rtc$TAA                DATA
 0002:0000db5c 00000004H .rtc$TZZ                DATA
 0002:0000db60 00003710H .xdata$x                DATA
 0002:00011270 00003904H .edata                  DATA
 0002:00014b74 000001b8H .idata$2                DATA
 0002:00014d2c 00000014H .idata$3                DATA
 0002:00014d40 00000638H .idata$4                DATA
 0002:00015378 00002f16H .idata$6                DATA
 0003:00000000 00000380H .data                   DATA
 0003:00000380 00000560H .data$r                 DATA
 0003:000008e0 00005008H .bss                    DATA
 0004:00000000 00000044H .gfids$y                DATA
 0005:00000000 00000060H .rsrc$01                DATA
 0005:00000060 00000180H .rsrc$02                DATA

  Address         Publics by Value              Rva+Base       Lib:Object

 0000:00000000       ___guard_longjmp_count     00000000     <absolute>
 0000:00000000       ___guard_iat_table         00000000     <absolute>
 0000:00000000       ___guard_iat_count         00000000     <absolute>
 0000:00000000       ___guard_fids_table        00000000     <absolute>
 0000:00000000       ___guard_longjmp_table     00000000     <absolute>
 0000:00000000       ___dynamic_value_reloc_table 00000000     <absolute>
 0000:00000000       ___guard_fids_count        00000000     <absolute>
 0000:000000a9       ___safe_se_handler_count   000000a9     <absolute>
 0000:00000100       ___guard_flags             00000100     <absolute>
 0000:00000000       ___ImageBase               10000000     <linker-defined>
 0001:00000a10       ___local_stdio_printf_options 10001a10 f i common:person.obj
 0001:00000a20       __vfprintf_l               10001a20 f i common:person.obj
 0001:00000a50       _fprintf                   10001a50 f i common:person.obj
 0001:00000a70       __vsnprintf_l              10001a70 f i common:person.obj
 0001:00000ab0       _sprintf                   10001ab0 f i common:person.obj
 0001:00000ad0       ?_Deallocate@std@@YAXPAXII@Z 10001ad0 f i common:person.obj
 0001:00000b40       ?getName@Person@@QAEPADXZ  10001b40 f i common:person.obj
 0001:00000bc0       ??0Person@@QAE@XZ          10001bc0 f   common:person.obj
 0001:00000be0       ??_GPerson@@UAEPAXI@Z      10001be0 f i common:person.obj
 0001:00000be0       ??_EPerson@@UAEPAXI@Z      10001be0 f i * CIL library *:* CIL module *
 0001:00000c10       ??0PERSON_DATA@@QAE@XZ     10001c10 f i common:person.obj
 0001:00000cf0       ??1PERSON_DATA@@QAE@XZ     10001cf0 f i common:person.obj
 0001:00000ec0       ??1Person@@UAE@XZ          10001ec0 f   common:person.obj
 0001:00000ed0       ?init@Person@@IAEXXZ       10001ed0 f   common:person.obj
 0001:00000fb0       ?my_export@Person@@UAEXPAU_iobuf@@_N@Z 10001fb0 f   common:person.obj
 0001:000010e0       ??1?$basic_string@DU?$char_traits@D@std@@V?$allocator@D@2@@std@@QAE@XZ 100020e0 f i common:person.obj
 0001:00001120       ?deallocate@?$_Wrap_alloc@V?$allocator@D@std@@@std@@QAEXPADI@Z 10002120 f i common:person.obj
 0001:00001170       ??4OLDSDIRS@@QAEAAV0@ABV0@@Z 10002170 f i glib:logger.obj
 0001:00001190       ??0Logger@@QAE@PBD0@Z      10002190 f   glib:logger.obj
 0001:00001350       ??_GLogger@@UAEPAXI@Z      10002350 f i glib:logger.obj
 0001:00001350       ??_ELogger@@UAEPAXI@Z      10002350 f i * CIL library *:* CIL module *
 0001:000013d0       ?close@Logger@@QAEXXZ      100023d0 f   glib:logger.obj
 0001:00001460       ?cleanup_logfiles@Logger@@AAEXXZ 10002460 f   glib:logger.obj
 0001:00001690       ?sort_function@@YAHPBX0@Z  10002690 f   glib:logger.obj
 0001:000016d0       ?dump@Logger@@QAEXPAEH@Z   100026d0 f   glib:logger.obj
 0001:00001790       ?write@Logger@@QAAXHHHPBDZZ 10002790 f   glib:logger.obj
 0001:00001990       ?write@Logger@@QAAXPBDZZ   10002990 f   glib:logger.obj
 0001:00001a30       ?get_str@fatalError@@QAEPBDXZ 10002a30 f i glib:win_utils.obj
 0001:00001a40       ?get_filename@fatalError@@QAEPBDXZ 10002a40 f i glib:win_utils.obj
 0001:00001a50       ?getString@Err@@QAEPADXZ   10002a50 f i glib:err.obj
 0001:00001a50       ?get_line@fatalError@@QAEHXZ 10002a50 f i glib:win_utils.obj
 0001:00001a60       ??0fatalError@@QAE@ABV0@@Z 10002a60 f i glib:win_utils.obj
 0001:00001aa0       ??_EfatalError@@UAEPAXI@Z  10002aa0 f i glib:win_utils.obj
 0001:00001b50       ?direxists@@YA_NPBD@Z      10002b50 f   glib:win_utils.obj
 0001:00001b70       ___local_stdio_scanf_options 10002b70 f i glib:utils.obj
 0001:00001b80       ?finish@Performance@@UAEXXZ 10002b80 f i tlib:performance.obj
 0001:00001b80       ?_Orphan_all@?$_Vector_alloc@U?$_Vec_base_types@V?$_List_unchecked_iterator@V?$_List_val@U?$_List_simple_types@U?$pair@$$CBV?$basic_string@DU?$char_traits@D@std@@V?$allocator@D@2@@std@@VDEVICE@@@std@@@std@@@std@@@std@@U?$_Wrap_alloc@V?$allocator@V?$_List_unchecked_iterator@V?$_List_val@U?$_List_simple_types@U?$pair@$$CBV?$basic_string@DU?$char_traits@D@std@@V?$allocator@D@2@@std@@VDEVICE@@@std@@@std@@@std@@@std@@@std@@@2@@std@@@std@@QAEXXZ 10002b80 f i dll_globals.obj
 0001:00001b80       ?_Orphan_all@?$_Vector_alloc@U?$_Vec_base_types@V?$basic_string@DU?$char_traits@D@std@@V?$allocator@D@2@@std@@V?$allocator@V?$basic_string@DU?$char_traits@D@std@@V?$allocator@D@2@@std@@@2@@std@@@std@@QAEXXZ 10002b80 f i glib:utils.obj
 0001:00001b80       ??3@YAXPAX0@Z              10002b80 f i glib:utils.obj
 0001:00001b80       ?start@dataSource@@UAEXXZ  10002b80 f i tlib:datasource.obj
 0001:00001b80       @_guard_check_icall_nop@4  10002b80 f i MSVCRT:guard_support.obj
 0001:00001b80       ?finish@Simulator@@UAEXXZ  10002b80 f i tlib:simulator.obj
 0001:00001b80       ??1Tmr@RACERMATE@@QAE@XZ   10002b80 f i rmg:tmr.obj
 0001:00001b80       ?gradeUp@Decoder@@UAEXXZ   10002b80 f i tlib:decoder.obj
 0001:00001b80       ?startCal_x@dataSource@@UAEXXZ 10002b80 f i tlib:datasource.obj
 0001:00001b80       ?gradeUp@dataSource@@UAEXXZ 10002b80 f i tlib:datasource.obj
 0001:00001b80       ?finish@dataSource@@UAEXXZ 10002b80 f i tlib:datasource.obj
 0001:00001b80       ?pause@RTD@@UAEXXZ         10002b80 f i tlib:rtd.obj
 0001:00001b80       ?logData@Physics@@AAEXXZ   10002b80 f i tlib:physics.obj
 0001:00001b80       ?dec_speed@Decoder@@UAEXXZ 10002b80 f i tlib:decoder.obj
 0001:00001b80       ?test@dataSource@@UAEXXZ   10002b80 f i tlib:datasource.obj
 0001:00001b80       ?gradeDown@Decoder@@UAEXXZ 10002b80 f i tlib:decoder.obj
 0001:00001b80       ?makelogpacket@RTD@@MAEXXZ 10002b80 f i tlib:computrainer.obj
 0001:00001b80       ?reset@dataSource@@UAEXXZ  10002b80 f i tlib:datasource.obj
 0001:00001b80       ?update@Decoder@@UAEXXZ    10002b80 f i tlib:decoder.obj
 0001:00001b80       ?_Orphan_all@?$_Deque_alloc@U?$_Deque_base_types@UTCRF@@V?$allocator@UTCRF@@@std@@@std@@@std@@QAEXXZ 10002b80 f i rmg:crf.obj
 0001:00001b80       ?gradeDown@dataSource@@UAEXXZ 10002b80 f i tlib:datasource.obj
 0001:00001b80       ?flush@dataSource@@UAEXXZ  10002b80 f i tlib:datasource.obj
 0001:00001b80       ??1?$_Compressed_pair@U?$_Wrap_alloc@V?$allocator@UTCRF@@@std@@@std@@V?$_Deque_val@U?$_Deque_simple_types@UTCRF@@@std@@@2@$00@std@@QAE@XZ 10002b80 f i rmg:crf.obj
 0001:00001b80       ?disconnected@ctsrvWorker@RACERMATE@@AAEXXZ 10002b80 f i ctsrv:ctsrvworker.obj
 0001:00001b80       ?qt_static_metacall@ANT@RACERMATE@@CAXPAVQObject@@W4Call@QMetaObject@@HPAPAX@Z 10002b80 f i rmant:moc_ant.obj
 0001:00001b80       ?integrate@Decoder@@UAEXXZ 10002b80 f i tlib:decoder.obj
 0001:00001b80       ?inc_speed@Decoder@@UAEXXZ 10002b80 f i tlib:decoder.obj
 0001:00001b80       ?clear_averages@dataSource@@UAEXXZ 10002b80 f i tlib:datasource.obj
 0001:00001b80       ?_Orphan_all@?$_Vector_alloc@U?$_Vec_base_types@V?$_List_unchecked_iterator@V?$_List_val@U?$_List_simple_types@U?$pair@$$CBV?$basic_string@DU?$char_traits@D@std@@V?$allocator@D@2@@std@@G@std@@@std@@@std@@@std@@U?$_Wrap_alloc@V?$allocator@V?$_List_unchecked_iterator@V?$_List_val@U?$_List_simple_types@U?$pair@$$CBV?$basic_string@DU?$char_traits@D@std@@V?$allocator@D@2@@std@@G@std@@@std@@@std@@@std@@@std@@@2@@std@@@std@@QAEXXZ 10002b80 f i dll_globals.obj
 0001:00001b90       _printf                    10002b90 f i glib:utils.obj
 0001:00001bc0       __vsscanf_l                10002bc0 f i glib:utils.obj
 0001:00001bf0       _sscanf                    10002bf0 f i glib:utils.obj
 0001:00001c10       ?indexIgnoreCase@@YAHPBD0H_N@Z 10002c10 f   glib:utils.obj
 0001:00001cf0       ?ltrim@@YAXPADH0@Z         10002cf0 f   glib:utils.obj
 0001:00001dd0       ?trim@@YAXPADPBD@Z         10002dd0 f   glib:utils.obj
 0001:00001e60       ?exists@@YA_NPBD@Z         10002e60 f   glib:utils.obj
 0001:00001ee0       ??0?$basic_string@DU?$char_traits@D@std@@V?$allocator@D@2@@std@@QAE@PBD@Z 10002ee0 f i glib:utils.obj
 0001:00001f40       ?_Reserve@?$vector@V?$basic_string@DU?$char_traits@D@std@@V?$allocator@D@2@@std@@V?$allocator@V?$basic_string@DU?$char_traits@D@std@@V?$allocator@D@2@@std@@@2@@std@@IAEXI@Z 10002f40 f i glib:utils.obj
 0001:00001fe0       ?assign@?$basic_string@DU?$char_traits@D@std@@V?$allocator@D@2@@std@@QAEAAV12@PBDI@Z 10002fe0 f i glib:utils.obj
 0001:000020e0       ?assign@?$basic_string@DU?$char_traits@D@std@@V?$allocator@D@2@@std@@QAEAAV12@ABV12@II@Z 100030e0 f i glib:utils.obj
 0001:00002200       ?_Assign_rv@?$basic_string@DU?$char_traits@D@std@@V?$allocator@D@2@@std@@QAEX$$QAV12@@Z 10003200 f i glib:utils.obj
 0001:00002270       ?_Reallocate@?$vector@V?$basic_string@DU?$char_traits@D@std@@V?$allocator@D@2@@std@@V?$allocator@V?$basic_string@DU?$char_traits@D@std@@V?$allocator@D@2@@std@@@2@@std@@IAEXI@Z 10003270 f i glib:utils.obj
 0001:00002310       ?erase@?$basic_string@DU?$char_traits@D@std@@V?$allocator@D@2@@std@@QAEAAV12@II@Z 10003310 f i glib:utils.obj
 0001:000023b0       ?deallocate@?$allocator@V?$basic_string@DU?$char_traits@D@std@@V?$allocator@D@2@@std@@@std@@QAEXPAV?$basic_string@DU?$char_traits@D@std@@V?$allocator@D@2@@2@I@Z 100033b0 f i glib:utils.obj
 0001:00002420       ?_Copy@?$basic_string@DU?$char_traits@D@std@@V?$allocator@D@2@@std@@QAEXII@Z 10003420 f i glib:utils.obj
 0001:000025b0       ?allocate@?$allocator@V?$basic_string@DU?$char_traits@D@std@@V?$allocator@D@2@@std@@@std@@QAEPAV?$basic_string@DU?$char_traits@D@std@@V?$allocator@D@2@@2@I@Z 100035b0 f i glib:utils.obj
 0001:00002610       ?allocate@?$_Wrap_alloc@V?$allocator@D@std@@@std@@QAEPADI@Z 10003610 f i glib:utils.obj
 0001:00002660       ??0?$_Wrap_alloc@V?$allocator@UTCRF@@@std@@@std@@QAE@XZ 10003660 f i rmg:crf.obj
 0001:00002660       ??0?$_Wrap_alloc@V?$allocator@V?$basic_string@DU?$char_traits@D@std@@V?$allocator@D@2@@std@@@std@@@std@@QAE@XZ 10003660 f i glib:utils.obj
 0001:00002670       ??$_Destroy_range1@V?$allocator@V?$basic_string@DU?$char_traits@D@std@@V?$allocator@D@2@@std@@@std@@PAV?$basic_string@DU?$char_traits@D@std@@V?$allocator@D@2@@2@@std@@YAXPAV?$basic_string@DU?$char_traits@D@std@@V?$allocator@D@2@@0@0AAU?$_Wrap_alloc@V?$allocator@V?$basic_string@DU?$char_traits@D@std@@V?$allocator@D@2@@std@@@std@@@0@U?$integral_constant@_N$0A@@0@@Z 10003670 f i glib:utils.obj
 0001:000026f0       ??$_Uninitialized_move_al_unchecked1@PAV?$basic_string@DU?$char_traits@D@std@@V?$allocator@D@2@@std@@PAV12@V?$allocator@V?$basic_string@DU?$char_traits@D@std@@V?$allocator@D@2@@std@@@2@@std@@YAPAV?$basic_string@DU?$char_traits@D@std@@V?$allocator@D@2@@0@PAV10@00AAU?$_Wrap_alloc@V?$allocator@V?$basic_string@DU?$char_traits@D@std@@V?$allocator@D@2@@std@@@std@@@0@U_General_ptr_iterator_tag@0@U_Any_tag@0@@Z 100036f0 f i glib:utils.obj
 0001:000027a0       ??0fatalError@@QAE@PBDH0@Z 100037a0 f   glib:fatalerror.obj
 0001:00002890       ??1fatalError@@UAE@XZ      10003890 f   glib:fatalerror.obj
 0001:000028a0       ??_FfastTimer@@QAEXXZ      100038a0 f i glib:fasttimer.obj
 0001:000028e0       ??_EfastTimer@@UAEPAXI@Z   100038e0 f i glib:fasttimer.obj
 0001:00002990       ??0fastTimer@@QAE@PAD@Z    10003990 f   glib:fasttimer.obj
 0001:000029f0       ?reset@fastTimer@@QAEXXZ   100039f0 f   glib:fasttimer.obj
 0001:00002a70       ??1fastTimer@@UAE@XZ       10003a70 f   glib:fasttimer.obj
 0001:00002a80       ?start@fastTimer@@QAEXXZ   10003a80 f   glib:fasttimer.obj
 0001:00002aa0       ?stop@fastTimer@@QAENXZ    10003aa0 f   glib:fasttimer.obj
 0001:00002b10       ?getTotalSeconds@fastTimer@@QAENXZ 10003b10 f   glib:fasttimer.obj
 0001:00002b20       ?getCycles@fastTimer@@QAEKXZ 10003b20 f   glib:fasttimer.obj
 0001:00002b30       ?read@fastTimer@@QAE_JXZ   10003b30 f   glib:fasttimer.obj
 0001:00002b60       ?getAverageSeconds@fastTimer@@QAENXZ 10003b60 f   glib:fasttimer.obj
 0001:00002ba0       ?getSeconds@fastTimer@@QAENXZ 10003ba0 f   glib:fasttimer.obj
 0001:00002ba0       ?getseconds@fastTimer@@QAENXZ 10003ba0 f   glib:fasttimer.obj
 0001:00002c00       ?getms@fastTimer@@QAEKXZ   10003c00 f   glib:fasttimer.obj
 0001:00002c70       ?getFreq@fastTimer@@QAE_JXZ 10003c70 f   glib:fasttimer.obj
 0001:00002c80       ?delay@fastTimer@@QAEXK@Z  10003c80 f   glib:fasttimer.obj
 0001:00002d30       ?average@fastTimer@@QAEXXZ 10003d30 f   glib:fasttimer.obj
 0001:00002e20       ?getus@fastTimer@@QAEMXZ   10003e20 f   glib:fasttimer.obj
 0001:00002e90       ?print@fastTimer@@QAEXXZ   10003e90 f   glib:fasttimer.obj
 0001:00002f20       ??_GSerial@@UAEPAXI@Z      10003f20 f i glib:serial.obj
 0001:00002f20       ??_ESerial@@UAEPAXI@Z      10003f20 f i * CIL library *:* CIL module *
 0001:00002f80       ??0Serial@@QAE@PBD00HHHPAVLogger@@@Z 10003f80 f   glib:serial.obj
 0001:000030b0       ??0Serial@@QAE@_NPBD1HPAVLogger@@@Z 100040b0 f   glib:serial.obj
 0001:00003190       ??0Serial@@QAE@PBD0PAVLogger@@@Z 10004190 f   glib:serial.obj
 0001:00003250       ?Open@Serial@@AAEHPBD0H@Z  10004250 f   glib:serial.obj
 0001:00003710       ?Close@Serial@@AAEXH@Z     10004710 f   glib:serial.obj
 0001:00003a30       ?DisplayOpenError@Serial@@AAEXH@Z 10004a30 f   glib:serial.obj
 0001:00003ac0       ?flush@Serial@@QAEXXZ      10004ac0 f   glib:serial.obj
 0001:00003ac0       ?FlushBuffers@Serial@@AAEXXZ 10004ac0 f   glib:serial.obj
 0001:00003b20       ?flushrx@Serial@@QAEXK@Z   10004b20 f   glib:serial.obj
 0001:00003bc0       ?txx@Serial@@QAEXPAEH@Z    10004bc0 f   glib:serial.obj
 0001:00003c20       ?txThread@Serial@@CAXPAX@Z 10004c20 f   glib:serial.obj
 0001:00004050       ?rx@Serial@@QAEHPADH@Z     10005050 f   glib:serial.obj
 0001:000040b0       ?rxThread@Serial@@CAXPAX@Z 100050b0 f   glib:serial.obj
 0001:00004480       ?process_events@Serial@@AAEXK@Z 10005480 f   glib:serial.obj
 0001:000045f0       ?send@Serial@@QAEXPADH@Z   100055f0 f   glib:serial.obj
 0001:00004660       ?expect@Serial@@QAEHPADK@Z 10005660 f   glib:serial.obj
 0001:00004740       ?destroy@Serial@@AAEXXZ    10005740 f   glib:serial.obj
 0001:000047e0       ?get_port_name@Serial@@QAEPBDXZ 100057e0 f   glib:serial.obj
 0001:000047f0       ??_EIni@@UAEPAXI@Z         100057f0 f i glib:ini.obj
 0001:000048a0       ??0Ini@@QAE@PBD@Z          100058a0 f   glib:ini.obj
 0001:00004a10       ??1Ini@@UAE@XZ             10005a10 f   glib:ini.obj
 0001:00004a20       ?getBool@Ini@@QAE_NPBD0_N@Z 10005a20 f   glib:ini.obj
 0001:00004af0       ?getBool@Ini@@QAE_NPBD_N@Z 10005af0 f   glib:ini.obj
 0001:00004bc0       ?getBool@Ini@@QAE_NPBD00@Z 10005bc0 f   glib:ini.obj
 0001:00004c50       ?getBool@Ini@@QAE_NPBD00_N@Z 10005c50 f   glib:ini.obj
 0001:00004ce0       ?getBool@Ini@@QAE_NPBD0_N1@Z 10005ce0 f   glib:ini.obj
 0001:00004d80       ?getFloat@Ini@@QAEMPBDM@Z  10005d80 f   glib:ini.obj
 0001:00004e20       ?getFloat@Ini@@QAEMPBD0M@Z 10005e20 f   glib:ini.obj
 0001:00004eb0       ?getFloat@Ini@@QAEMPBD00@Z 10005eb0 f   glib:ini.obj
 0001:00004f10       ?getFloat@Ini@@QAEMPBD00_N@Z 10005f10 f   glib:ini.obj
 0001:00004f70       ?getInt@Ini@@QAEHPBD0@Z    10005f70 f   glib:ini.obj
 0001:00004fe0       ?getInt@Ini@@QAEHPBDH@Z    10005fe0 f   glib:ini.obj
 0001:00005040       ?getInt@Ini@@QAEHPBD00@Z   10006040 f   glib:ini.obj
 0001:000050a0       ?getInt@Ini@@QAEHPBD00_N@Z 100060a0 f   glib:ini.obj
 0001:00005100       ?getInt@Ini@@QAEHPBD0H_N@Z 10006100 f   glib:ini.obj
 0001:00005170       ?getul@Ini@@QAEKPBD0K_N@Z  10006170 f   glib:ini.obj
 0001:000051f0       ?getString@Ini@@QAEPBDPBD00@Z 100061f0 f   glib:ini.obj
 0001:00005240       ?getString@Ini@@QAEPBDPBD0@Z 10006240 f   glib:ini.obj
 0001:000052b0       ?getString@Ini@@QAEPBDPBD00_N@Z 100062b0 f   glib:ini.obj
 0001:00005310       ?writeString@Ini@@QAEXPBD00@Z 10006310 f   glib:ini.obj
 0001:00005330       ?writeBool@Ini@@QAEXPBD0H@Z 10006330 f   glib:ini.obj
 0001:00005370       ?writeBool@Ini@@QAEXPBDH@Z 10006370 f   glib:ini.obj
 0001:000053c0       ?set_section@Ini@@QAEXPBD@Z 100063c0 f   glib:ini.obj
 0001:000053e0       ?writeInt@Ini@@QAEXPBD0H@Z 100063e0 f   glib:ini.obj
 0001:00005440       ?writeInt@Ini@@QAEXPBDH@Z  10006440 f   glib:ini.obj
 0001:000054a0       ?writeul@Ini@@QAEXPBD0K@Z  100064a0 f   glib:ini.obj
 0001:00005500       ?write_long_hex@Ini@@QAEXPBD0K@Z 10006500 f   glib:ini.obj
 0001:00005560       ?writeFloat@Ini@@QAEXPBD0M@Z 10006560 f   glib:ini.obj
 0001:000055c0       ?writeFloat@Ini@@QAEXPBDM@Z 100065c0 f   glib:ini.obj
 0001:00005620       ?getName@Ini@@QAEPBDXZ     10006620 f   glib:ini.obj
 0001:00005630       ?clear_section@Ini@@QAEXPBD@Z 10006630 f   glib:ini.obj
 0001:000057c0       ?get_long_hex@Ini@@QAEKPBD0K_N@Z 100067c0 f   glib:ini.obj
 0001:00005860       ??_EErr@@UAEPAXI@Z         10006860 f i glib:err.obj
 0001:00005910       ??0Err@@QAE@XZ             10006910 f   glib:err.obj
 0001:00005950       ??1Err@@UAE@XZ             10006950 f   glib:err.obj
 0001:00005960       ??1mutex@tthread@@QAE@XZ   10006960 f i tinythread++:tinythread.obj
 0001:00005970       ?wrapper_function@thread@tthread@@CGIPAX@Z 10006970 f   tinythread++:tinythread.obj
 0001:00005a20       ??0thread@tthread@@QAE@P6AXPAX@Z0@Z 10006a20 f   tinythread++:tinythread.obj
 0001:00005b00       ??1thread@tthread@@QAE@XZ  10006b00 f   tinythread++:tinythread.obj
 0001:00005b60       ?join@thread@tthread@@QAEXXZ 10006b60 f   tinythread++:tinythread.obj
 0001:00005bd0       ??1?$lock_guard@Vmutex@tthread@@@tthread@@QAE@XZ 10006bd0 f i tinythread++:tinythread.obj
 0001:00005bf0       ?set_ftp@Formula@@QAEXM@Z  10006bf0 f i tlib:formula.obj
 0001:00005bf0       ?set_ftp@qtFormula@@QAEXM@Z 10006bf0 f i dll.obj
 0001:00005c10       ?get_ftp@Formula@@QAEMXZ   10006c10 f i tlib:formula.obj
 0001:00005c10       ?get_ftp@qtFormula@@QAEMXZ 10006c10 f i dll.obj
 0001:00005c20       ?get_x_np@qtFormula@@QAEMXZ 10006c20 f i dll.obj
 0001:00005c20       ?get_x_np@Formula@@QAEMXZ  10006c20 f i tlib:formula.obj
 0001:00005c30       ?get_x_tss@Formula@@QAEMXZ 10006c30 f i tlib:formula.obj
 0001:00005c30       ?get_x_tss@qtFormula@@QAEMXZ 10006c30 f i dll.obj
 0001:00005c40       ?get_x_if@qtFormula@@QAEMXZ 10006c40 f i dll.obj
 0001:00005c40       ?get_x_if@Formula@@QAEMXZ  10006c40 f i tlib:formula.obj
 0001:00005c50       ?get_avg_watts@qtFormula@@QAEMXZ 10006c50 f i dll.obj
 0001:00005c50       ?get_avg_watts@Formula@@QAEMXZ 10006c50 f i tlib:formula.obj
 0001:00005c60       ??0Formula@@QAE@ABV0@@Z    10006c60 f i tlib:formula.obj
 0001:00005d20       ??4Formula@@QAEAAV0@ABV0@@Z 10006d20 f i tlib:formula.obj
 0001:00005f90       ??_FFormula@@QAEXXZ        10006f90 f i tlib:formula.obj
 0001:00005fa0       ??_EFormula@@UAEPAXI@Z     10006fa0 f i tlib:formula.obj
 0001:000060a0       ??0Formula@@QAE@M@Z        100070a0 f   tlib:formula.obj
 0001:00006210       ??1Formula@@UAE@XZ         10007210 f   tlib:formula.obj
 0001:000062a0       ?reset@Formula@@QAEXXZ     100072a0 f   tlib:formula.obj
 0001:00006320       ?calc@Formula@@QAEXM@Z     10007320 f   tlib:formula.obj
 0001:00006370       ??$emplace_back@ABUFORMULA_PAIR@@@?$deque@UFORMULA_PAIR@@V?$allocator@UFORMULA_PAIR@@@std@@@std@@QAEXABUFORMULA_PAIR@@@Z 10007370 f i tlib:formula.obj
 0001:00006370       ?push_back@?$deque@UFORMULA_PAIR@@V?$allocator@UFORMULA_PAIR@@@std@@@std@@QAEXABUFORMULA_PAIR@@@Z 10007370 f i tlib:formula.obj
 0001:00006400       ?pop_front@?$deque@UFORMULA2_PAIR@@V?$allocator@UFORMULA2_PAIR@@@std@@@std@@QAEXXZ 10007400 f i dll.obj
 0001:00006400       ?pop_front@?$deque@UFORMULA_PAIR@@V?$allocator@UFORMULA_PAIR@@@std@@@std@@QAEXXZ 10007400 f i tlib:formula.obj
 0001:00006400       ?pop_front@?$deque@NV?$allocator@N@std@@@std@@QAEXXZ 10007400 f i tlib:velotron.obj
 0001:00006420       ??1?$deque@UFORMULA_PAIR@@V?$allocator@UFORMULA_PAIR@@@std@@@std@@QAE@XZ 10007420 f i tlib:formula.obj
 0001:00006420       ??1?$deque@NV?$allocator@N@std@@@std@@QAE@XZ 10007420 f i tlib:velotron.obj
 0001:00006440       ??0?$deque@UFORMULA_PAIR@@V?$allocator@UFORMULA_PAIR@@@std@@@std@@QAE@ABV01@@Z 10007440 f i tlib:formula.obj
 0001:000064f0       ??H?$_Deque_const_iterator@V?$_Deque_val@U?$_Deque_simple_types@UFORMULA_PAIR@@@std@@@std@@@std@@QBE?AV01@H@Z 100074f0 f i tlib:formula.obj
 0001:000064f0       ??H?$_Deque_iterator@V?$_Deque_val@U?$_Deque_simple_types@UFORMULA2_PAIR@@@std@@@std@@@std@@QBE?AV01@H@Z 100074f0 f i dll.obj
 0001:000064f0       ??H?$_Deque_iterator@V?$_Deque_val@U?$_Deque_simple_types@UFORMULA_PAIR@@@std@@@std@@@std@@QBE?AV01@H@Z 100074f0 f i tlib:formula.obj
 0001:000064f0       ??H?$_Deque_const_iterator@V?$_Deque_val@U?$_Deque_simple_types@UFORMULA2_PAIR@@@std@@@std@@@std@@QBE?AV01@H@Z 100074f0 f i dll.obj
 0001:000064f0       ??H?$_Deque_iterator@V?$_Deque_val@U?$_Deque_simple_types@N@std@@@std@@@std@@QBE?AV01@H@Z 100074f0 f i tlib:velotron.obj
 0001:000064f0       ??H?$_Deque_const_iterator@V?$_Deque_val@U?$_Deque_simple_types@N@std@@@std@@@std@@QBE?AV01@H@Z 100074f0 f i tlib:velotron.obj
 0001:00006530       ??1?$_Deque_alloc@U?$_Deque_base_types@UFORMULA_PAIR@@V?$allocator@UFORMULA_PAIR@@@std@@@std@@@std@@QAE@XZ 10007530 f i tlib:formula.obj
 0001:00006530       ??1?$_Deque_alloc@U?$_Deque_base_types@NV?$allocator@N@std@@@std@@@std@@QAE@XZ 10007530 f i tlib:velotron.obj
 0001:00006550       ?_Tidy@?$deque@NV?$allocator@N@std@@@std@@IAEXXZ 10007550 f i tlib:velotron.obj
 0001:00006550       ?_Tidy@?$deque@UFORMULA2_PAIR@@V?$allocator@UFORMULA2_PAIR@@@std@@@std@@IAEXXZ 10007550 f i dll.obj
 0001:00006550       ?_Tidy@?$deque@UTCRF@@V?$allocator@UTCRF@@@std@@@std@@IAEXXZ 10007550 f i rmg:crf.obj
 0001:00006550       ?_Tidy@?$deque@UFORMULA_PAIR@@V?$allocator@UFORMULA_PAIR@@@std@@@std@@IAEXXZ 10007550 f i tlib:formula.obj
 0001:00006610       ?_Growmap@?$deque@NV?$allocator@N@std@@@std@@IAEXI@Z 10007610 f i tlib:velotron.obj
 0001:00006610       ?_Growmap@?$deque@UFORMULA_PAIR@@V?$allocator@UFORMULA_PAIR@@@std@@@std@@IAEXI@Z 10007610 f i tlib:formula.obj
 0001:00006760       ?erase@?$deque@UFORMULA_PAIR@@V?$allocator@UFORMULA_PAIR@@@std@@@std@@QAE?AV?$_Deque_iterator@V?$_Deque_val@U?$_Deque_simple_types@UFORMULA_PAIR@@@std@@@std@@@2@V?$_Deque_const_iterator@V?$_Deque_val@U?$_Deque_simple_types@UFORMULA_PAIR@@@std@@@std@@@2@0@Z 10007760 f i tlib:formula.obj
 0001:00006930       ?end@?$deque@NV?$allocator@N@std@@@std@@QAE?AV?$_Deque_iterator@V?$_Deque_val@U?$_Deque_simple_types@N@std@@@std@@@2@XZ 10007930 f i tlib:velotron.obj
 0001:00006930       ?end@?$deque@UFORMULA_PAIR@@V?$allocator@UFORMULA_PAIR@@@std@@@std@@QAE?AV?$_Deque_iterator@V?$_Deque_val@U?$_Deque_simple_types@UFORMULA_PAIR@@@std@@@std@@@2@XZ 10007930 f i tlib:formula.obj
 0001:00006930       ?end@?$deque@UFORMULA2_PAIR@@V?$allocator@UFORMULA2_PAIR@@@std@@@std@@QAE?AV?$_Deque_iterator@V?$_Deque_val@U?$_Deque_simple_types@UFORMULA2_PAIR@@@std@@@std@@@2@XZ 10007930 f i dll.obj
 0001:00006930       ?end@?$deque@NV?$allocator@N@std@@@std@@QBE?AV?$_Deque_const_iterator@V?$_Deque_val@U?$_Deque_simple_types@N@std@@@std@@@2@XZ 10007930 f i tlib:velotron.obj
 0001:00006930       ?end@?$deque@UFORMULA_PAIR@@V?$allocator@UFORMULA_PAIR@@@std@@@std@@QBE?AV?$_Deque_const_iterator@V?$_Deque_val@U?$_Deque_simple_types@UFORMULA_PAIR@@@std@@@std@@@2@XZ 10007930 f i tlib:formula.obj
 0001:00006930       ?end@?$deque@UFORMULA2_PAIR@@V?$allocator@UFORMULA2_PAIR@@@std@@@std@@QBE?AV?$_Deque_const_iterator@V?$_Deque_val@U?$_Deque_simple_types@UFORMULA2_PAIR@@@std@@@std@@@2@XZ 10007930 f i dll.obj
 0001:00006950       ?begin@?$deque@NV?$allocator@N@std@@@std@@QAE?AV?$_Deque_iterator@V?$_Deque_val@U?$_Deque_simple_types@N@std@@@std@@@2@XZ 10007950 f i tlib:velotron.obj
 0001:00006950       ?begin@?$deque@UFORMULA2_PAIR@@V?$allocator@UFORMULA2_PAIR@@@std@@@std@@QAE?AV?$_Deque_iterator@V?$_Deque_val@U?$_Deque_simple_types@UFORMULA2_PAIR@@@std@@@std@@@2@XZ 10007950 f i dll.obj
 0001:00006950       ?begin@?$deque@UFORMULA2_PAIR@@V?$allocator@UFORMULA2_PAIR@@@std@@@std@@QBE?AV?$_Deque_const_iterator@V?$_Deque_val@U?$_Deque_simple_types@UFORMULA2_PAIR@@@std@@@std@@@2@XZ 10007950 f i dll.obj
 0001:00006950       ?begin@?$deque@NV?$allocator@N@std@@@std@@QBE?AV?$_Deque_const_iterator@V?$_Deque_val@U?$_Deque_simple_types@N@std@@@std@@@2@XZ 10007950 f i tlib:velotron.obj
 0001:00006950       ?begin@?$deque@UFORMULA_PAIR@@V?$allocator@UFORMULA_PAIR@@@std@@@std@@QAE?AV?$_Deque_iterator@V?$_Deque_val@U?$_Deque_simple_types@UFORMULA_PAIR@@@std@@@std@@@2@XZ 10007950 f i tlib:formula.obj
 0001:00006950       ?begin@?$deque@UFORMULA_PAIR@@V?$allocator@UFORMULA_PAIR@@@std@@@std@@QBE?AV?$_Deque_const_iterator@V?$_Deque_val@U?$_Deque_simple_types@UFORMULA_PAIR@@@std@@@std@@@2@XZ 10007950 f i tlib:formula.obj
 0001:00006970       ?deallocate@?$_Wrap_alloc@V?$allocator@PAN@std@@@std@@QAEXPAPANI@Z 10007970 f i tlib:velotron.obj
 0001:00006970       ?deallocate@?$_Wrap_alloc@V?$allocator@UGEARINFO@@@std@@@std@@QAEXPAUGEARINFO@@I@Z 10007970 f i tlib:rtd.obj
 0001:00006970       ?deallocate@?$_Wrap_alloc@V?$allocator@M@std@@@std@@QAEXPAMI@Z 10007970 f i tlib:computrainer.obj
 0001:00006970       ?deallocate@?$_Wrap_alloc@V?$allocator@PAUFORMULA_PAIR@@@std@@@std@@QAEXPAPAUFORMULA_PAIR@@I@Z 10007970 f i tlib:formula.obj
 0001:000069d0       ?allocate@?$_Wrap_alloc@V?$allocator@PAN@std@@@std@@QAEPAPANI@Z 100079d0 f i tlib:velotron.obj
 0001:000069d0       ?allocate@?$_Wrap_alloc@V?$allocator@PAUFORMULA_PAIR@@@std@@@std@@QAEPAPAUFORMULA_PAIR@@I@Z 100079d0 f i tlib:formula.obj
 0001:00006a30       ?_Make_iter@?$deque@UFORMULA_PAIR@@V?$allocator@UFORMULA_PAIR@@@std@@@std@@QBE?AV?$_Deque_iterator@V?$_Deque_val@U?$_Deque_simple_types@UFORMULA_PAIR@@@std@@@std@@@2@V?$_Deque_const_iterator@V?$_Deque_val@U?$_Deque_simple_types@UFORMULA_PAIR@@@std@@@std@@@2@@Z 10007a30 f i tlib:formula.obj
 0001:00006a30       ?_Make_iter@?$deque@NV?$allocator@N@std@@@std@@QBE?AV?$_Deque_iterator@V?$_Deque_val@U?$_Deque_simple_types@N@std@@@std@@@2@V?$_Deque_const_iterator@V?$_Deque_val@U?$_Deque_simple_types@N@std@@@std@@@2@@Z 10007a30 f i tlib:velotron.obj
 0001:00006a30       ?_Make_iter@?$deque@UFORMULA2_PAIR@@V?$allocator@UFORMULA2_PAIR@@@std@@@std@@QBE?AV?$_Deque_iterator@V?$_Deque_val@U?$_Deque_simple_types@UFORMULA2_PAIR@@@std@@@std@@@2@V?$_Deque_const_iterator@V?$_Deque_val@U?$_Deque_simple_types@UFORMULA2_PAIR@@@std@@@std@@@2@@Z 10007a30 f i dll.obj
 0001:00006a60       ??$move@V?$_Deque_iterator@V?$_Deque_val@U?$_Deque_simple_types@UFORMULA_PAIR@@@std@@@std@@@std@@V12@@std@@YA?AV?$_Deque_iterator@V?$_Deque_val@U?$_Deque_simple_types@UFORMULA_PAIR@@@std@@@std@@@0@V10@00@Z 10007a60 f i tlib:formula.obj
 0001:00006a60       ??$copy@V?$_Deque_const_iterator@V?$_Deque_val@U?$_Deque_simple_types@UFORMULA_PAIR@@@std@@@std@@@std@@V?$_Deque_iterator@V?$_Deque_val@U?$_Deque_simple_types@UFORMULA_PAIR@@@std@@@std@@@2@@std@@YA?AV?$_Deque_iterator@V?$_Deque_val@U?$_Deque_simple_types@UFORMULA_PAIR@@@std@@@std@@@0@V?$_Deque_const_iterator@V?$_Deque_val@U?$_Deque_simple_types@UFORMULA_PAIR@@@std@@@std@@@0@0V10@@Z 10007a60 f i tlib:formula.obj
 0001:00006b00       ??$insert@V?$_Deque_const_iterator@V?$_Deque_val@U?$_Deque_simple_types@UFORMULA_PAIR@@@std@@@std@@@std@@@?$deque@UFORMULA_PAIR@@V?$allocator@UFORMULA_PAIR@@@std@@@std@@QAE?AV?$_Deque_iterator@V?$_Deque_val@U?$_Deque_simple_types@UFORMULA_PAIR@@@std@@@std@@@1@V?$_Deque_const_iterator@V?$_Deque_val@U?$_Deque_simple_types@UFORMULA_PAIR@@@std@@@std@@@1@00@Z 10007b00 f i tlib:formula.obj
 0001:00006d30       ??$_Construct@V?$_Deque_const_iterator@V?$_Deque_val@U?$_Deque_simple_types@UFORMULA_PAIR@@@std@@@std@@@std@@@?$deque@UFORMULA_PAIR@@V?$allocator@UFORMULA_PAIR@@@std@@@std@@QAEXV?$_Deque_const_iterator@V?$_Deque_val@U?$_Deque_simple_types@UFORMULA_PAIR@@@std@@@std@@@1@0@Z 10007d30 f i tlib:formula.obj
 0001:00006dd0       ??$move_backward@V?$_Deque_iterator@V?$_Deque_val@U?$_Deque_simple_types@UFORMULA_PAIR@@@std@@@std@@@std@@V12@@std@@YA?AV?$_Deque_iterator@V?$_Deque_val@U?$_Deque_simple_types@UFORMULA_PAIR@@@std@@@std@@@0@V10@00@Z 10007dd0 f i tlib:formula.obj
 0001:00006e60       ?setkgs@dataSource@@UAEXM@Z 10007e60 f i tlib:datasource.obj
 0001:00006e60       ?update@Decoder@@UAEXM@Z   10007e60 f i tlib:decoder.obj
 0001:00006e60       ?set_physics_pause@Decoder@@UAEX_N@Z 10007e60 f i tlib:decoder.obj
 0001:00006e60       ?set_manual_mph@Decoder@@UAEXM@Z 10007e60 f i tlib:decoder.obj
 0001:00006e60       ?set_manual_mph@dataSource@@UAEXM@Z 10007e60 f i tlib:datasource.obj
 0001:00006e60       ?setTimeout@dataSource@@UAEXK@Z 10007e60 f i tlib:datasource.obj
 0001:00006e60       ?setShutDownDelay@dataSource@@UAEXK@Z 10007e60 f i tlib:datasource.obj
 0001:00006e60       ?set_performance_file_name_x@dataSource@@UAEXPBD@Z 10007e60 f i tlib:datasource.obj
 0001:00006e60       ?setConstantCurrent@dataSource@@UAEXM@Z 10007e60 f i tlib:datasource.obj
 0001:00006e60       ?keydown@dataSource@@UAEXI@Z 10007e60 f i tlib:datasource.obj
 0001:00006e60       ?setConstantWatts@dataSource@@UAEXM@Z 10007e60 f i tlib:datasource.obj
 0001:00006e60       ??$destroy@PAU?$_List_node@U?$pair@$$CBV?$basic_string@DU?$char_traits@D@std@@V?$allocator@D@2@@std@@VDEVICE@@@std@@PAX@std@@@?$_Wrap_alloc@V?$allocator@U?$_List_node@U?$pair@$$CBV?$basic_string@DU?$char_traits@D@std@@V?$allocator@D@2@@std@@VDEVICE@@@std@@PAX@std@@@std@@@std@@QAEXPAPAU?$_List_node@U?$pair@$$CBV?$basic_string@DU?$char_traits@D@std@@V?$allocator@D@2@@std@@VDEVICE@@@std@@PAX@1@@Z 10007e60 f i dll_globals.obj
 0001:00006e60       ??$destroy@PAU?$_List_node@U?$pair@$$CBV?$basic_string@DU?$char_traits@D@std@@V?$allocator@D@2@@std@@G@std@@PAX@std@@@?$_Wrap_alloc@V?$allocator@U?$_List_node@U?$pair@$$CBV?$basic_string@DU?$char_traits@D@std@@V?$allocator@D@2@@std@@G@std@@PAX@std@@@std@@@std@@QAEXPAPAU?$_List_node@U?$pair@$$CBV?$basic_string@DU?$char_traits@D@std@@V?$allocator@D@2@@std@@G@std@@PAX@1@@Z 10007e60 f i dll_globals.obj
 0001:00006e60       ?emergencyStop@dataSource@@UAEXH@Z 10007e60 f i tlib:datasource.obj
 0001:00006e60       ?set_ftp@UDPClient@RACERMATE@@QAEXM@Z 10007e60 f i ctsrv:udp_client.obj
 0001:00006e60       ?setPhysicsMode@dataSource@@UAEXH@Z 10007e60 f i tlib:datasource.obj
 0001:00006e60       ?set_grade@dataSource@@UAEXM@Z 10007e60 f i tlib:datasource.obj
 0001:00006e60       ??$destroy@U_Container_proxy@std@@@?$_Wrap_alloc@V?$allocator@U_Container_proxy@std@@@std@@@std@@QAEXPAU_Container_proxy@1@@Z 10007e60 f i tlib:formula.obj
 0001:00006e60       ?end_cal@dataSource@@UAEXE@Z 10007e60 f i tlib:datasource.obj
 0001:00006e70       ?push_front@?$deque@UFORMULA_PAIR@@V?$allocator@UFORMULA_PAIR@@@std@@@std@@QAEXABUFORMULA_PAIR@@@Z 10007e70 f i tlib:formula.obj
 0001:00006f00       ??$_Copy_no_deprecate@V?$_Deque_const_iterator@V?$_Deque_val@U?$_Deque_simple_types@UFORMULA_PAIR@@@std@@@std@@@std@@V?$_Deque_iterator@V?$_Deque_val@U?$_Deque_simple_types@UFORMULA_PAIR@@@std@@@std@@@2@@std@@YA?AV?$_Deque_iterator@V?$_Deque_val@U?$_Deque_simple_types@UFORMULA_PAIR@@@std@@@std@@@0@V?$_Deque_const_iterator@V?$_Deque_val@U?$_Deque_simple_types@UFORMULA_PAIR@@@std@@@std@@@0@0V10@@Z 10007f00 f i tlib:formula.obj
 0001:00006f00       ??$_Move_no_deprecate@V?$_Deque_iterator@V?$_Deque_val@U?$_Deque_simple_types@UFORMULA_PAIR@@@std@@@std@@@std@@V12@@std@@YA?AV?$_Deque_iterator@V?$_Deque_val@U?$_Deque_simple_types@UFORMULA_PAIR@@@std@@@std@@@0@V10@00@Z 10007f00 f i tlib:formula.obj
 0001:00006f90       ??$reverse@V?$_Deque_iterator@V?$_Deque_val@U?$_Deque_simple_types@UFORMULA_PAIR@@@std@@@std@@@std@@@std@@YAXV?$_Deque_iterator@V?$_Deque_val@U?$_Deque_simple_types@UFORMULA_PAIR@@@std@@@std@@@0@0@Z 10007f90 f i tlib:formula.obj
 0001:00006ff0       ??$rotate@V?$_Deque_iterator@V?$_Deque_val@U?$_Deque_simple_types@UFORMULA_PAIR@@@std@@@std@@@std@@@std@@YA?AV?$_Deque_iterator@V?$_Deque_val@U?$_Deque_simple_types@UFORMULA_PAIR@@@std@@@std@@@0@V10@00@Z 10007ff0 f i tlib:formula.obj
 0001:000070c0       ??$_Move_backward1@V?$_Deque_unchecked_iterator@V?$_Deque_val@U?$_Deque_simple_types@UFORMULA_PAIR@@@std@@@std@@@std@@V?$_Deque_iterator@V?$_Deque_val@U?$_Deque_simple_types@UFORMULA_PAIR@@@std@@@std@@@2@@std@@YA?AV?$_Deque_iterator@V?$_Deque_val@U?$_Deque_simple_types@UFORMULA_PAIR@@@std@@@std@@@0@V?$_Deque_unchecked_iterator@V?$_Deque_val@U?$_Deque_simple_types@UFORMULA_PAIR@@@std@@@std@@@0@0V10@Urandom_access_iterator_tag@0@2@Z 100080c0 f i tlib:formula.obj
 0001:00007140       ??$_Move_no_deprecate1@V?$_Deque_unchecked_iterator@V?$_Deque_val@U?$_Deque_simple_types@UFORMULA_PAIR@@@std@@@std@@@std@@V?$_Deque_iterator@V?$_Deque_val@U?$_Deque_simple_types@UFORMULA_PAIR@@@std@@@std@@@2@@std@@YA?AV?$_Deque_iterator@V?$_Deque_val@U?$_Deque_simple_types@UFORMULA_PAIR@@@std@@@std@@@0@V?$_Deque_unchecked_iterator@V?$_Deque_val@U?$_Deque_simple_types@UFORMULA_PAIR@@@std@@@std@@@0@0V10@Urandom_access_iterator_tag@0@2@Z 10008140 f i tlib:formula.obj
 0001:00007140       ??$_Copy_no_deprecate1@V?$_Deque_unchecked_const_iterator@V?$_Deque_val@U?$_Deque_simple_types@UFORMULA_PAIR@@@std@@@std@@@std@@V?$_Deque_iterator@V?$_Deque_val@U?$_Deque_simple_types@UFORMULA_PAIR@@@std@@@std@@@2@@std@@YA?AV?$_Deque_iterator@V?$_Deque_val@U?$_Deque_simple_types@UFORMULA_PAIR@@@std@@@std@@@0@V?$_Deque_unchecked_const_iterator@V?$_Deque_val@U?$_Deque_simple_types@UFORMULA_PAIR@@@std@@@std@@@0@0V10@Urandom_access_iterator_tag@0@2@Z 10008140 f i tlib:formula.obj
 0001:000071c0       ??$_Reverse_unchecked@V?$_Deque_unchecked_iterator@V?$_Deque_val@U?$_Deque_simple_types@UFORMULA_PAIR@@@std@@@std@@@std@@@std@@YAXV?$_Deque_unchecked_iterator@V?$_Deque_val@U?$_Deque_simple_types@UFORMULA_PAIR@@@std@@@std@@@0@0@Z 100081c0 f i tlib:formula.obj
 0001:00007240       ??$_Rotate_unchecked1@V?$_Deque_unchecked_iterator@V?$_Deque_val@U?$_Deque_simple_types@UFORMULA_PAIR@@@std@@@std@@@std@@@std@@YA?AV?$_Deque_unchecked_iterator@V?$_Deque_val@U?$_Deque_simple_types@UFORMULA_PAIR@@@std@@@std@@@0@V10@00Urandom_access_iterator_tag@0@@Z 10008240 f i tlib:formula.obj
 0001:000072b0       ??$_Move_backward_unchecked1@V?$_Deque_unchecked_iterator@V?$_Deque_val@U?$_Deque_simple_types@UFORMULA2_PAIR@@@std@@@std@@@std@@V12@@std@@YA?AV?$_Deque_unchecked_iterator@V?$_Deque_val@U?$_Deque_simple_types@UFORMULA2_PAIR@@@std@@@std@@@0@V10@00U_General_ptr_iterator_tag@0@@Z 100082b0 f i dll.obj
 0001:000072b0       ??$_Move_backward_unchecked1@V?$_Deque_unchecked_iterator@V?$_Deque_val@U?$_Deque_simple_types@UFORMULA_PAIR@@@std@@@std@@@std@@V12@@std@@YA?AV?$_Deque_unchecked_iterator@V?$_Deque_val@U?$_Deque_simple_types@UFORMULA_PAIR@@@std@@@std@@@0@V10@00U_General_ptr_iterator_tag@0@@Z 100082b0 f i tlib:formula.obj
 0001:00007320       ??$_Move_unchecked1@V?$_Deque_unchecked_iterator@V?$_Deque_val@U?$_Deque_simple_types@UFORMULA2_PAIR@@@std@@@std@@@std@@V12@@std@@YA?AV?$_Deque_unchecked_iterator@V?$_Deque_val@U?$_Deque_simple_types@UFORMULA2_PAIR@@@std@@@std@@@0@V10@00U_General_ptr_iterator_tag@0@@Z 10008320 f i dll.obj
 0001:00007320       ??$_Copy_unchecked1@V?$_Deque_unchecked_const_iterator@V?$_Deque_val@U?$_Deque_simple_types@UFORMULA2_PAIR@@@std@@@std@@@std@@V?$_Deque_unchecked_iterator@V?$_Deque_val@U?$_Deque_simple_types@UFORMULA2_PAIR@@@std@@@std@@@2@@std@@YA?AV?$_Deque_unchecked_iterator@V?$_Deque_val@U?$_Deque_simple_types@UFORMULA2_PAIR@@@std@@@std@@@0@V?$_Deque_unchecked_const_iterator@V?$_Deque_val@U?$_Deque_simple_types@UFORMULA2_PAIR@@@std@@@std@@@0@0V10@U_General_ptr_iterator_tag@0@@Z 10008320 f i dll.obj
 0001:00007320       ??$_Move_unchecked1@V?$_Deque_unchecked_iterator@V?$_Deque_val@U?$_Deque_simple_types@UFORMULA_PAIR@@@std@@@std@@@std@@V12@@std@@YA?AV?$_Deque_unchecked_iterator@V?$_Deque_val@U?$_Deque_simple_types@UFORMULA_PAIR@@@std@@@std@@@0@V10@00U_General_ptr_iterator_tag@0@@Z 10008320 f i tlib:formula.obj
 0001:00007320       ??$_Copy_unchecked1@V?$_Deque_unchecked_const_iterator@V?$_Deque_val@U?$_Deque_simple_types@UFORMULA_PAIR@@@std@@@std@@@std@@V?$_Deque_unchecked_iterator@V?$_Deque_val@U?$_Deque_simple_types@UFORMULA_PAIR@@@std@@@std@@@2@@std@@YA?AV?$_Deque_unchecked_iterator@V?$_Deque_val@U?$_Deque_simple_types@UFORMULA_PAIR@@@std@@@std@@@0@V?$_Deque_unchecked_const_iterator@V?$_Deque_val@U?$_Deque_simple_types@UFORMULA_PAIR@@@std@@@std@@@0@0V10@U_General_ptr_iterator_tag@0@@Z 10008320 f i tlib:formula.obj
 0001:000073a0       ??0Monarch@@QAE@ABV0@@Z    100083a0 f i tlib:monarch.obj
 0001:000074a0       ??4Monarch@@QAEAAV0@ABV0@@Z 100084a0 f i tlib:monarch.obj
 0001:000075a0       ??_FMonarch@@QAEXXZ        100085a0 f i tlib:monarch.obj
 0001:00007690       ??_EMonarch@@UAEPAXI@Z     10008690 f i tlib:monarch.obj
 0001:00007740       ??0Monarch@@QAE@N@Z        10008740 f   tlib:monarch.obj
 0001:00007830       ??1Monarch@@UAE@XZ         10008830 f   tlib:monarch.obj
 0001:00007840       ?set_dropped_weight@Monarch@@QAEXN@Z 10008840 f   tlib:monarch.obj
 0001:00007870       ?getfval@LPFilter@@QAENXZ  10008870 f i tlib:physics.obj
 0001:00007870       ?get_measured_ergo_watts@Physics@@QAENXZ 10008870 f i tlib:physics.obj
 0001:00007880       ?inc_factor@Physics@@QAEXXZ 10008880 f i tlib:physics.obj
 0001:000078e0       ?dec_factor@Physics@@QAEXXZ 100088e0 f i tlib:physics.obj
 0001:00007940       ?is_paused@Physics@@QAE_NXZ 10008940 f i tlib:physics.obj
 0001:00007950       ?set_paused@Physics@@QAEX_N@Z 10008950 f i tlib:physics.obj
 0001:00007960       ?getWindPowerConstant@Physics@@QAENXZ 10008960 f i tlib:physics.obj
 0001:00007970       ?getWindForceConstant@Physics@@QAENXZ 10008970 f i tlib:physics.obj
 0001:00007980       ?get_watts_factor@Physics@@QAENXZ 10008980 f i tlib:physics.obj
 0001:00007990       ?setwgif@Physics@@QAEX_N@Z 10008990 f i tlib:physics.obj
 0001:000079a0       ?setflip@Physics@@QAEX_N@Z 100089a0 f i tlib:physics.obj
 0001:000079b0       ?setifgain@Physics@@QAEXN@Z 100089b0 f i tlib:physics.obj
 0001:000079d0       ?set_watts_factor@Physics@@QAEXN@Z 100089d0 f i tlib:physics.obj
 0001:00007a40       ?getGrade@Physics@@QAENXZ  10008a40 f i tlib:physics.obj
 0001:00007a50       ??0Physics@@QAE@ABV0@@Z    10008a50 f i tlib:physics.obj
 0001:000083e0       ??4Physics@@QAEAAV0@ABV0@@Z 100093e0 f i tlib:physics.obj
 0001:00008e60       ??_EPhysics@@UAEPAXI@Z     10009e60 f i tlib:physics.obj
 0001:00008f20       ??0Physics@@QAE@PAVBike@@NN@Z 10009f20 f   tlib:physics.obj
 0001:00009cd0       ??1Physics@@UAE@XZ         1000acd0 f   tlib:physics.obj
 0001:00009d20       ?setDistance@Physics@@QAEXN@Z 1000ad20 f   tlib:physics.obj
 0001:00009d60       ?setmiles@Physics@@QAEXN@Z 1000ad60 f   tlib:physics.obj
 0001:00009da0       ?map@Physics@@AAEHNNNNPAN0@Z 1000ada0 f   tlib:physics.obj
 0001:00009e10       ?updatePicCurrent@Physics@@QAEXXZ 1000ae10 f   tlib:physics.obj
 0001:00009e40       ?computeMass@Physics@@QAEXXZ 1000ae40 f   tlib:physics.obj
 0001:00009e60       ?run@Physics@@QAEXXZ       1000ae60 f   tlib:physics.obj
 0001:00009fe0       ?computeAcceleration@Physics@@QAEHXZ 1000afe0 f   tlib:physics.obj
 0001:0000a350       ?gradeUp@Physics@@QAEXXZ   1000b350 f   tlib:physics.obj
 0001:0000a380       ?gradeDown@Physics@@QAEXXZ 1000b380 f   tlib:physics.obj
 0001:0000a3b0       ?getTableCurrent3@Physics@@AAENNN@Z 1000b3b0 f   tlib:physics.obj
 0001:0000a9f0       ?reset@Physics@@QAEXXZ     1000b9f0 f   tlib:physics.obj
 0001:0000aba0       ?resetIntegrators@Physics@@QAEXXZ 1000bba0 f   tlib:physics.obj
 0001:0000ac50       ?pause@Physics@@QAEXXZ     1000bc50 f   tlib:physics.obj
 0001:0000ac70       ?resume@Physics@@QAEXXZ    1000bc70 f   tlib:physics.obj
 0001:0000ac90       ?adjustCurrent@Physics@@AAEXXZ 1000bc90 f   tlib:physics.obj
 0001:0000ad40       ?ergoDegauss@Physics@@AAEXXZ 1000bd40 f   tlib:physics.obj
 0001:0000add0       ?windDegauss@Physics@@AAEXXZ 1000bdd0 f   tlib:physics.obj
 0001:0000ae90       ?manualLoadControl@Physics@@AAEXXZ 1000be90 f   tlib:physics.obj
 0001:0000b130       ?cleanup@Physics@@AAEXXZ   1000c130 f   tlib:physics.obj
 0001:0000b280       ?lowCurrent@Physics@@AAENNN@Z 1000c280 f   tlib:physics.obj
 0001:0000b470       ?getAcceleration@Physics@@QAENXZ 1000c470 f   tlib:physics.obj
 0001:0000b480       ?getRPM@Physics@@QAENXZ    1000c480 f   tlib:physics.obj
 0001:0000b490       ?getMPH@Physics@@QAENXZ    1000c490 f   tlib:physics.obj
 0001:0000b4a0       ?getWatts@Physics@@QAENXZ  1000c4a0 f   tlib:physics.obj
 0001:0000b4b0       ?getConstantWatts@Physics@@QAEMXZ 1000c4b0 f   tlib:physics.obj
 0001:0000b4c0       ?getDisplayedWatts@Physics@@QAENXZ 1000c4c0 f   tlib:physics.obj
 0001:0000b4d0       ?getPicCurrent@Physics@@QAENXZ 1000c4d0 f   tlib:physics.obj
 0001:0000b4f0       ?runWindLoad@Physics@@AAEXXZ 1000c4f0 f   tlib:physics.obj
 0001:0000ba60       ?runConstantCurrent@Physics@@AAEXXZ 1000ca60 f   tlib:physics.obj
 0001:0000bac0       ?setMode@Physics@@QAEXW4MODE@1@@Z 1000cac0 f   tlib:physics.obj
 0001:0000bad0       ?setConstantCurrent@Physics@@QAEXM@Z 1000cad0 f   tlib:physics.obj
 0001:0000baf0       ?writeState@Physics@@QAEXPAU_iobuf@@@Z 1000caf0 f   tlib:physics.obj
 0001:0000bc70       ?readState@Physics@@QAEXPAU_iobuf@@@Z 1000cc70 f   tlib:physics.obj
 0001:0000be10       ?setConstantWatts@Physics@@QAEXM@Z 1000ce10 f   tlib:physics.obj
 0001:0000be30       ?crowbarRPM@Physics@@QAEXXZ 1000ce30 f   tlib:physics.obj
 0001:0000be50       ?set_weight_lbs@Physics@@QAEXN@Z 1000ce50 f   tlib:physics.obj
 0001:0000be90       ?getTableWatts@Physics@@AAENNN@Z 1000ce90 f   tlib:physics.obj
 0001:0000c170       ?set_grade@Physics@@QAEXM@Z 1000d170 f   tlib:physics.obj
 0001:0000c1a0       ?set_constant_force@Physics@@QAEXN@Z 1000d1a0 f   tlib:physics.obj
 0001:0000c2f0       ?run_constant_force@Physics@@AAEXXZ 1000d2f0 f   tlib:physics.obj
 0001:0000c5d0       ??0Bike@@QAE@HPAUPARAMS@0@@Z 1000d5d0 f   tlib:bike.obj
 0001:0000c8c0       ??_GBike@@UAEPAXI@Z        1000d8c0 f i tlib:bike.obj
 0001:0000c8c0       ??_EBike@@UAEPAXI@Z        1000d8c0 f i * CIL library *:* CIL module *
 0001:0000c930       ??1Bike@@UAE@XZ            1000d930 f   tlib:bike.obj
 0001:0000c980       ?frontDown@Bike@@QAEXXZ    1000d980 f   tlib:bike.obj
 0001:0000c9e0       ?frontUp@Bike@@QAEXXZ      1000d9e0 f   tlib:bike.obj
 0001:0000ca40       ?setupVirtualGearInches@Bike@@AAEXXZ 1000da40 f   tlib:bike.obj
 0001:0000cd40       ?run@Bike@@QAEHXZ          1000dd40 f   tlib:bike.obj
 0001:0000ce60       ?upkeydown@Bike@@QAEXXZ    1000de60 f   tlib:bike.obj
 0001:0000cea0       ?upkeyup@Bike@@QAEHXZ      1000dea0 f   tlib:bike.obj
 0001:0000cf30       ?downkeyup@Bike@@QAEHXZ    1000df30 f   tlib:bike.obj
 0001:0000cfb0       ?downkeydown@Bike@@QAEXXZ  1000dfb0 f   tlib:bike.obj
 0001:0000cff0       ?set_gear@Bike@@QAEXHH@Z   1000dff0 f   tlib:bike.obj
 0001:0000d090       ??0RIDER_DATA@@QAE@XZ      1000e090 f i tlib:decoder.obj
 0001:0000d130       ??1RIDER_DATA@@QAE@XZ      1000e130 f i tlib:decoder.obj
 0001:0000d140       ??4PERSON_DATA@@QAEAAU0@ABU0@@Z 1000e140 f i tlib:decoder.obj
 0001:0000d280       ?get_start_miles@dataSource@@UAEMXZ 1000e280 f i tlib:datasource.obj
 0001:0000d280       ?getGrade@dataSource@@UAENXZ 1000e280 f i tlib:datasource.obj
 0001:0000d280       ?get_ftp@UDPClient@RACERMATE@@QAEMXZ 1000e280 f i ctsrv:udp_client.obj
 0001:0000d280       ?getConstantWatts@dataSource@@UAEMXZ 1000e280 f i tlib:datasource.obj
 0001:0000d280       ?getWatts@dataSource@@UAENXZ 1000e280 f i tlib:datasource.obj
 0001:0000d280       ?getTotalMiles@dataSource@@UAENXZ 1000e280 f i tlib:datasource.obj
 0001:0000d280       ?get_measured_ergo_watts@Decoder@@UAENXZ 1000e280 f i tlib:decoder.obj
 0001:0000d290       ?get_gear_pair@Decoder@@UAE?AUGEARPAIR@Bike@@XZ 1000e290 f i tlib:decoder.obj
 0001:0000d290       ?get_gear_indices_x@dataSource@@UAE?AUGEARPAIR@Bike@@XZ 1000e290 f i tlib:datasource.obj
 0001:0000d290       ?get_gear_indices@Decoder@@UAE?AUGEARPAIR@Bike@@XZ 1000e290 f i tlib:decoder.obj
 0001:0000d290       ?get_gear_pair@dataSource@@UAE?AUGEARPAIR@Bike@@XZ 1000e290 f i tlib:datasource.obj
 0001:0000d2b0       ?set_weight_lbs@Decoder@@UAEXN@Z 1000e2b0 f i tlib:decoder.obj
 0001:0000d2e0       ?set_weight_kgs@Decoder@@UAEXN@Z 1000e2e0 f i tlib:decoder.obj
 0001:0000d300       ?set_lower_hr@Decoder@@UAEXM@Z 1000e300 f i tlib:decoder.obj
 0001:0000d320       ?set_upper_hr@Decoder@@UAEXM@Z 1000e320 f i tlib:decoder.obj
 0001:0000d340       ?decode@Decoder@@UAEHPAEK@Z 1000e340 f i tlib:decoder.obj
 0001:0000d350       ?out_of_data@dataSource@@UAE_NXZ 1000e350 f i tlib:datasource.obj
 0001:0000d350       ?is_realtime@dataSource@@UAE_NXZ 1000e350 f i tlib:datasource.obj
 0001:0000d350       ?get_physics_pause@Decoder@@UAE_NXZ 1000e350 f i tlib:decoder.obj
 0001:0000d350       ?start_cal@dataSource@@UAEEXZ 1000e350 f i tlib:datasource.obj
 0001:0000d350       ?getControlByte@dataSource@@UAEEXZ 1000e350 f i tlib:datasource.obj
 0001:0000d350       ?is_perf@dataSource@@UAE_NXZ 1000e350 f i tlib:datasource.obj
 0001:0000d360       ?setDistance@Decoder@@UAEXM@Z 1000e360 f i tlib:decoder.obj
 0001:0000d3a0       ??0Decoder@@QAE@HPAVCourse@@AAVRIDER_DATA@@H@Z 1000e3a0 f   tlib:decoder.obj
 0001:0000da40       ??_EDecoder@@UAEPAXI@Z     1000ea40 f i * CIL library *:* CIL module *
 0001:0000da40       ??_GDecoder@@UAEPAXI@Z     1000ea40 f i tlib:decoder.obj
 0001:0000da70       ??4RIDER_DATA@@QAEAAV0@ABV0@@Z 1000ea70 f i tlib:decoder.obj
 0001:0000db00       ??1Decoder@@UAE@XZ         1000eb00 f   tlib:decoder.obj
 0001:0000dc10       ?reset_averages@Decoder@@QAEXXZ 1000ec10 f   tlib:decoder.obj
 0001:0000ddb0       ?reset@Decoder@@UAEXXZ     1000edb0 f   tlib:decoder.obj
 0001:0000dfd0       ?fill_in_mma@Decoder@@QAEXXZ 1000efd0 f   tlib:decoder.obj
 0001:0000e220       ?set_minmax@Decoder@@MAEXXZ 1000f220 f   tlib:decoder.obj
 0001:0000e370       ?set_watts_factor@Decoder@@UAEXM@Z 1000f370 f   tlib:decoder.obj
 0001:0000e390       ?peaks_and_averages@Decoder@@MAEXXZ 1000f390 f   tlib:decoder.obj
 0001:0000e900       ?compute_armed_rpm@Decoder@@IAEXXZ 1000f900 f   tlib:decoder.obj
 0001:0000e9d0       ?seed_avgs@Decoder@@QAEXXZ 1000f9d0 f   tlib:decoder.obj
 0001:0000ea40       ??0RESULT@@QAE@XZ          1000fa40 f i tlib:datasource.obj
 0001:0000eb30       ?save@RTD@@MAEPAD_N@Z      1000fb30 f i tlib:computrainer.obj
 0001:0000eb30       ?get_ant_cm@ANT@RACERMATE@@QAEKI@Z 1000fb30 f i rmant:ant.obj
 0001:0000eb30       ?set_constant_force_x@dataSource@@UAEHM@Z 1000fb30 f i tlib:datasource.obj
 0001:0000eb30       ?read@dataSource@@UAEHH@Z  1000fb30 f i tlib:datasource.obj
 0001:0000eb30       ?jumpmiles@dataSource@@UAEHM@Z 1000fb30 f i tlib:datasource.obj
 0001:0000eb30       ?updateHardware@dataSource@@UAEH_N@Z 1000fb30 f i tlib:datasource.obj
 0001:0000eb30       ?addcourse@dataSource@@UAEHPBD@Z 1000fb30 f i tlib:datasource.obj
 0001:0000eb40       __is_c_termination_complete 1000fb40 f i MSVCRT:ucrt_stubs.obj
 0001:0000eb40       ?packetsAvailable@dataSource@@UAEHXZ 1000fb40 f i tlib:datasource.obj
 0001:0000eb40       ?getFirstName@dataSource@@UAEPADXZ 1000fb40 f i tlib:datasource.obj
 0001:0000eb40       ?reset@UDPClient@RACERMATE@@QAEHXZ 1000fb40 f i ctsrv:udp_client.obj
 0001:0000eb40       _ResetAlltoIdle            1000fb40 f i dll.obj
 0001:0000eb40       ?get_x_accum_tdc@dataSource@@UAEHXZ 1000fb40 f i tlib:datasource.obj
 0001:0000eb40       ___scrt_stub_for_is_c_termination_complete 1000fb40 f i MSVCRT:ucrt_stubs.obj
 0001:0000eb40       ?get_x_status_bits@dataSource@@UAEHXZ 1000fb40 f i tlib:datasource.obj
 0001:0000eb40       ?getvidfile@dataSource@@UAEPADXZ 1000fb40 f i tlib:datasource.obj
 0001:0000eb40       ?get_physics_x@dataSource@@UAEPAVPhysics@@XZ 1000fb40 f i tlib:datasource.obj
 0001:0000eb40       ?reset_stats@UDPClient@RACERMATE@@QAEHXZ 1000fb40 f i ctsrv:udp_client.obj
 0001:0000eb40       ?get_calibration_x@dataSource@@UAEHXZ 1000fb40 f i tlib:datasource.obj
 0001:0000eb40       ?getvidbase@dataSource@@UAEPADXZ 1000fb40 f i tlib:datasource.obj
 0001:0000eb40       ?getLastName@dataSource@@UAEPADXZ 1000fb40 f i tlib:datasource.obj
 0001:0000eb40       ?get_perf_file_name_x@dataSource@@UAEPBDXZ 1000fb40 f i tlib:datasource.obj
 0001:0000eb40       ?check_udp_keys@Ctsrv@RACERMATE@@QAEHXZ 1000fb40 f i ctsrv:ctsrv.obj
 0001:0000eb50       ?get_result@dataSource@@UAE?AURESULT@@XZ 1000fb50 f i tlib:datasource.obj
 0001:0000eb70       ?set_x_wind@dataSource@@UAEXM@Z 1000fb70 f i tlib:datasource.obj
 0001:0000eba0       ?get_physics_mode_x@dataSource@@UAE?AW4MODE@Physics@@XZ 1000fba0 f i tlib:datasource.obj
 0001:0000ebb0       ?get_computrainer_mode_x@dataSource@@UAEEXZ 1000fbb0 f i tlib:datasource.obj
 0001:0000ebb0       ?get_control_byte_x@dataSource@@UAEEXZ 1000fbb0 f i tlib:datasource.obj
 0001:0000ebc0       ?set_hr_bounds@dataSource@@UAEXHH_N@Z 1000fbc0 f i tlib:datasource.obj
 0001:0000ebd0       ?get_accum_keys@dataSource@@UAEHXZ 1000fbd0 f i tlib:datasource.obj
 0001:0000ebd0       ?get_keys@dataSource@@UAEHXZ 1000fbd0 f i tlib:datasource.obj
 0001:0000ebe0       ?seek@dataSource@@UAEHJ@Z  1000fbe0 f i tlib:datasource.obj
 0001:0000ebe0       ?getPreviousRecord@dataSource@@UAEHK@Z 1000fbe0 f i tlib:datasource.obj
 0001:0000ebe0       ?getRecord@dataSource@@UAEHH@Z 1000fbe0 f i tlib:datasource.obj
 0001:0000ebe0       ?myexport@dataSource@@UAEHPAD@Z 1000fbe0 f i tlib:datasource.obj
 0001:0000ebf0       _get_trainer_type          1000fbf0 f i dll.obj
 0001:0000ebf0       ?getNextRecord@dataSource@@UAEHXZ 1000fbf0 f i tlib:datasource.obj
 0001:0000ec00       ?get_nRecords@dataSource@@UAEHXZ 1000fc00 f i tlib:datasource.obj
 0001:0000ec10       ?getOffset@dataSource@@UAEJXZ 1000fc10 f i tlib:datasource.obj
 0001:0000ec20       ?remap@dataSource@@UAEXUtagRECT@@MM@Z 1000fc20 f i tlib:datasource.obj
 0001:0000ec30       ?pause@dataSource@@UAEXXZ  1000fc30 f i tlib:datasource.obj
 0001:0000ec40       ?resume@dataSource@@UAEXXZ 1000fc40 f i tlib:datasource.obj
 0001:0000ec50       ?set_draft_wind@dataSource@@UAEXM@Z 1000fc50 f i tlib:datasource.obj
 0001:0000ec70       ?get_draft_wind@dataSource@@UAEMXZ 1000fc70 f i tlib:datasource.obj
 0001:0000ec90       ?get_wind@dataSource@@UAEMXZ 1000fc90 f i tlib:datasource.obj
 0001:0000ecb0       ?save@dataSource@@UAEPAD_N0@Z 1000fcb0 f i tlib:datasource.obj
 0001:0000ecc0       ??0dataSource@@QAE@AAVRIDER_DATA@@PAVCourse@@PAVBike@@W4LoggingType@@@Z 1000fcc0 f   tlib:datasource.obj
 0001:0000edb0       ??_GdataSource@@UAEPAXI@Z  1000fdb0 f i tlib:datasource.obj
 0001:0000edb0       ??_EdataSource@@UAEPAXI@Z  1000fdb0 f i * CIL library *:* CIL module *
 0001:0000ede0       ??1dataSource@@UAE@XZ      1000fde0 f   tlib:datasource.obj
 0001:0000eec0       ?reset_averages@dataSource@@UAEXXZ 1000fec0 f   tlib:datasource.obj
 0001:0000eed0       ?set_export@dataSource@@QAEXPBD@Z 1000fed0 f   tlib:datasource.obj
 0001:0000ef10       ?init@dataSource@@AAEXXZ   1000ff10 f   tlib:datasource.obj
 0001:0000f1b0       ?set_x_ftp@dataSource@@QAEHM@Z 100101b0 f   tlib:datasource.obj
 0001:0000f1f0       ?set_logging_x@dataSource@@QAEXW4LoggingType@@@Z 100101f0 f   tlib:datasource.obj
 0001:0000f200       ?set_drag_factor@dataSource@@QAEXM@Z 10010200 f   tlib:datasource.obj
 0001:0000f230       ?iround@@YAHN@Z            10010230 f i tlib:ss.obj
 0001:0000f260       ??0SS@@QAE@XZ              10010260 f   tlib:ss.obj
 0001:0000f600       ??1SS@@QAE@XZ              10010600 f   tlib:ss.obj
 0001:0000f780       ?run@SS@@QAEMNNNPAUMETADATA@@@Z 10010780 f   tlib:ss.obj
 0001:0000fb00       ?load@SS@@AAEXN@Z          10010b00 f   tlib:ss.obj
 0001:0000ff40       ?filter@SS@@AAEXXZ         10010f40 f   tlib:ss.obj
 0001:00010330       ?reset@SS@@QAEXXZ          10011330 f   tlib:ss.obj
 0001:00010560       ?do_ten_hz_filter@SS@@QAEXPAUMETADATA@@_N11@Z 10011560 f   tlib:ss.obj
 0001:00010b10       ___vcrt_thread_detach      10011b10 f i MSVCRT:ucrt_stubs.obj
 0001:00010b10       ___scrt_stub_for_acrt_thread_detach 10011b10 f i MSVCRT:ucrt_stubs.obj
 0001:00010b10       ___scrt_stub_for_acrt_uninitialize 10011b10 f i MSVCRT:ucrt_stubs.obj
 0001:00010b10       ___vcrt_uninitialize       10011b10 f i MSVCRT:ucrt_stubs.obj
 0001:00010b10       ___acrt_uninitialize_critical 10011b10 f i MSVCRT:ucrt_stubs.obj
 0001:00010b10       ___scrt_stub_for_acrt_thread_attach 10011b10 f i MSVCRT:ucrt_stubs.obj
 0001:00010b10       ___scrt_stub_for_acrt_uninitialize_critical 10011b10 f i MSVCRT:ucrt_stubs.obj
 0001:00010b10       ?is_realtime@RTD@@UAE_NXZ  10011b10 f i tlib:computrainer.obj
 0001:00010b10       ___vcrt_initialize         10011b10 f i MSVCRT:ucrt_stubs.obj
 0001:00010b10       ___vcrt_thread_attach      10011b10 f i MSVCRT:ucrt_stubs.obj
 0001:00010b10       ___acrt_thread_detach      10011b10 f i MSVCRT:ucrt_stubs.obj
 0001:00010b10       ___acrt_uninitialize       10011b10 f i MSVCRT:ucrt_stubs.obj
 0001:00010b10       ___scrt_stub_for_acrt_initialize 10011b10 f i MSVCRT:ucrt_stubs.obj
 0001:00010b10       ___vcrt_uninitialize_critical 10011b10 f i MSVCRT:ucrt_stubs.obj
 0001:00010b10       ___acrt_initialize         10011b10 f i MSVCRT:ucrt_stubs.obj
 0001:00010b10       ___acrt_thread_attach      10011b10 f i MSVCRT:ucrt_stubs.obj
 0001:00010b20       ?getConstantWatts@Computrainer@@UAEMXZ 10011b20 f i tlib:computrainer.obj
 0001:00010b30       ?get_physics_mode_x@Computrainer@@UAE?AW4MODE@Physics@@XZ 10011b30 f i tlib:computrainer.obj
 0001:00010b30       ?get_physics_mode@Velotron@@UAE?AW4MODE@Physics@@XZ 10011b30 f i tlib:velotron.obj
 0001:00010b40       ?get_control_byte_x@Computrainer@@UAEEXZ 10011b40 f i tlib:computrainer.obj
 0001:00010b40       ?getControlByte@Computrainer@@UAEEXZ 10011b40 f i tlib:computrainer.obj
 0001:00010b40       ?get_computrainer_mode_x@Computrainer@@UAEEXZ 10011b40 f i tlib:computrainer.obj
 0001:00010b50       ??0Computrainer@@QAE@PBDAAVRIDER_DATA@@PAVCourse@@PAVBike@@W4LoggingType@@0H@Z 10011b50 f   tlib:computrainer.obj
 0001:00010c90       ??_GComputrainer@@UAEPAXI@Z 10011c90 f i tlib:computrainer.obj
 0001:00010c90       ??_EComputrainer@@UAEPAXI@Z 10011c90 f i * CIL library *:* CIL module *
 0001:00010d10       ??0Computrainer@@QAE@PAVSerial@@AAVRIDER_DATA@@PAVCourse@@PAVBike@@W4LoggingType@@@Z 10011d10 f   tlib:computrainer.obj
 0001:00010e60       ?getNextRecord@Computrainer@@UAEHXZ 10011e60 f   tlib:computrainer.obj
 0001:00011410       ?init@Computrainer@@AAEXXZ 10012410 f   tlib:computrainer.obj
 0001:00011580       ?updateHardware@Computrainer@@UAEH_N@Z 10012580 f   tlib:computrainer.obj
 0001:00011a70       ?getPreviousRecord@Computrainer@@UAEHK@Z 10012a70 f   tlib:computrainer.obj
 0001:00011a70       ?getPreviousRecord@Velotron@@UAEHK@Z 10012a70 f   tlib:velotron.obj
 0001:00011a80       ?pause@Computrainer@@UAEXXZ 10012a80 f   tlib:computrainer.obj
 0001:00011ac0       ?resume@Computrainer@@UAEXXZ 10012ac0 f   tlib:computrainer.obj
 0001:00011b20       ?start@Computrainer@@UAEXXZ 10012b20 f   tlib:computrainer.obj
 0001:00011bb0       ?gradeUp@Computrainer@@UAEXXZ 10012bb0 f   tlib:computrainer.obj
 0001:00011bc0       ?gradeDown@Computrainer@@UAEXXZ 10012bc0 f   tlib:computrainer.obj
 0001:00011bd0       ?getGrade@Computrainer@@UAENXZ 10012bd0 f   tlib:computrainer.obj
 0001:00011be0       ?reset@Computrainer@@UAEXXZ 10012be0 f   tlib:computrainer.obj
 0001:00011c70       ?save@Computrainer@@UAEPAD_N0@Z 10012c70 f   tlib:computrainer.obj
 0001:00011ca0       ?finish@Computrainer@@UAEXXZ 10012ca0 f   tlib:computrainer.obj
 0001:00011ce0       ?flush@Computrainer@@UAEXXZ 10012ce0 f   tlib:computrainer.obj
 0001:00011d10       ?setkgs@Computrainer@@UAEXM@Z 10012d10 f   tlib:computrainer.obj
 0001:00011d40       ?set_hr_bounds@Computrainer@@UAEXHH_N@Z 10012d40 f   tlib:computrainer.obj
 0001:00011d40       ?set_hr_bounds@Velotron@@UAEXHH_N@Z 10012d40 f   tlib:velotron.obj
 0001:00011dd0       ?get_keys@Velotron@@UAEHXZ 10012dd0 f   tlib:velotron.obj
 0001:00011dd0       ?get_keys@Computrainer@@UAEHXZ 10012dd0 f   tlib:computrainer.obj
 0001:00011e00       ?get_accum_tdc@Computrainer@@UAEHXZ 10012e00 f   tlib:computrainer.obj
 0001:00011e00       ?get_accum_tdc@Velotron@@UAEHXZ 10012e00 f   tlib:velotron.obj
 0001:00011e10       ?get_status_bits@Computrainer@@UAEHXZ 10012e10 f   tlib:computrainer.obj
 0001:00011e20       ?get_accum_keys@Computrainer@@UAEHXZ 10012e20 f   tlib:computrainer.obj
 0001:00011e50       ?start_cal@Computrainer@@UAEEXZ 10012e50 f   tlib:computrainer.obj
 0001:00011e70       ?end_cal@Computrainer@@UAEXE@Z 10012e70 f   tlib:computrainer.obj
 0001:00011e80       ?setConstantWatts@Computrainer@@UAEXM@Z 10012e80 f   tlib:computrainer.obj
 0001:00011ec0       ?set_grade@Computrainer@@UAEXM@Z 10012ec0 f   tlib:computrainer.obj
 0001:00011f70       ?get_result@Computrainer@@UAE?AURESULT@@XZ 10012f70 f   tlib:computrainer.obj
 0001:00012210       ?push_back@?$vector@MV?$allocator@M@std@@@std@@QAEXABM@Z 10013210 f i tlib:computrainer.obj
 0001:00012280       ?_Reserve@?$vector@MV?$allocator@M@std@@@std@@IAEXI@Z 10013280 f i tlib:computrainer.obj
 0001:000122e0       ?_Reallocate@?$vector@MV?$allocator@M@std@@@std@@IAEXI@Z 100132e0 f i tlib:computrainer.obj
 0001:00012390       ??0Simulator@@QAE@AAVRIDER_DATA@@_NPAVCourse@@PBD@Z 10013390 f   tlib:simulator.obj
 0001:00012490       ??_GSimulator@@UAEPAXI@Z   10013490 f i tlib:simulator.obj
 0001:00012490       ??_ESimulator@@UAEPAXI@Z   10013490 f i * CIL library *:* CIL module *
 0001:000124e0       ?getNextRecord@Simulator@@UAEHXZ 100134e0 f   tlib:simulator.obj
 0001:000124e0       ?getNextRecord@Performance@@UAEHXZ 100134e0 f   tlib:performance.obj
 0001:00012520       ?reset@Performance@@UAEXXZ 10013520 f   tlib:performance.obj
 0001:00012520       ?reset@Simulator@@UAEXXZ   10013520 f   tlib:simulator.obj
 0001:000125c0       ?start@Simulator@@UAEXXZ   100135c0 f   tlib:simulator.obj
 0001:000125e0       ?set_manual_mph@Simulator@@UAEXM@Z 100135e0 f   tlib:simulator.obj
 0001:000125e0       ?set_manual_mph@Performance@@UAEXM@Z 100135e0 f   tlib:performance.obj
 0001:00012600       ??0Performance@@QAE@AAVRIDER_DATA@@_NPBD@Z 10013600 f   tlib:performance.obj
 0001:00012720       ??_GPerformance@@UAEPAXI@Z 10013720 f i tlib:performance.obj
 0001:00012720       ??_EPerformance@@UAEPAXI@Z 10013720 f i * CIL library *:* CIL module *
 0001:000127b0       ?start@Performance@@UAEXXZ 100137b0 f   tlib:performance.obj
 0001:000127d0       ?set_performance_file_name@Performance@@UAEXPBD@Z 100137d0 f   tlib:performance.obj
 0001:000129a0       ?check_perf@Performance@@QAEHPBDAAK@Z 100139a0 f   tlib:performance.obj
 0001:00012ef0       ??0RIDER_INFO@@QAE@XZ      10013ef0 f i tlib:performance.obj
 0001:00012f60       ?push_back@?$vector@USEC@@V?$allocator@USEC@@@std@@@std@@QAEXABUSEC@@@Z 10013f60 f i tlib:performance.obj
 0001:00013010       ??1?$vector@USEC@@V?$allocator@USEC@@@std@@@std@@QAE@XZ 10014010 f i tlib:performance.obj
 0001:00013050       ?push_back@?$vector@UFPOINT@@V?$allocator@UFPOINT@@@std@@@std@@QAEXABUFPOINT@@@Z 10014050 f i tlib:performance.obj
 0001:000130c0       ??1?$vector@UFPOINT@@V?$allocator@UFPOINT@@@std@@@std@@QAE@XZ 100140c0 f i tlib:performance.obj
 0001:000130f0       ??0?$vector@UFPOINT@@V?$allocator@UFPOINT@@@std@@@std@@QAE@ABV01@@Z 100140f0 f i tlib:performance.obj
 0001:00013180       ?_Reserve@?$vector@USEC@@V?$allocator@USEC@@@std@@@std@@IAEXI@Z 10014180 f i tlib:performance.obj
 0001:00013220       ?_Reserve@?$vector@UFPOINT@@V?$allocator@UFPOINT@@@std@@@std@@IAEXI@Z 10014220 f i tlib:performance.obj
 0001:00013280       ?_Buy@?$vector@UFPOINT@@V?$allocator@UFPOINT@@@std@@@std@@IAE_NI@Z 10014280 f i tlib:performance.obj
 0001:000132e0       ?deallocate@?$_Wrap_alloc@V?$allocator@USEC@@@std@@@std@@QAEXPAUSEC@@I@Z 100142e0 f i tlib:performance.obj
 0001:00013340       ?_Reallocate@?$vector@USEC@@V?$allocator@USEC@@@std@@@std@@IAEXI@Z 10014340 f i tlib:performance.obj
 0001:00013410       ?deallocate@?$_Wrap_alloc@V?$allocator@UFPOINT@@@std@@@std@@QAEXPAUFPOINT@@I@Z 10014410 f i tlib:performance.obj
 0001:00013470       ?allocate@?$_Wrap_alloc@V?$allocator@UFPOINT@@@std@@@std@@QAEPAUFPOINT@@I@Z 10014470 f i tlib:performance.obj
 0001:000134d0       ?_Reallocate@?$vector@UFPOINT@@V?$allocator@UFPOINT@@@std@@@std@@IAEXI@Z 100144d0 f i tlib:performance.obj
 0001:00013580       ??$_Uninitialized_move_al_unchecked1@PAUSEC@@PAU1@V?$allocator@USEC@@@std@@@std@@YAPAUSEC@@PAU1@00AAU?$_Wrap_alloc@V?$allocator@USEC@@@std@@@0@U_General_ptr_iterator_tag@0@U_Any_tag@0@@Z 10014580 f i tlib:performance.obj
 0001:000135c0       ??0Heartrate@@QAE@ABV0@@Z  100145c0 f i tlib:velotron.obj
 0001:000137f0       ??4Heartrate@@QAEAAV0@ABV0@@Z 100147f0 f i tlib:velotron.obj
 0001:00013a30       ?get_calibration@Velotron@@UAEHXZ 10014a30 f i tlib:velotron.obj
 0001:00013a40       ?setTimeout@Velotron@@UAEXK@Z 10014a40 f i tlib:velotron.obj
 0001:00013a50       ?getGrade@Velotron@@UAENXZ 10014a50 f i tlib:velotron.obj
 0001:00013a60       ??0Velotron@@QAE@PBDAAVRIDER_DATA@@PAVCourse@@PAVBike@@W4LoggingType@@@Z 10014a60 f   tlib:velotron.obj
 0001:00013b50       ??_GVelotron@@UAEPAXI@Z    10014b50 f i tlib:velotron.obj
 0001:00013b50       ??_EVelotron@@UAEPAXI@Z    10014b50 f i * CIL library *:* CIL module *
 0001:00013bc0       ?getNextRecord@Velotron@@UAEHXZ 10014bc0 f   tlib:velotron.obj
 0001:00013db0       ?packetsAvailable@Velotron@@EAEHXZ 10014db0 f   tlib:velotron.obj
 0001:00013f90       ?updateHardware@Velotron@@UAEH_N@Z 10014f90 f   tlib:velotron.obj
 0001:00014080       ?startCal@Velotron@@UAEXXZ 10015080 f   tlib:velotron.obj
 0001:00014160       ?start_cal@Velotron@@UAEEXZ 10015160 f   tlib:velotron.obj
 0001:000141e0       ?end_cal@Velotron@@UAEXE@Z 100151e0 f   tlib:velotron.obj
 0001:00014210       ?emergencyStop@Velotron@@UAEXH@Z 10015210 f   tlib:velotron.obj
 0001:00014230       ?gradeUp@Velotron@@UAEXXZ  10015230 f   tlib:velotron.obj
 0001:00014280       ?gradeDown@Velotron@@UAEXXZ 10015280 f   tlib:velotron.obj
 0001:000142d0       ?set_draft_wind@Velotron@@UAEXM@Z 100152d0 f   tlib:velotron.obj
 0001:00014300       ?set_wind@Velotron@@UAEXM@Z 10015300 f   tlib:velotron.obj
 0001:00014340       ?destroy@Velotron@@AAEXXZ  10015340 f   tlib:velotron.obj
 0001:00014460       ?pause@Velotron@@UAEXXZ    10015460 f   tlib:velotron.obj
 0001:00014490       ?resume@Velotron@@UAEXXZ   10015490 f   tlib:velotron.obj
 0001:000144c0       ?reset@Velotron@@UAEXXZ    100154c0 f   tlib:velotron.obj
 0001:000145a0       ?setPicCurrent@Velotron@@AAEXG@Z 100155a0 f   tlib:velotron.obj
 0001:00014610       ?start@Velotron@@UAEXXZ    10015610 f   tlib:velotron.obj
 0001:00014670       ?init@Velotron@@AAEXXZ     10015670 f   tlib:velotron.obj
 0001:00014c30       ?setConstantCurrent@Velotron@@UAEXM@Z 10015c30 f   tlib:velotron.obj
 0001:00014c60       ?setConstantWatts@Velotron@@UAEXM@Z 10015c60 f   tlib:velotron.obj
 0001:00014cb0       ?getConstantWatts@Velotron@@UAEMXZ 10015cb0 f   tlib:velotron.obj
 0001:00014cb0       ?getWatts@Velotron@@UAENXZ 10015cb0 f   tlib:velotron.obj
 0001:00014cc0       ?flush@Velotron@@UAEXXZ    10015cc0 f   tlib:velotron.obj
 0001:00014d20       ?get_accum_keys@Velotron@@UAEHXZ 10015d20 f   tlib:velotron.obj
 0001:00014d50       ?get_gear_pair@Velotron@@UAE?AUGEARPAIR@Bike@@XZ 10015d50 f   tlib:velotron.obj
 0001:00014d70       ?get_gear_indices@Velotron@@UAE?AUGEARPAIR@Bike@@XZ 10015d70 f   tlib:velotron.obj
 0001:00014d90       ?set_grade@Velotron@@UAEXM@Z 10015d90 f   tlib:velotron.obj
 0001:00014dd0       ?setkgs@Velotron@@UAEXM@Z  10015dd0 f   tlib:velotron.obj
 0001:00014e40       ?set_constant_force@Velotron@@UAEHM@Z 10015e40 f   tlib:velotron.obj
 0001:00014e70       ?get_physics_x@Velotron@@UAEPAVPhysics@@XZ 10015e70 f   tlib:velotron.obj
 0001:00014e80       ??4?$deque@NV?$allocator@N@std@@@std@@QAEAAV01@ABV01@@Z 10015e80 f i tlib:velotron.obj
 0001:00015040       ??0?$deque@NV?$allocator@N@std@@@std@@QAE@ABV01@@Z 10016040 f i tlib:velotron.obj
 0001:000150f0       ?erase@?$deque@NV?$allocator@N@std@@@std@@QAE?AV?$_Deque_iterator@V?$_Deque_val@U?$_Deque_simple_types@N@std@@@std@@@2@V?$_Deque_const_iterator@V?$_Deque_val@U?$_Deque_simple_types@N@std@@@std@@@2@0@Z 100160f0 f i tlib:velotron.obj
 0001:000152c0       ??$copy@V?$_Deque_const_iterator@V?$_Deque_val@U?$_Deque_simple_types@N@std@@@std@@@std@@V?$_Deque_iterator@V?$_Deque_val@U?$_Deque_simple_types@N@std@@@std@@@2@@std@@YA?AV?$_Deque_iterator@V?$_Deque_val@U?$_Deque_simple_types@N@std@@@std@@@0@V?$_Deque_const_iterator@V?$_Deque_val@U?$_Deque_simple_types@N@std@@@std@@@0@0V10@@Z 100162c0 f i tlib:velotron.obj
 0001:000152c0       ??$move@V?$_Deque_iterator@V?$_Deque_val@U?$_Deque_simple_types@N@std@@@std@@@std@@V12@@std@@YA?AV?$_Deque_iterator@V?$_Deque_val@U?$_Deque_simple_types@N@std@@@std@@@0@V10@00@Z 100162c0 f i tlib:velotron.obj
 0001:00015360       ??$insert@V?$_Deque_const_iterator@V?$_Deque_val@U?$_Deque_simple_types@N@std@@@std@@@std@@@?$deque@NV?$allocator@N@std@@@std@@QAE?AV?$_Deque_iterator@V?$_Deque_val@U?$_Deque_simple_types@N@std@@@std@@@1@V?$_Deque_const_iterator@V?$_Deque_val@U?$_Deque_simple_types@N@std@@@std@@@1@00@Z 10016360 f i tlib:velotron.obj
 0001:00015590       ??$_Construct@V?$_Deque_const_iterator@V?$_Deque_val@U?$_Deque_simple_types@N@std@@@std@@@std@@@?$deque@NV?$allocator@N@std@@@std@@QAEXV?$_Deque_const_iterator@V?$_Deque_val@U?$_Deque_simple_types@N@std@@@std@@@1@0@Z 10016590 f i tlib:velotron.obj
 0001:000156c0       ??$move_backward@V?$_Deque_iterator@V?$_Deque_val@U?$_Deque_simple_types@N@std@@@std@@@std@@V12@@std@@YA?AV?$_Deque_iterator@V?$_Deque_val@U?$_Deque_simple_types@N@std@@@std@@@0@V10@00@Z 100166c0 f i tlib:velotron.obj
 0001:00015750       ?push_back@?$deque@NV?$allocator@N@std@@@std@@QAEXABN@Z 10016750 f i tlib:velotron.obj
 0001:000157e0       ?push_front@?$deque@NV?$allocator@N@std@@@std@@QAEXABN@Z 100167e0 f i tlib:velotron.obj
 0001:00015870       ??$_Move_no_deprecate@V?$_Deque_iterator@V?$_Deque_val@U?$_Deque_simple_types@N@std@@@std@@@std@@V12@@std@@YA?AV?$_Deque_iterator@V?$_Deque_val@U?$_Deque_simple_types@N@std@@@std@@@0@V10@00@Z 10016870 f i tlib:velotron.obj
 0001:00015870       ??$_Copy_no_deprecate@V?$_Deque_const_iterator@V?$_Deque_val@U?$_Deque_simple_types@N@std@@@std@@@std@@V?$_Deque_iterator@V?$_Deque_val@U?$_Deque_simple_types@N@std@@@std@@@2@@std@@YA?AV?$_Deque_iterator@V?$_Deque_val@U?$_Deque_simple_types@N@std@@@std@@@0@V?$_Deque_const_iterator@V?$_Deque_val@U?$_Deque_simple_types@N@std@@@std@@@0@0V10@@Z 10016870 f i tlib:velotron.obj
 0001:00015900       ??$reverse@V?$_Deque_iterator@V?$_Deque_val@U?$_Deque_simple_types@N@std@@@std@@@std@@@std@@YAXV?$_Deque_iterator@V?$_Deque_val@U?$_Deque_simple_types@N@std@@@std@@@0@0@Z 10016900 f i tlib:velotron.obj
 0001:00015960       ??$rotate@V?$_Deque_iterator@V?$_Deque_val@U?$_Deque_simple_types@N@std@@@std@@@std@@@std@@YA?AV?$_Deque_iterator@V?$_Deque_val@U?$_Deque_simple_types@N@std@@@std@@@0@V10@00@Z 10016960 f i tlib:velotron.obj
 0001:00015a30       ??$_Move_backward1@V?$_Deque_unchecked_iterator@V?$_Deque_val@U?$_Deque_simple_types@N@std@@@std@@@std@@V?$_Deque_iterator@V?$_Deque_val@U?$_Deque_simple_types@N@std@@@std@@@2@@std@@YA?AV?$_Deque_iterator@V?$_Deque_val@U?$_Deque_simple_types@N@std@@@std@@@0@V?$_Deque_unchecked_iterator@V?$_Deque_val@U?$_Deque_simple_types@N@std@@@std@@@0@0V10@Urandom_access_iterator_tag@0@2@Z 10016a30 f i tlib:velotron.obj
 0001:00015ab0       ??$_Move_no_deprecate1@V?$_Deque_unchecked_iterator@V?$_Deque_val@U?$_Deque_simple_types@N@std@@@std@@@std@@V?$_Deque_iterator@V?$_Deque_val@U?$_Deque_simple_types@N@std@@@std@@@2@@std@@YA?AV?$_Deque_iterator@V?$_Deque_val@U?$_Deque_simple_types@N@std@@@std@@@0@V?$_Deque_unchecked_iterator@V?$_Deque_val@U?$_Deque_simple_types@N@std@@@std@@@0@0V10@Urandom_access_iterator_tag@0@2@Z 10016ab0 f i tlib:velotron.obj
 0001:00015ab0       ??$_Copy_no_deprecate1@V?$_Deque_unchecked_const_iterator@V?$_Deque_val@U?$_Deque_simple_types@N@std@@@std@@@std@@V?$_Deque_iterator@V?$_Deque_val@U?$_Deque_simple_types@N@std@@@std@@@2@@std@@YA?AV?$_Deque_iterator@V?$_Deque_val@U?$_Deque_simple_types@N@std@@@std@@@0@V?$_Deque_unchecked_const_iterator@V?$_Deque_val@U?$_Deque_simple_types@N@std@@@std@@@0@0V10@Urandom_access_iterator_tag@0@2@Z 10016ab0 f i tlib:velotron.obj
 0001:00015b30       ??$_Reverse_unchecked@V?$_Deque_unchecked_iterator@V?$_Deque_val@U?$_Deque_simple_types@N@std@@@std@@@std@@@std@@YAXV?$_Deque_unchecked_iterator@V?$_Deque_val@U?$_Deque_simple_types@N@std@@@std@@@0@0@Z 10016b30 f i tlib:velotron.obj
 0001:00015bb0       ??$_Rotate_unchecked1@V?$_Deque_unchecked_iterator@V?$_Deque_val@U?$_Deque_simple_types@N@std@@@std@@@std@@@std@@YA?AV?$_Deque_unchecked_iterator@V?$_Deque_val@U?$_Deque_simple_types@N@std@@@std@@@0@V10@00Urandom_access_iterator_tag@0@@Z 10016bb0 f i tlib:velotron.obj
 0001:00015c20       ??$_Move_backward_unchecked1@V?$_Deque_unchecked_iterator@V?$_Deque_val@U?$_Deque_simple_types@N@std@@@std@@@std@@V12@@std@@YA?AV?$_Deque_unchecked_iterator@V?$_Deque_val@U?$_Deque_simple_types@N@std@@@std@@@0@V10@00U_General_ptr_iterator_tag@0@@Z 10016c20 f i tlib:velotron.obj
 0001:00015c90       ??$_Move_unchecked1@V?$_Deque_unchecked_iterator@V?$_Deque_val@U?$_Deque_simple_types@N@std@@@std@@@std@@V12@@std@@YA?AV?$_Deque_unchecked_iterator@V?$_Deque_val@U?$_Deque_simple_types@N@std@@@std@@@0@V10@00U_General_ptr_iterator_tag@0@@Z 10016c90 f i tlib:velotron.obj
 0001:00015c90       ??$_Copy_unchecked1@V?$_Deque_unchecked_const_iterator@V?$_Deque_val@U?$_Deque_simple_types@N@std@@@std@@@std@@V?$_Deque_unchecked_iterator@V?$_Deque_val@U?$_Deque_simple_types@N@std@@@std@@@2@@std@@YA?AV?$_Deque_unchecked_iterator@V?$_Deque_val@U?$_Deque_simple_types@N@std@@@std@@@0@V?$_Deque_unchecked_const_iterator@V?$_Deque_val@U?$_Deque_simple_types@N@std@@@std@@@0@0V10@U_General_ptr_iterator_tag@0@@Z 10016c90 f i tlib:velotron.obj
 0001:00015d00       ??0NVRAM@@QAE@PAD@Z        10016d00 f   tlib:nvram.obj
 0001:00015d50       ??_GNVRAM@@UAEPAXI@Z       10016d50 f i tlib:nvram.obj
 0001:00015d50       ??_ENVRAM@@UAEPAXI@Z       10016d50 f i * CIL library *:* CIL module *
 0001:00015da0       ??0NVRAM@@QAE@PAVSerial@@@Z 10016da0 f   tlib:nvram.obj
 0001:00015de0       ?read@NVRAM@@QAEHXZ        10016de0 f   tlib:nvram.obj
 0001:00015f10       ?connect@NVRAM@@QAEXXZ     10016f10 f   tlib:nvram.obj
 0001:00015f90       ??0Client@@QAE@PBDHH@Z     10016f90 f   tlib:client.obj
 0001:00016080       ??1Client@@QAE@XZ          10017080 f   tlib:client.obj
 0001:000161d0       ?init@Client@@AAEHXZ       100171d0 f   tlib:client.obj
 0001:000167f0       ?destroy@Client@@AAEXXZ    100177f0 f   tlib:client.obj
 0001:00016850       ?close@Client@@AAEHXZ      10017850 f   tlib:client.obj
 0001:00016ab0       ?snd@Client@@QAEHPBDH@Z    10017ab0 f   tlib:client.obj
 0001:00016b00       ?expect@Client@@QAEHPBDK@Z 10017b00 f   tlib:client.obj
 0001:00016ff0       ?rx@Client@@QAEHPADH@Z     10017ff0 f   tlib:client.obj
 0001:000170a0       ?logg@Client@@AAAX_NPBDZZ  100180a0 f   tlib:client.obj
 0001:000171b0       ??1?$vector@U_INTERFACE_INFO@@V?$allocator@U_INTERFACE_INFO@@@std@@@std@@QAE@XZ 100181b0 f i tlib:client.obj
 0001:000171f0       ?deallocate@?$_Wrap_alloc@V?$allocator@U_INTERFACE_INFO@@@std@@@std@@QAEXPAU_INTERFACE_INFO@@I@Z 100181f0 f i tlib:client.obj
 0001:00017250       ??0Course@@QAE@PBD@Z       10018250 f   tlib:course.obj
 0001:00017300       ??_ECourse@@UAEPAXI@Z      10018300 f i * CIL library *:* CIL module *
 0001:00017300       ??_GCourse@@UAEPAXI@Z      10018300 f i tlib:course.obj
 0001:00017330       ??0Course@@QAE@V?$vector@UFPOINT@@V?$allocator@UFPOINT@@@std@@@std@@PBD@Z 10018330 f   tlib:course.obj
 0001:000176d0       ??1Course@@UAE@XZ          100186d0 f   tlib:course.obj
 0001:000177a0       ?init@Course@@AAEXXZ       100187a0 f   tlib:course.obj
 0001:00017840       ?compute_grades@Course@@AAEXXZ 10018840 f   tlib:course.obj
 0001:000179a0       ??4?$vector@UFPOINT@@V?$allocator@UFPOINT@@@std@@@std@@QAEAAV01@ABV01@@Z 100189a0 f i tlib:course.obj
 0001:00017ac0       ??1?$vector@MV?$allocator@M@std@@@std@@QAE@XZ 10018ac0 f i tlib:course.obj
 0001:00017af0       ??0RTD@@QAE@PBDHAAVRIDER_DATA@@PAVCourse@@PAVBike@@_NW4LoggingType@@0H@Z 10018af0 f   tlib:rtd.obj
 0001:00018a00       ??_ERTD@@UAEPAXI@Z         10019a00 f i * CIL library *:* CIL module *
 0001:00018a00       ??_GRTD@@UAEPAXI@Z         10019a00 f i tlib:rtd.obj
 0001:00018a30       ??0RTD@@QAE@PAVSerial@@AAVRIDER_DATA@@PAVCourse@@_NPAVBike@@W4LoggingType@@@Z 10019a30 f   tlib:rtd.obj
 0001:00018f40       ??1RTD@@UAE@XZ             10019f40 f   tlib:rtd.obj
 0001:00019080       ?destruct@RTD@@IAEXXZ      1001a080 f   tlib:rtd.obj
 0001:00019140       ?reset@RTD@@MAEXXZ         1001a140 f   tlib:rtd.obj
 0001:000191b0       ?setShutDownDelay@RTD@@UAEXK@Z 1001a1b0 f   tlib:rtd.obj
 0001:000191d0       ?create_perf_file@RTD@@AAEXXZ 1001a1d0 f   tlib:rtd.obj
 0001:00019310       ?get_perf_file_name@RTD@@UAEPBDXZ 1001a310 f   tlib:rtd.obj
 0001:00019320       ??1?$vector@UGEARINFO@@V?$allocator@UGEARINFO@@@std@@@std@@QAE@XZ 1001a320 f i tlib:rtd.obj
 0001:00019350       ??0computrainerDecoder@@QAE@PAVCourse@@AAVRIDER_DATA@@H@Z 1001a350 f   tlib:computrainer_decoder.obj
 0001:00019470       ??_EcomputrainerDecoder@@UAEPAXI@Z 1001a470 f i * CIL library *:* CIL module *
 0001:00019470       ??_GcomputrainerDecoder@@UAEPAXI@Z 1001a470 f i tlib:computrainer_decoder.obj
 0001:000194a0       ??1computrainerDecoder@@UAE@XZ 1001a4a0 f   tlib:computrainer_decoder.obj
 0001:00019620       ?decode@computrainerDecoder@@UAEHPAEK@Z 1001a620 f   tlib:computrainer_decoder.obj
 0001:00019f10       ?reset@computrainerDecoder@@UAEXXZ 1001af10 f   tlib:computrainer_decoder.obj
 0001:0001a000       ?peaks_and_averages@computrainerDecoder@@EAEXXZ 1001b000 f   tlib:computrainer_decoder.obj
 0001:0001a0d0       ?gradeUp@computrainerDecoder@@UAEXXZ 1001b0d0 f   tlib:computrainer_decoder.obj
 0001:0001a100       ?gradeDown@computrainerDecoder@@UAEXXZ 1001b100 f   tlib:computrainer_decoder.obj
 0001:0001a130       ?integrate@computrainerDecoder@@UAEXXZ 1001b130 f   tlib:computrainer_decoder.obj
 0001:0001a250       ?runkeys@computrainerDecoder@@AAEXXZ 1001b250 f   tlib:computrainer_decoder.obj
 0001:0001a3d0       ?set_watts_factor@computrainerDecoder@@UAEXM@Z 1001b3d0 f   tlib:computrainer_decoder.obj
 0001:0001a400       ??0simDecoder@@QAE@PAVCourse@@AAVRIDER_DATA@@@Z 1001b400 f   tlib:simdecoder.obj
 0001:0001a6f0       ??_GsimDecoder@@UAEPAXI@Z  1001b6f0 f i tlib:simdecoder.obj
 0001:0001a6f0       ??_EsimDecoder@@UAEPAXI@Z  1001b6f0 f i * CIL library *:* CIL module *
 0001:0001a720       ??1simDecoder@@UAE@XZ      1001b720 f   tlib:simdecoder.obj
 0001:0001a7d0       ?decode@simDecoder@@UAEHPAEK@Z 1001b7d0 f   tlib:simdecoder.obj
 0001:0001ac70       ?integrate@simDecoder@@EAEXXZ 1001bc70 f   tlib:simdecoder.obj
 0001:0001aed0       ?reset@simDecoder@@UAEXXZ  1001bed0 f   tlib:simdecoder.obj
 0001:0001af60       ?set_manual_mph@simDecoder@@UAEXM@Z 1001bf60 f   tlib:simdecoder.obj
 0001:0001af80       ??0performanceDecoder@@QAE@PAVCourse@@AAVRIDER_DATA@@@Z 1001bf80 f   tlib:performance_decoder.obj
 0001:0001b240       ??_GperformanceDecoder@@UAEPAXI@Z 1001c240 f i tlib:performance_decoder.obj
 0001:0001b240       ??_EperformanceDecoder@@UAEPAXI@Z 1001c240 f i * CIL library *:* CIL module *
 0001:0001b270       ??1performanceDecoder@@UAE@XZ 1001c270 f   tlib:performance_decoder.obj
 0001:0001b320       ?decode@performanceDecoder@@UAEHPAEK@Z 1001c320 f   tlib:performance_decoder.obj
 0001:0001b7c0       ?integrate@performanceDecoder@@EAEXXZ 1001c7c0 f   tlib:performance_decoder.obj
 0001:0001ba20       ?reset@performanceDecoder@@UAEXXZ 1001ca20 f   tlib:performance_decoder.obj
 0001:0001bab0       ?setDistance@velotronDecoder@@UAEXM@Z 1001cab0 f i tlib:velotron_decoder.obj
 0001:0001bb30       ?get_measured_ergo_watts@velotronDecoder@@UAENXZ 1001cb30 f i tlib:velotron_decoder.obj
 0001:0001bb40       ?get_physics_pause@velotronDecoder@@UAE_NXZ 1001cb40 f i tlib:velotron_decoder.obj
 0001:0001bb50       ?set_physics_pause@velotronDecoder@@UAEX_N@Z 1001cb50 f i tlib:velotron_decoder.obj
 0001:0001bb90       ??0velotronDecoder@@QAE@PAVCourse@@AAVRIDER_DATA@@PAVBike@@PAVPhysics@@H@Z 1001cb90 f   tlib:velotron_decoder.obj
 0001:0001c140       ??_GvelotronDecoder@@UAEPAXI@Z 1001d140 f i tlib:velotron_decoder.obj
 0001:0001c140       ??_EvelotronDecoder@@UAEPAXI@Z 1001d140 f i * CIL library *:* CIL module *
 0001:0001c170       ??1velotronDecoder@@UAE@XZ 1001d170 f   tlib:velotron_decoder.obj
 0001:0001c280       ?decode@velotronDecoder@@UAEHPAEK@Z 1001d280 f   tlib:velotron_decoder.obj
 0001:0001cee0       ?runkeys@velotronDecoder@@AAEXXZ 1001dee0 f   tlib:velotron_decoder.obj
 0001:0001d060       ?set_grade@velotronDecoder@@UAEXM@Z 1001e060 f   tlib:velotron_decoder.obj
 0001:0001d080       ?set_watts_factor@velotronDecoder@@UAEXM@Z 1001e080 f   tlib:velotron_decoder.obj
 0001:0001d100       ?set_weight_lbs@velotronDecoder@@UAEXN@Z 1001e100 f   tlib:velotron_decoder.obj
 0001:0001d140       ?get_gear_pair@velotronDecoder@@UAE?AUGEARPAIR@Bike@@XZ 1001e140 f   tlib:velotron_decoder.obj
 0001:0001d180       ?get_gear_indices@velotronDecoder@@UAE?AUGEARPAIR@Bike@@XZ 1001e180 f   tlib:velotron_decoder.obj
[...]
 0002:0001429f       $N00264                    1006b29f     racermate.exp
 0002:000142d0       $N00265                    1006b2d0     racermate.exp
 0002:000142f3       $N00266                    1006b2f3     racermate.exp
 0002:00014314       $N00267                    1006b314     racermate.exp
 0002:0001432f       $N00268                    1006b32f     racermate.exp
 0002:0001434a       $N00269                    1006b34a     racermate.exp
 0002:00014366       $N00270                    1006b366     racermate.exp
 0002:00014392       $N00271                    1006b392     racermate.exp
 0002:000143be       $N00272                    1006b3be     racermate.exp
 0002:000143d9       $N00273                    1006b3d9     racermate.exp
 0002:000143f4       $N00274                    1006b3f4     racermate.exp
 0002:00014420       $N00275                    1006b420     racermate.exp
 0002:0001445c       $N00276                    1006b45c     racermate.exp
 0002:00014496       $N00277                    1006b496     racermate.exp
 0002:000144af       $N00278                    1006b4af     racermate.exp
 0002:000144dc       $N00279                    1006b4dc     racermate.exp
 0002:00014503       $N00280                    1006b503     racermate.exp
 0002:00014535       $N00281                    1006b535     racermate.exp
 0002:00014569       $N00282                    1006b569     racermate.exp
 0002:00014585       $N00283                    1006b585     racermate.exp
 0002:0001459d       $N00284                    1006b59d     racermate.exp
 0002:000145c6       $N00285                    1006b5c6     racermate.exp
 0002:000145f1       $N00286                    1006b5f1     racermate.exp
 0002:0001461e       $N00287                    1006b61e     racermate.exp
 0002:0001464d       $N00288                    1006b64d     racermate.exp
 0002:00014675       $N00289                    1006b675     racermate.exp
 0002:0001469b       $N00290                    1006b69b     racermate.exp
 0002:000146b8       $N00291                    1006b6b8     racermate.exp
 0002:000146da       $N00292                    1006b6da     racermate.exp
 0002:000146f3       $N00293                    1006b6f3     racermate.exp
 0002:00014710       $N00294                    1006b710     racermate.exp
 0002:0001472c       $N00295                    1006b72c     racermate.exp
 0002:00014747       $N00296                    1006b747     racermate.exp
 0002:00014764       $N00297                    1006b764     racermate.exp
 0002:00014780       $N00298                    1006b780     racermate.exp
 0002:0001479b       $N00299                    1006b79b     racermate.exp
 0002:000147b5       $N00300                    1006b7b5     racermate.exp
 0002:000147dc       $N00301                    1006b7dc     racermate.exp
 0002:000147fa       $N00302                    1006b7fa     racermate.exp
 0002:0001481b       $N00303                    1006b81b     racermate.exp
 0002:00014835       $N00304                    1006b835     racermate.exp
 0002:00014840       $N00305                    1006b840     racermate.exp
 0002:00014855       $N00306                    1006b855     racermate.exp
 0002:00014863       $N00307                    1006b863     racermate.exp
 0002:00014872       $N00308                    1006b872     racermate.exp
 0002:00014883       $N00309                    1006b883     racermate.exp
 0002:00014896       $N00310                    1006b896     racermate.exp
 0002:000148aa       $N00311                    1006b8aa     racermate.exp
 0002:000148ba       $N00312                    1006b8ba     racermate.exp
 0002:000148cf       $N00313                    1006b8cf     racermate.exp
 0002:000148de       $N00314                    1006b8de     racermate.exp
 0002:000148ed       $N00315                    1006b8ed     racermate.exp
 0002:000148fb       $N00316                    1006b8fb     racermate.exp
 0002:00014907       $N00317                    1006b907     racermate.exp
 0002:00014916       $N00318                    1006b916     racermate.exp
 0002:00014926       $N00319                    1006b926     racermate.exp
 0002:0001493b       $N00320                    1006b93b     racermate.exp
 0002:00014944       $N00321                    1006b944     racermate.exp
 0002:0001495a       $N00322                    1006b95a     racermate.exp
 0002:00014969       $N00323                    1006b969     racermate.exp
 0002:00014973       $N00324                    1006b973     racermate.exp
 0002:0001497b       $N00325                    1006b97b     racermate.exp
 0002:00014988       $N00326                    1006b988     racermate.exp
 0002:00014993       $N00327                    1006b993     racermate.exp
 0002:000149a3       $N00328                    1006b9a3     racermate.exp
 0002:000149ba       $N00329                    1006b9ba     racermate.exp
 0002:000149cb       $N00330                    1006b9cb     racermate.exp
 0002:000149d4       $N00331                    1006b9d4     racermate.exp
 0002:000149e3       $N00332                    1006b9e3     racermate.exp
 0002:000149f0       $N00333                    1006b9f0     racermate.exp
 0002:00014a06       $N00334                    1006ba06     racermate.exp
 0002:00014a16       $N00335                    1006ba16     racermate.exp
 0002:00014a21       $N00336                    1006ba21     racermate.exp
 0002:00014a28       $N00337                    1006ba28     racermate.exp
 0002:00014a36       $N00338                    1006ba36     racermate.exp
 0002:00014a48       $N00339                    1006ba48     racermate.exp
 0002:00014a4f       $N00340                    1006ba4f     racermate.exp
 0002:00014a56       $N00341                    1006ba56     racermate.exp
 0002:00014a66       $N00342                    1006ba66     racermate.exp
 0002:00014a72       $N00343                    1006ba72     racermate.exp
 0002:00014a82       $N00344                    1006ba82     racermate.exp
 0002:00014a93       $N00345                    1006ba93     racermate.exp
 0002:00014a9b       $N00346                    1006ba9b     racermate.exp
 0002:00014aac       $N00347                    1006baac     racermate.exp
 0002:00014ab7       $N00348                    1006bab7     racermate.exp
 0002:00014ac7       $N00349                    1006bac7     racermate.exp
 0002:00014ad6       $N00350                    1006bad6     racermate.exp
 0002:00014ae3       $N00351                    1006bae3     racermate.exp
 0002:00014aeb       $N00352                    1006baeb     racermate.exp
 0002:00014af4       $N00353                    1006baf4     racermate.exp
 0002:00014b02       $N00354                    1006bb02     racermate.exp
 0002:00014b0a       $N00355                    1006bb0a     racermate.exp
 0002:00014b13       $N00356                    1006bb13     racermate.exp
 0002:00014b20       $N00357                    1006bb20     racermate.exp
 0002:00014b2a       $N00358                    1006bb2a     racermate.exp
 0002:00014b37       $N00359                    1006bb37     racermate.exp
 0002:00014b45       $N00360                    1006bb45     racermate.exp
 0002:00014b51       $N00361                    1006bb51     racermate.exp
 0002:00014b5a       $N00362                    1006bb5a     racermate.exp
 0002:00014b66       $N00363                    1006bb66     racermate.exp
 0002:000153a6       .idata$6                   1006c3a6     winmm:WINMM.dll
 0002:00015418       .idata$6                   1006c418     qt5core:Qt5Core.dll
 0002:00015474       .idata$6                   1006c474     kernel32:KERNEL32.dll
 0002:000154b0       .idata$6                   1006c4b0     advapi32:ADVAPI32.dll
 0002:000154e6       .idata$6                   1006c4e6     shell32:SHELL32.dll
 0002:0001554c       .idata$6                   1006c54c     msvcprt:MSVCP140.dll
 0002:0001562c       .idata$6                   1006c62c     vcruntime:VCRUNTIME140.dll
 0002:000158f6       .idata$6                   1006c8f6     ucrt:api-ms-win-crt-runtime-l1-1-0.dll
 0002:00015918       .idata$6                   1006c918     ucrt:api-ms-win-crt-convert-l1-1-0.dll
 0002:0001593a       .idata$6                   1006c93a     ucrt:api-ms-win-crt-stdio-l1-1-0.dll
 0002:0001595a       .idata$6                   1006c95a     ucrt:api-ms-win-crt-string-l1-1-0.dll
 0002:0001597c       .idata$6                   1006c97c     ucrt:api-ms-win-crt-math-l1-1-0.dll
 0002:0001599c       .idata$6                   1006c99c     ucrt:api-ms-win-crt-utility-l1-1-0.dll
 0002:000159be       .idata$6                   1006c9be     ucrt:api-ms-win-crt-time-l1-1-0.dll
 0002:000159de       .idata$6                   1006c9de     ucrt:api-ms-win-crt-heap-l1-1-0.dll
 0002:000159fe       .idata$6                   1006c9fe     ucrt:api-ms-win-crt-filesystem-l1-1-0.dll
 0002:00015a3c       .idata$6                   1006ca3c     comctl32:COMCTL32.dll
 0002:00015a6c       .idata$6                   1006ca6c     ws2_32:WS2_32.dll
 0002:00017c04       .idata$6                   1006ec04     qt5network:Qt5Network.dll
 0002:000181b2       .idata$6                   1006f1b2     user32:USER32.dll
 0002:000181ce       .idata$6                   1006f1ce     ole32:ole32.dll
 0002:00018268       .idata$6                   1006f268     ucrt:api-ms-win-crt-environment-l1-1-0.dll
 0003:0000022a       ?first@?1??dump_channels@ANTDEV@@QAEXPBD@Z@4_NA 1007022a     rmant:antdev.obj
 0003:00000278       ?first@?O@??process_events@Serial@@AAEXK@Z@4HA 10070278     glib:serial.obj
 0003:0000027c       ?first@?1??adjustCurrent@Physics@@AAEXXZ@4_NA 1007027c     tlib:physics.obj
 0003:00000294       ?first_init@?1??libusb_init@@9@9 10070294     libusb-1.0:core.obj
 0003:00000298       _windows_version_str       10070298     libusb-1.0:windows_winusb.obj
 0003:00000318       _hid_driver_names          10070318     libusb-1.0:windows_winusb.obj
 0003:00000328       _winusbx_driver_names      10070328     libusb-1.0:windows_winusb.obj
 0003:00000334       _composite_driver_names    10070334     libusb-1.0:windows_winusb.obj
 0003:00000338       _hub_driver_names          10070338     libusb-1.0:windows_winusb.obj
 0003:00000374       _concurrent_usage          10070374     libusb-1.0:windows_winusb.obj
 0003:00000378       ?first@?1??run_constant_force@Physics@@AAEXXZ@4_NA 10070378     tlib:physics.obj
 0003:00000379       ?firstslope@?1??adjustCurrent@Physics@@AAEXXZ@4_NA 10070379     tlib:physics.obj
 0003:0000037c       ?lastPicCurrentCount@?1??setPicCurrent@Velotron@@AAEXG@Z@4GA 1007037c     tlib:velotron.obj
 0003:000008e0       ?called@?1??racermate_close@@9@4_NA 100708e0     dll.obj
 0003:000008e8       ?comports@?1??get_rs232_ports@@9@4PADA 100708e8     dll.obj
 0003:00000a68       ?portnames@?1??getPortNames@@9@4PADA 10070a68     dll.obj
 0003:00001904       ?verstr@?1??get_computrainer_firmware@@YAPBDPBD@Z@4PADA 10071904     internal.obj
 0003:00001924       ?calstr@?1??get_computrainer_cal@@YAPBDPBD@Z@4PADA 10071924     internal.obj
 0003:00001944       ?verstr@?1??get_velotron_firmware@@YAPBDPBD@Z@4PADA 10071944     internal.obj
 0003:00001964       ?calstr@?1??get_velotron_cal@@YAPBDPBD@Z@4PADA 10071964     internal.obj
 0003:000019a8       ?calls@?1??processPendingDatagrams@ctsrvWorker@RACERMATE@@AAEXXZ@4HA 100719a8     ctsrv:ctsrvworker.obj
 0003:000019c8       ?first_time@?1??dump_channels@ANTDEV@@QAEXPBD@Z@4_JA 100719c8     rmant:antdev.obj
 0003:000019d8       ?module_local_atexit_table@@3U_onexit_table_t@@A 100719d8     MSVCRT:utility.obj
 0003:000019e4       ?module_local_at_quick_exit_table@@3U_onexit_table_t@@A 100719e4     MSVCRT:utility.obj
 0003:000019f0       ?is_initialized_as_dll@@3_NA 100719f0     MSVCRT:utility.obj
 0003:000019f4       ?__proc_attached@@3HA      100719f4     MSVCRT:dll_dllmain.obj
 0003:000019f8       _GS_ExceptionRecord        100719f8     MSVCRT:gs_report.obj
 0003:00001a48       _GS_ContextRecord          10071a48     MSVCRT:gs_report.obj
 0003:00001d70       _default_context_lock      10071d70     libusb-1.0:core.obj
 0003:00001d74       _timestamp_origin          10071d74     libusb-1.0:core.obj
 0003:00001d7c       ?has_debug_header_been_displayed@?1??usbi_log_v@@9@9 10071d7c     libusb-1.0:core.obj
 0003:00001d84       _default_context_refcnt    10071d84     libusb-1.0:core.obj
 0003:00001d8d       _api_hid_available         10071d8d     libusb-1.0:windows_winusb.obj
 0003:00001d90       _pCancelIoEx               10071d90     libusb-1.0:poll_windows.obj
 0003:00001d94       _compat_spinlock           10071d94     libusb-1.0:poll_windows.obj
 0003:00001d98       _CM_Get_Parent             10071d98     libusb-1.0:windows_winusb.obj
 0003:00001d9c       ___dll_OLE32_handle        10071d9c     libusb-1.0:windows_winusb.obj
 0003:00001da0       ___dll_Kernel32_handle     10071da0     libusb-1.0:windows_winusb.obj
 0003:00001da4       _pSetupDiDestroyDeviceInfoList 10071da4     libusb-1.0:windows_winusb.obj
 0003:00001da8       _CM_Get_Child              10071da8     libusb-1.0:windows_winusb.obj
 0003:00001dac       _HidD_GetProductString     10071dac     libusb-1.0:windows_winusb.obj
 0003:00001db0       _pSetupDiEnumDeviceInterfaces 10071db0     libusb-1.0:windows_winusb.obj
 0003:00001db4       _WinUSBX_handle            10071db4     libusb-1.0:windows_winusb.obj
 0003:00001db8       ___dll_hid_handle          10071db8     libusb-1.0:windows_winusb.obj
 0003:00001dbc       ___dll_AdvAPI32_handle     10071dbc     libusb-1.0:windows_winusb.obj
 0003:00001dc0       _CM_Get_Sibling            10071dc0     libusb-1.0:windows_winusb.obj
 0003:00001dc4       ___dll_Cfgmgr32_handle     10071dc4     libusb-1.0:windows_winusb.obj
 0003:00001dc8       _HidD_GetAttributes        10071dc8     libusb-1.0:windows_winusb.obj
 0003:00001dcc       _pRegQueryValueExW         10071dcc     libusb-1.0:windows_winusb.obj
 0003:00001dd0       _pIsWow64Process           10071dd0     libusb-1.0:windows_winusb.obj
 0003:00001dd4       _HidD_GetManufacturerString 10071dd4     libusb-1.0:windows_winusb.obj
 0003:00001dd8       _pSetupDiGetClassDevsA     10071dd8     libusb-1.0:windows_winusb.obj
 0003:00001ddc       _HidD_FlushQueue           10071ddc     libusb-1.0:windows_winusb.obj
 0003:00001de0       _pSetupDiOpenDevRegKey     10071de0     libusb-1.0:windows_winusb.obj
 0003:00001de4       _pSetupDiGetDeviceRegistryPropertyA 10071de4     libusb-1.0:windows_winusb.obj
 0003:00001de8       _HidD_SetOutputReport      10071de8     libusb-1.0:windows_winusb.obj
 0003:00001dec       _pSetupDiEnumDeviceInfo    10071dec     libusb-1.0:windows_winusb.obj
 0003:00001df0       _HidP_GetCaps              10071df0     libusb-1.0:windows_winusb.obj
 0003:00001df4       _HidD_FreePreparsedData    10071df4     libusb-1.0:windows_winusb.obj
 0003:00001df8       _HidD_GetPreparsedData     10071df8     libusb-1.0:windows_winusb.obj
 0003:00001dfc       _HidD_SetFeature           10071dfc     libusb-1.0:windows_winusb.obj
 0003:00001e00       _pRegCloseKey              10071e00     libusb-1.0:windows_winusb.obj
 0003:00001e04       _pSetupDiGetDeviceInterfaceDetailA 10071e04     libusb-1.0:windows_winusb.obj
 0003:00001e08       _HidD_GetPhysicalDescriptor 10071e08     libusb-1.0:windows_winusb.obj
 0003:00001e0c       _HidP_GetValueCaps         10071e0c     libusb-1.0:windows_winusb.obj
 0003:00001e10       _HidD_GetFeature           10071e10     libusb-1.0:windows_winusb.obj
 0003:00001e14       _pCLSIDFromString          10071e14     libusb-1.0:windows_winusb.obj
 0003:00001e18       _pSetupDiOpenDeviceInterfaceRegKey 10071e18     libusb-1.0:windows_winusb.obj
 0003:00001e1c       _HidD_SetNumInputBuffers   10071e1c     libusb-1.0:windows_winusb.obj
 0003:00001e20       _HidD_GetHidGuid           10071e20     libusb-1.0:windows_winusb.obj
 0003:00001e24       _CM_Get_Device_IDA         10071e24     libusb-1.0:windows_winusb.obj
 0003:00001e28       _HidD_GetSerialNumberString 10071e28     libusb-1.0:windows_winusb.obj
 0003:00001e2c       _HidD_GetInputReport       10071e2c     libusb-1.0:windows_winusb.obj
 0003:00001e30       ___dll_SetupAPI_handle     10071e30     libusb-1.0:windows_winusb.obj
 0003:00001e34       _pPeekMessageA             10071e34     libusb-1.0:windows_nt_common.obj
 0003:00001e38       _pGetMessageA              10071e38     libusb-1.0:windows_nt_common.obj
 0003:00001e3c       _htab_table                10071e3c     libusb-1.0:windows_nt_common.obj
 0003:00001e40       _timer_thread              10071e40     libusb-1.0:windows_nt_common.obj
 0003:00001e44       ___dll_User32_handle       10071e44     libusb-1.0:windows_nt_common.obj
 0003:00001e48       _pPostThreadMessageA       10071e48     libusb-1.0:windows_nt_common.obj
 0003:00001e4c       _timer_thread_id           10071e4c     libusb-1.0:windows_nt_common.obj
 0003:00001e50       _htab_write_mutex          10071e50     libusb-1.0:windows_nt_common.obj
 0003:00001e60       _WinUSBX                   10071e60     libusb-1.0:windows_winusb.obj
 0003:00001f68       _autoclaim_lock            10071f68     libusb-1.0:windows_winusb.obj
 0003:00001f6c       ?guid_string@?1??guid_to_string@@9@9 10071f6c     libusb-1.0:windows_winusb.obj
 0003:00001f94       _htab_size                 10071f94     libusb-1.0:windows_nt_common.obj
 0003:00001f98       _htab_filled               10071f98     libusb-1.0:windows_nt_common.obj
 0003:00001fa0       ?err_string@?1??windows_error_str@@9@9 10071fa0     libusb-1.0:windows_nt_common.obj
 0003:000020a0       _hires_ticks_to_ps         100720a0     libusb-1.0:windows_nt_common.obj
 0003:000020a8       _hires_frequency           100720a8     libusb-1.0:windows_nt_common.obj
 0003:000020b8       ?lastislope@?1??adjustCurrent@Physics@@AAEXXZ@4HA 100720b8     tlib:physics.obj
 0003:000020c0       ?t@?1??run_constant_force@Physics@@AAEXXZ@4NA 100720c0     tlib:physics.obj
 0003:000020c8       ?lastomega@?1??run_constant_force@Physics@@AAEXXZ@4NA 100720c8     tlib:physics.obj
 0003:000020d0       ?lastCurrentCountToPic@?1??adjustCurrent@Physics@@AAEXXZ@4GA 100720d0     tlib:physics.obj
 0003:000020d4       ?count@?1??filter@SS@@AAEXXZ@4HA 100720d4     tlib:ss.obj
 0003:000020d8       ?toggle@?1??insert@Heartrate@@AAEXXZ@4HA 100720d8     tlib:heartrate.obj
 0004:00000000       __guard_fids__             10076000     MSVCRT:std_type_info_static.obj
 0004:00000004       __guard_fids_?dllmain_crt_process_attach@@YAHQAUHINSTANCE__@@QAX@Z 10076004     MSVCRT:dll_dllmain.obj
 0004:0000000c       __guard_fids_?dllmain_dispatch@@YAHQAUHINSTANCE__@@KQAX@Z 1007600c     MSVCRT:dll_dllmain.obj
 0004:00000010       __guard_fids___except_handler4 10076010     MSVCRT:_chandler4gs_.obj
 0004:00000014       __guard_fids__             10076014     MSVCRT:throw_bad_alloc.obj
 0004:0000001c       __guard_fids__             1007601c     MSVCRT:throw_bad_alloc.obj
 0004:00000024       __guard_fids__             10076024     MSVCRT:throw_bad_alloc.obj
 0004:0000002c       __guard_fids__             1007602c     MSVCRT:throw_bad_alloc.obj
 0004:00000030       __guard_fids__             10076030     MSVCRT:throw_bad_alloc.obj
 0004:00000034       __guard_fids__             10076034     MSVCRT:throw_bad_alloc.obj
 0004:00000038       __guard_fids__             10076038     MSVCRT:throw_bad_alloc.obj
 0004:0000003c       __guard_fids__             1007603c     MSVCRT:throw_bad_alloc.obj
 0004:00000040       __guard_fids__             10076040     MSVCRT:guard_support.obj
 0005:00000060       $R000000                   10077060     * linker generated manifest res *
